make[1]: Entering directory '/workspace/ubuntussh/HVKernel-Viva/out'
  GEN     ./Makefile
scripts/kconfig/conf  --silentoldconfig Kconfig
  CHK     include/config/kernel.release
  GEN     ./Makefile
  CHK     include/generated/uapi/linux/version.h
  CHK     include/generated/utsrelease.h
-- KernelSU version: 11872
-- KernelSU Manager signature size: 0x033b
-- KernelSU Manager signature hash: c371061b19d8c7d7d6133c6a9bafe198fa944e50c1b31c9d8daa8d7f1fc2d2d6
-- Did you know you can backport path_umount to fs/namespace.c from 5.9?
-- Read: https://kernelsu.org/guide/how-to-integrate-for-non-gki.html#how-to-backport-path-umount
  Using .. as source for kernel
  CC      scripts/mod/empty.o
  CC      scripts/mod/devicetable-offsets.s
  MKELF   scripts/mod/elfconfig.h
  CHK     scripts/mod/devicetable-offsets.h
  HOSTCC  scripts/mod/sumversion.o
  CC      kernel/bounds.s
  CHK     include/generated/timeconst.h
  CHK     include/generated/bounds.h
  CC      arch/arm64/kernel/asm-offsets.s
..
..
FDVT: Drv use 5.1 folder
..
..
..
..
  HOSTCC  scripts/mod/modpost.o
  HOSTCC  scripts/mod/file2alias.o
MTK_GPU_VERSION 1 = mali
************  drivers/trusty/mtee-kree mk ************
imgsensor drv by platform s5khm2sd_main_sunny_mipi_raw/ s5khm2sd_main_ofilm_mipi_raw/ hi1634q_front_ofilm_mipi_raw/ hi1634q_front_qtech_mipi_raw/ ov8856_ultra_aac_mipi_raw/ imx355_ultra_sunny_mipi_raw/ ov02b1b_depth_sunny_mipi_raw/ ov02b1b_depth_truly_mipi_raw/ gc02m1_macro_ofilm_mipi_raw/ gc02m1_macro_aac_mipi_raw/
imgsensor drv by platform 
imgsensor subdir-ccflags-y = -I../drivers/misc/mediatek/imgsensor/src/common/v1_1 -I../drivers/misc/mediatek/mmdvfs -I../drivers/i2c/busses/ -I../drivers/misc/mediatek/imgsensor/src/viva/camera_hw_mt6781 -I../drivers/misc/mediatek/imgsensor/src/viva/camera_hw -I../drivers/misc/mediatek/imgsensor/src/common/v1_1/camera_hw -DSENSOR_PARALLEISM -DSENINF_N3D_SUPPORT -I../drivers/misc/mediatek/imgsensor/src/viva/seninf_mt6781/ -I../drivers/misc/mediatek/imgsensor/src/viva/seninf/
*MTK_GPU_VERSION 2 = valhall
*MTK_GPU_VERSION 3 = r25p0
mali MTK evironment, building r25p0 DDK
mtk-Kbuild CONFIG_MALI_PLATFORM_THIRDPARTY := y
mtk-Kbuild CONFIG_MALI_PLATFORM_THIRDPARTY_NAME := "mt6781"
mali MTK evironment, building r25p0 DDK
mtk-Kbuild CONFIG_MALI_PLATFORM_THIRDPARTY := y
mtk-Kbuild CONFIG_MALI_PLATFORM_THIRDPARTY_NAME := "mt6781"
mali MTK evironment, building r25p0 DDK
mtk-Kbuild CONFIG_MALI_PLATFORM_THIRDPARTY := y
mtk-Kbuild CONFIG_MALI_PLATFORM_THIRDPARTY_NAME := "mt6781"
  CHK     include/generated/asm-offsets.h
  CALL    ../scripts/checksyscalls.sh
"CONFIG_MICROTRUST_TEE_VERSION="300""
"CONFIG_MICROTRUST_TEE_SUPPORT=y"
"CONFIG_MICROTRUST_TZ_DRIVER=Y"
"CONFIG_MICROTRUST_VFS_DRIVER=Y"
"CONFIG_MICROTRUST_FP_DRIVER=Y"
"CONFIG_MICROTRUST_DEBUG="
"CONFIG_MICROTRUST_TEST_DRIVERS="
TCORE_UT_TESTS_SUPPORT = n
TCORE_PROFILING_SUPPORT = n
TCORE_PROFILING_AUTO_DUMP = n
TCORE_MEMORY_LEAK_DETECTION_SUPPORT = n
  VDSOA   arch/arm64/kernel/vdso/gettimeofday.o
  LDS     arch/arm64/kernel/vdso/vdso.lds
  VDSOA   arch/arm64/kernel/vdso/note.o
  VDSOA   arch/arm64/kernel/vdso/sigreturn.o
  HOSTLD  scripts/mod/modpost
  LD      arch/arm64/kernel/vdso/vdso.so.dbg
  VDSOSYM include/generated/vdso-offsets.h
  AS      usr/initramfs_data.o
  CC      init/main.o
  CHK     include/generated/compile.h
  CC      init/do_mounts.o
  CC      init/do_mounts_rd.o
  CC      init/do_mounts_initrd.o
  CC      init/noinitramfs.o
  CC      init/initramfs.o
  CC      init/calibrate.o
  AR      usr/built-in.o
  CC      init/init_task.o
  UPD     include/generated/compile.h
  CC      arch/arm64/net/bpf_jit_comp.o
  CC      init/version.o
  CC      arch/arm64/mm/dma-mapping.o
  CC      arch/arm64/mm/extable.o
  CC      certs/system_keyring.o
  CC      arch/arm64/crypto/sha2-ce-glue.o
  CC      arch/arm64/kernel/debug-monitors.o
  AS      arch/arm64/kernel/entry.o
  CC      arch/arm64/kernel/irq.o
  CC      arch/arm64/mm/fault.o
  CC      kernel/fork.o
  CC      kernel/exec_domain.o
  CC      kernel/panic.o
  AS      certs/system_certificates.o
  CC      arch/arm64/mm/init.o
  CC      kernel/cpu.o
  AR      certs/built-in.o
  AS      arch/arm64/mm/cache.o
  AS      arch/arm64/crypto/sha2-ce-core.o
  CC      arch/arm64/mm/copypage.o
  CC      arch/arm64/kernel/fpsimd.o
  AS      arch/arm64/crypto/aes-ce-core.o
  CC      arch/arm64/crypto/aes-ce-glue.o
  AS      arch/arm64/kernel/entry-fpsimd.o
  CC      arch/arm64/kernel/process.o
  CC      arch/arm64/crypto/aes-glue-ce.o
  CC      arch/arm64/mm/flush.o
  CC      kernel/exit.o
  AR      arch/arm64/net/built-in.o
  AS      arch/arm64/crypto/aes-ce.o
  CC      mm/filemap.o
  CC      arch/arm64/crypto/sha256-glue.o
  AS      arch/arm64/crypto/sha256-core.o
  AR      init/mounts.o
  AR      init/built-in.o
  CC      kernel/softirq.o
  CC      arch/arm64/mm/ioremap.o
  CC      kernel/resource.o
  AS      arch/arm64/crypto/aes-cipher-core.o
  CC      security/integrity/iint.o
  CC      arch/arm64/crypto/aes-cipher-glue.o
  CC      arch/arm64/mm/mmap.o
  AR      arch/arm64/crypto/sha2-ce.o
  CC      arch/arm64/mm/pgd.o
  CC      arch/arm64/mm/mmu.o
  CC      security/keys/gc.o
  CC      fs/open.o
  CC      kernel/sysctl.o
  CC      security/integrity/integrity_audit.o
  CC      kernel/sysctl_binary.o
  CC      arch/arm64/kernel/ptrace.o
  AR      arch/arm64/crypto/aes-ce-cipher.o
  AR      arch/arm64/crypto/aes-ce-blk.o
  CC      arch/arm64/mm/context.o
  AR      arch/arm64/crypto/sha256-arm64.o
  AR      arch/arm64/crypto/aes-arm64.o
  AS      arch/arm64/mm/proc.o
  AR      arch/arm64/crypto/built-in.o
  CC      fs/read_write.o
  CC      fs/file_table.o
  CC      security/keys/key.o
  CC      fs/super.o
  CC      kernel/capability.o
  CC      kernel/ptrace.o
  AR      security/integrity/integrity.o
  AR      security/integrity/built-in.o
  CC      kernel/user.o
  CC      arch/arm64/mm/pageattr.o
  AS      arch/arm64/mm/cache-mtk-v8.o
  CC      fs/char_dev.o
  CC      crypto/api.o
  CC      mm/mempool.o
  CC      crypto/cipher.o
  CC      crypto/compress.o
  CC      fs/stat.o
  CC      kernel/signal.o
  CC      kernel/sys.o
  CC      arch/arm64/kernel/setup.o
  CC      security/keys/keyring.o
  CC      kernel/umh.o
  AR      arch/arm64/mm/built-in.o
  CC      kernel/workqueue.o
  CC      kernel/pid.o
  CC      mm/oom_kill.o
  CC      mm/maccess.o
  CC      kernel/task_work.o
  CC      crypto/memneq.o
  CC      security/keys/keyctl.o
  CC      fs/exec.o
  CC      arch/arm64/kernel/signal.o
  CC      mm/page_alloc.o
  CC      crypto/crypto_wq.o
  CC      security/keys/permission.o
  CC      fs/pipe.o
  CC      kernel/extable.o
  CC      kernel/params.o
  CC      fs/namei.o
  CC      crypto/algapi.o
  CC      kernel/kthread.o
  CC      security/keys/process_keys.o
  CC      crypto/scatterwalk.o
  CC      crypto/proc.o
  CC      security/keys/request_key.o
  CC      kernel/sys_ni.o
  CC      security/keys/request_key_auth.o
  CC      security/keys/user_defined.o
  CC      kernel/nsproxy.o
  CC      arch/arm64/kernel/sys.o
  CC      fs/fcntl.o
  CC      security/keys/compat.o
  CC      security/keys/proc.o
  CC      crypto/aead.o
  CC      fs/ioctl.o
  CC      kernel/notifier.o
  CC      kernel/ksysfs.o
  CC      arch/arm64/kernel/stacktrace.o
  CC      crypto/ablkcipher.o
  CC      security/keys/sysctl.o
  CC      kernel/cred.o
  CC      fs/readdir.o
  CC      crypto/blkcipher.o
  CC      kernel/reboot.o
  CC      kernel/async.o
  CC      kernel/range.o
  AR      security/keys/built-in.o
  CC      arch/arm64/kernel/time.o
  CC      arch/arm64/kernel/traps.o
  CC      kernel/smpboot.o
  CC      kernel/ucount.o
  CC      security/selinux/avc.o
  CC      kernel/kmod.o
  CC      fs/select.o
  CC      crypto/skcipher.o
  CC      mm/page-writeback.o
  CC      fs/dcache.o
  CC      crypto/seqiv.o
  CC      kernel/groups.o
  CC      fs/inode.o
  CC      crypto/echainiv.o
  CC      arch/arm64/kernel/io.o
  CC      mm/readahead.o
  CC      kernel/bpf/core.o
  CC      kernel/cgroup/cgroup.o
  CC      arch/arm64/kernel/vdso.o
  CC      block/bio.o
  CC      block/elevator.o
  CC      block/blk-core.o
  CC      crypto/ahash.o
  CC      kernel/events/core.o
  AS      arch/arm64/kernel/hyp-stub.o
  CC      security/selinux/hooks.o
  CC      arch/arm64/kernel/psci.o
  CC      kernel/irq/irqdesc.o
  CC      kernel/events/ring_buffer.o
  CC      mm/swap.o
  CC      arch/arm64/kernel/cpu_ops.o
  CC      mm/truncate.o
  CC      fs/attr.o
  CC      arch/arm64/kernel/insn.o
  CC      crypto/shash.o
  CC      block/blk-tag.o
  CC      kernel/locking/mutex.o
  CC      block/blk-sysfs.o
  CC      kernel/irq/handle.o
  CC      kernel/bpf/syscall.o
  CC      arch/arm64/kernel/module.o
  CC      kernel/events/callchain.o
  CC      arch/arm64/kernel/return_address.o
  CC      fs/bad_inode.o
  CC      arch/arm64/kernel/cpuinfo.o
  CC      mm/vmscan.o
  CC      kernel/events/hw_breakpoint.o
  CC      kernel/locking/semaphore.o
  CC      block/blk-settings.o
  CC      block/blk-flush.o
  CC      kernel/irq/manage.o
  CC      block/blk-ioc.o
  CC      crypto/akcipher.o
  CC      arch/arm64/kernel/cpu_errata.o
  CC      block/blk-map.o
  CC      fs/file.o
  CC      kernel/power/qos.o
  CC      security/selinux/selinuxfs.o
  CC      kernel/cgroup/namespace.o
  CC      kernel/locking/rwsem.o
  CC      kernel/power/main.o
  CC      kernel/bpf/verifier.o
  CC      arch/arm64/kernel/cpufeature.o
  CC      crypto/kpp.o
  CC      mm/shmem.o
  CC      block/blk-exec.o
  CC      block/blk-merge.o
  CC      kernel/irq/spurious.o
  CC      block/blk-softirq.o
  CC      kernel/locking/percpu-rwsem.o
  CC      kernel/cgroup/cgroup-v1.o
  CC      fs/filesystems.o
  CC      kernel/power/process.o
  CC      kernel/locking/spinlock.o
  CC      kernel/locking/osq_lock.o
  CC      kernel/irq/resend.o
  CC      kernel/irq/chip.o
  CC      crypto/rsapubkey-asn1.o
  CC      kernel/events/uprobes.o
  CC      arch/arm64/kernel/alternative.o
  CC      security/selinux/netlink.o
  CC      crypto/rsaprivkey-asn1.o
  CC      kernel/locking/rtmutex.o
  CC      kernel/locking/rwsem-xadd.o
  CC      crypto/rsa.o
  CC      kernel/irq/dummychip.o
  CC      fs/namespace.o
  CC      mm/util.o
  CC      block/blk-timeout.o
  CC      kernel/power/suspend.o
  CC      block/blk-lib.o
  CC      kernel/cgroup/freezer.o
  CC      arch/arm64/kernel/cacheinfo.o
  CC      security/selinux/nlmsgtab.o
  CC      kernel/cgroup/cpuset.o
  AR      kernel/locking/built-in.o
  CC      kernel/bpf/inode.o
  CC      crypto/rsa_helper.o
  CC      kernel/printk/printk.o
  CC      arch/arm64/kernel/smp.o
  CC      kernel/printk/printk_safe.o
  CC      kernel/irq/devres.o
  CC      crypto/rsa-pkcs1pad.o
  CC      kernel/rcu/update.o
  CC      kernel/rcu/sync.o
  CC      kernel/rcu/srcutree.o
  CC      kernel/bpf/helpers.o
  AR      kernel/events/built-in.o
  CC      security/selinux/netif.o
  CC      security/selinux/netnode.o
  CC      mm/mmzone.o
  CC      block/blk-mq.o
  CC      security/selinux/netport.o
  CC      kernel/irq/autoprobe.o
  CC      kernel/power/wakelock.o
  CC      mm/vmstat.o
  CC      crypto/acompress.o
  CC      kernel/bpf/tnum.o
  CC      kernel/bpf/hashtab.o
  CC      kernel/rcu/tree.o
  CC      arch/arm64/kernel/smp_spin_table.o
  CC      kernel/rcu/rcu_segcblist.o
  CC      kernel/bpf/arraymap.o
  CC      fs/seq_file.o
  CC      security/selinux/ibpkey.o
  AR      kernel/cgroup/built-in.o
  CC      kernel/power/poweroff.o
  CC      security/selinux/exports.o
  AR      kernel/printk/built-in.o
  CC      kernel/sched/core.o
  CC      kernel/irq/irqdomain.o
  CC      kernel/power/wakeup_reason.o
  CC      wt_sys/trigger_panic.o
  CC      arch/arm64/kernel/topology.o
  CC      kernel/time/time.o
  CC      kernel/irq/proc.o
  CC      crypto/scompress.o
  CC      security/selinux/ss/ebitmap.o
../block/blk-mq.c:569:44: warning: passing 8-byte aligned argument to 32-byte aligned parameter 2 of 'smp_call_function_single_async' may result in an unaligned pointer access [-Walign-mismatch]
                smp_call_function_single_async(ctx->cpu, &rq->csd);
                                                         ^
1 warning generated.
  AR      wt_sys/built-in.o
  CC      kernel/bpf/percpu_freelist.o
  CC      mm/backing-dev.o
  CC      fs/xattr.o
  CC      security/selinux/ss/hashtab.o
  CC      kernel/bpf/bpf_lru_list.o
  CC      drivers/amba/bus.o
  AS      arch/arm64/kernel/smccc-call.o
  CC      kernel/bpf/lpm_trie.o
  CC      sound/sound_core.o
  CC      arch/arm64/kernel/sys32.o
  CC      block/blk-mq-tag.o
  AR      kernel/power/built-in.o
  CC      kernel/freezer.o
  CC      kernel/bpf/map_in_map.o
  CC      kernel/irq/cpuhotplug.o
  CC      kernel/time/timer.o
  CC      kernel/trace/trace_clock.o
  CC      security/selinux/ss/symtab.o
  CC      crypto/algboss.o
  CC      crypto/testmgr.o
  CC      security/selinux/ss/sidtab.o
  AS      arch/arm64/kernel/kuser32.o
  CC      arch/arm64/kernel/signal32.o
  AR      drivers/amba/built-in.o
  CC      drivers/android/binderfs.o
  CC      kernel/irq/pm.o
  CC      kernel/trace/ring_buffer.o
  CC      kernel/bpf/devmap.o
  CC      mm/mm_init.o
  CC      sound/core/sound.o
  AR      kernel/rcu/built-in.o
  CC      fs/libfs.o
  CC      block/blk-stat.o
  CC      kernel/profile.o
  CC      crypto/cmac.o
  CC      sound/core/init.o
  CC      crypto/hmac.o
  CC      drivers/android/binder.o
  CC      kernel/trace/trace.o
  CC      kernel/irq/affinity.o
  CC      mm/mmu_context.o
  CC      security/selinux/ss/avtab.o
  CC      kernel/bpf/stackmap.o
  CC      kernel/bpf/cgroup.o
  CC      block/blk-mq-sysfs.o
  CC      crypto/xcbc.o
  CC      arch/arm64/kernel/sys_compat.o
  CC      fs/fs-writeback.o
  CC      kernel/time/hrtimer.o
  CC      block/blk-mq-cpumap.o
  CC      sound/core/memory.o
  AR      kernel/irq/built-in.o
  CC      block/blk-mq-sched.o
  CC      mm/percpu.o
  CC      kernel/trace/trace_output.o
  CC      kernel/stacktrace.o
  CC      security/selinux/ss/policydb.o
  AS      arch/arm64/kernel/entry32.o
  CC      crypto/crypto_null.o
  CC      arch/arm64/kernel/arm64ksyms.o
  CC      sound/core/control.o
  CC      block/ioctl.o
  CC      block/genhd.o
  CC      kernel/futex.o
  AR      kernel/bpf/built-in.o
  CC      kernel/smp.o
  CC      kernel/uid16.o
  CC      kernel/time/timekeeping.o
  CC      arch/arm64/kernel/module-plts.o
  CC      crypto/md5.o
  CC      crypto/sha1_generic.o
  CC      arch/arm64/kernel/perf_regs.o
../kernel/sched/core.c:4607:6: warning: unused variable 'i' [-Wunused-variable]
        int i = 0;
            ^
1 warning generated.
  CC      mm/slab_common.o
  CC      kernel/module.o
  CC      security/selinux/ss/services.o
  CC      block/partition-generic.o
  CC      block/ioprio.o
  CC      fs/pnode.o
  CC      block/badblocks.o
  CC      drivers/android/binder_alloc.o
  CC      crypto/sha256_generic.o
  CC      crypto/sha512_generic.o
  CC      arch/arm64/kernel/perf_callchain.o
  CC      security/selinux/ss/conditional.o
  CC      kernel/sched/loadavg.o
  CC      sound/core/misc.o
  CC      fs/splice.o
  CC      kernel/time/ntp.o
  CC      kernel/trace/trace_seq.o
  CC      kernel/trace/trace_stat.o
  CC      block/scsi_ioctl.o
  CC      block/partitions/check.o
  CC      arch/arm64/kernel/perf_event.o
  CC      sound/core/device.o
  CC      kernel/time/clocksource.o
  AR      drivers/android/built-in.o
  CC      sound/core/info.o
  CC      crypto/gf128mul.o
  CC      mm/compaction.o
  CC      mm/vmacache.o
  CC      mm/swap_slots.o
  CC      kernel/sched/clock.o
  CC      block/partitions/msdos.o
  CC      drivers/base/component.o
  CC      security/selinux/ss/mls.o
  CC      kernel/trace/trace_printk.o
  CC      arch/arm64/kernel/hw_breakpoint.o
  CC      sound/core/ctljack.o
  CC      mm/interval_tree.o
  CC      fs/sync.o
  CC      kernel/sched/cputime.o
  CC      kernel/sched/idle_task.o
  CC      kernel/time/jiffies.o
  CC      kernel/kallsyms.o
  CC      mm/list_lru.o
  CC      crypto/ecb.o
  CC      crypto/cbc.o
  CC      block/partitions/efi.o
  CC      drivers/base/core.o
  CC      sound/core/jack.o
  CC      security/selinux/ss/status.o
  CC      mm/workingset.o
  CC      kernel/trace/trace_sched_switch.o
  AS      arch/arm64/kernel/sleep.o
  CC      kernel/sched/fair.o
  CC      arch/arm64/kernel/suspend.o
  CC      kernel/time/timer_list.o
  CC      crypto/cts.o
  CC      kernel/sched/rt.o
  CC      kernel/sched/deadline.o
  CC      fs/utimes.o
  AR      block/partitions/built-in.o
  CC      sound/core/hwdep.o
  CC      block/noop-iosched.o
  CC      mm/debug.o
  CC      block/deadline-iosched.o
  CC      mm/gup.o
  CC      arch/arm64/kernel/cpuidle.o
  CC      kernel/time/timeconv.o
  CC      kernel/compat.o
  AR      security/selinux/selinux.o
  AR      security/selinux/built-in.o
  CC      security/commoncap.o
  CC      kernel/trace/trace_nop.o
  CC      crypto/xts.o
  CC      arch/arm64/kernel/armv8_deprecated.o
  CC      crypto/ctr.o
  CC      fs/stack.o
  CC      kernel/time/timecounter.o
  CC      kernel/time/alarmtimer.o
  CC      block/cfq-iosched.o
  CC      drivers/base/bus.o
  CC      kernel/sched/wait.o
  CC      sound/core/timer.o
  CC      kernel/trace/blktrace.o
  CC      kernel/trace/trace_events.o
  CC      kernel/sched/wait_bit.o
  CC      security/min_addr.o
  CC      fs/fs_struct.o
  CC      mm/highmem.o
  CC      arch/arm64/kernel/kaslr.o
  CC      mm/memory.o
  CC      kernel/utsname.o
  CC      crypto/gcm.o
  CC      security/security.o
  CC      mm/mincore.o
  CC      kernel/sched/swait.o
  CC      kernel/pid_namespace.o
  CC      drivers/base/dd.o
  CC      arch/arm64/kernel/ssbd.o
  CC      fs/statfs.o
  CC      kernel/time/posix-timers.o
  CC      kernel/time/posix-cpu-timers.o
  CC      kernel/trace/trace_export.o
  CC      block/mq-deadline.o
  CC      kernel/sched/completion.o
  CC      crypto/ccm.o
  CC      arch/arm64/kernel/probes/uprobes.o
  CC      sound/core/pcm.o
  CC      kernel/sched/idle.o
  GZIP    kernel/config_data.gz
  CHK     kernel/kheaders_data.tar.xz
  CC      kernel/trace/trace_event_perf.o
  CC      drivers/base/syscore.o
  CC      kernel/sched/cpupri.o
  CC      kernel/time/posix-clock.o
  CC      kernel/trace/trace_events_filter.o
  CC      kernel/time/itimer.o
  CC      arch/arm64/kernel/probes/decode-insn.o
  CC      fs/fs_pin.o
  CC      block/kyber-iosched.o
  GEN     kernel/kheaders_data.tar.xz
  CC      fs/nsfs.o
  CC      crypto/cryptd.o
  CC      fs/buffer.o
  CC      arch/arm64/kernel/probes/simulate-insn.o
  CC      sound/core/pcm_native.o
  CC      security/lsm_audit.o
  CC      block/compat_ioctl.o
  CC      fs/block_dev.o
  CC      crypto/des_generic.o
  CC      fs/direct-io.o
  CC      kernel/time/clockevents.o
  CC      kernel/sched/cpudeadline.o
  CC      mm/mlock.o
  CC      drivers/base/driver.o
  AR      arch/arm64/kernel/probes/built-in.o
  OBJCOPY arch/arm64/kernel/vdso/vdso.so
  AS      arch/arm64/kernel/vdso/vdso.o
  AR      arch/arm64/kernel/vdso/built-in.o
  AS      arch/arm64/kernel/head.o
  LDS     arch/arm64/kernel/vmlinux.lds
  CC      mm/mmap.o
  AR      arch/arm64/kernel/built-in.o
  CC      kernel/trace/trace_events_trigger.o
  CC      mm/mprotect.o
  CC      net/socket.o
  CC      crypto/blowfish_generic.o
  CC      kernel/time/tick-common.o
  AR      security/built-in.o
  CC      block/blk-mq-virtio.o
  CC      drivers/base/class.o
  CC      net/802/p8022.o
  AS      arch/arm64/lib/crc32.o
  CC      crypto/blowfish_common.o
  CC      net/8021q/vlan_core.o
  AS      arch/arm64/lib/bitops.o
  AS      arch/arm64/lib/clear_page.o
  CC      net/8021q/vlan.o
  AS      arch/arm64/lib/clear_user.o
  CC      net/8021q/vlan_dev.o
  AS      arch/arm64/lib/copy_from_user.o
  CC      fs/mpage.o
  CC      drivers/base/platform.o
  AS      arch/arm64/lib/copy_in_user.o
  CC      block/blk-wbt.o
  AS      arch/arm64/lib/copy_page.o
  CC      net/802/psnap.o
  AS      arch/arm64/lib/copy_to_user.o
  CC      kernel/trace/bpf_trace.o
  CC      kernel/time/tick-broadcast.o
  CC      arch/arm64/lib/delay.o
  CC      sound/core/pcm_lib.o
  CC      crypto/twofish_generic.o
  CC      mm/mremap.o
  CC      kernel/trace/power-traces.o
../kernel/sched/fair.c:11131:8: warning: ISO C90 forbids mixing declarations and code [-Wdeclaration-after-statement]
                        int cpu = env.dst_cpu;
                            ^
In file included from ../kernel/sched/fair.c:12690:
../kernel/sched/eas_plus.c:911:23: warning: unused variable 'sd' [-Wunused-variable]
        struct sched_domain *sd;
                             ^
../kernel/sched/eas_plus.c:912:28: warning: unused variable 'sg' [-Wunused-variable]
        const struct sched_group *sg;
                                  ^
3 warnings generated.
  CC      net/802/stp.o
  CC      kernel/sched/topology.o
  AS      arch/arm64/lib/memchr.o
  CC      net/8021q/vlan_netlink.o
  CC      crypto/twofish_common.o
  AS      arch/arm64/lib/memcmp.o
  AS      arch/arm64/lib/memcpy.o
  CC      drivers/base/cpu.o
  AS      arch/arm64/lib/memmove.o
  CC      kernel/trace/rpm-traces.o
  CC      kernel/time/tick-broadcast-hrtimer.o
  CC      fs/proc_namespace.o
  AS      arch/arm64/lib/memset.o
  AS      arch/arm64/lib/strchr.o
  CC      mm/msync.o
  AS      arch/arm64/lib/strcmp.o
  AS      arch/arm64/lib/strlen.o
  CC      block/keyslot-manager.o
  AS      arch/arm64/lib/strncmp.o
  AS      arch/arm64/lib/strnlen.o
  CC      crypto/aes_generic.o
  CC      net/8021q/vlanproc.o
  CC      kernel/time/sched_clock.o
  AS      arch/arm64/lib/strrchr.o
  CC      net/bpf/test_run.o
  CC      fs/configfs/inode.o
  AR      net/802/built-in.o
  CC      mm/page_vma_mapped.o
  AR      arch/arm64/lib/lib.a
  CC      sound/core/pcm_misc.o
  EXPORTS arch/arm64/lib/lib-ksyms.o
  AR      arch/arm64/lib/built-in.o
  CC      kernel/sched/stop_task.o
  CC      sound/core/pcm_memory.o
  CC      drivers/base/firmware.o
  CC      kernel/sched/energy.o
  CC      drivers/block/brd.o
  CC      kernel/time/tick-oneshot.o
  CC      kernel/trace/trace_probe.o
  CC      lib/lockref.o
  CC      mm/pagewalk.o
  CC      lib/bcd.o
  CC      fs/configfs/file.o
  AR      net/8021q/8021q.o
  AR      net/8021q/built-in.o
  CC      crypto/arc4.o
  CC      drivers/block/loop.o
  CC      block/bio-crypt-ctx.o
  CC      kernel/sched/walt.o
  CC      lib/div64.o
  CC      drivers/base/init.o
  CC      kernel/time/tick-sched.o
  CC      kernel/sched/stats.o
  CC      kernel/time/timer_list_aee.o
  AR      net/bpf/built-in.o
  CC      lib/sort.o
  CC      sound/core/memalloc.o
  CC      net/bridge/br.o
  CC      drivers/block/zram/zcomp.o
  CC      lib/parser.o
  CC      kernel/trace/trace_uprobe.o
  CC      fs/configfs/dir.o
  CC      drivers/base/map.o
  CC      mm/pgtable-generic.o
  CC      crypto/deflate.o
  CC      fs/configfs/symlink.o
  CC      crypto/crc32c_generic.o
  CC      lib/debug_locks.o
  CC      drivers/base/devres.o
  CC      block/blk-crypto.o
  CC      drivers/block/zram/zram_drv.o
  CC      kernel/sched/debug.o
  CC      mm/rmap.o
  CC      sound/core/pcm_timer.o
  CC      lib/random32.o
  CC      lib/bust_spinlocks.o
  AR      kernel/time/built-in.o
  CC      crypto/crc32_generic.o
  CC      fs/configfs/mount.o
  CC      net/bridge/br_device.o
  CC      crypto/authenc.o
  CC      fs/configfs/item.o
  CC      kernel/trace/mtk_trace.o
  CC      fs/crypto/crypto.o
  CC      lib/kasprintf.o
  CC      sound/core/rawmidi.o
  CC      fs/crypto/fname.o
  CC      block/blk-crypto-fallback.o
  CC      drivers/base/attribute_container.o
  CC      lib/bitmap.o
  CC      lib/scatterlist.o
  AR      fs/configfs/configfs.o
  AR      fs/configfs/built-in.o
  CC      crypto/authencesn.o
  CC      lib/gcd.o
  AR      drivers/block/zram/zram.o
  AR      drivers/block/zram/built-in.o
  AR      kernel/trace/built-in.o
  AR      drivers/block/built-in.o
  CC      lib/lcm.o
  CC      kernel/sched/tune.o
  CC      kernel/stop_machine.o
  CC      fs/devpts/inode.o
  CC      mm/vmalloc.o
  CC      drivers/base/transport_class.o
  CC      fs/crypto/hkdf.o
  CC      lib/list_sort.o
  CC      lib/uuid.o
  CC      net/bridge/br_fdb.o
  AR      block/built-in.o
  CC      crypto/lz4.o
  CC      sound/core/compress_offload.o
  CC      lib/flex_array.o
  CC      mm/process_vm_access.o
  CC      net/bridge/br_forward.o
  CC      crypto/rng.o
  CC      lib/iov_iter.o
  AR      sound/core/snd.o
  AR      fs/devpts/devpts.o
  AR      sound/core/snd-hwdep.o
  AR      fs/devpts/built-in.o
  AR      sound/core/snd-timer.o
  AR      sound/core/snd-pcm.o
  CC      crypto/drbg.o
  CC      fs/crypto/hooks.o
  CC      fs/exportfs/expfs.o
  CC      drivers/base/topology.o
  CC      crypto/jitterentropy.o
  CC      crypto/jitterentropy-kcapi.o
  CC      drivers/base/container.o
  CC      mm/init-mm.o
  CC      kernel/sched/cpuacct.o
  AR      sound/core/snd-rawmidi.o
  CC      kernel/sched/cpufreq.o
  CC      drivers/base/property.o
  AR      sound/core/snd-compress.o
  CC      crypto/ghash-generic.o
  AR      sound/core/built-in.o
  AR      fs/exportfs/exportfs.o
  AR      fs/exportfs/built-in.o
  CC      fs/crypto/keyring.o
  CC      mm/nobootmem.o
  CC      crypto/hash_info.o
  CC      net/bridge/br_if.o
  CC      crypto/asymmetric_keys/asymmetric_type.o
  CC      crypto/asymmetric_keys/restrict.o
  CC      fs/ext4/balloc.o
  CC      fs/fuse/dev.o
  CC      fs/fat/cache.o
  CC      fs/f2fs/dir.o
  CC      fs/fuse/dir.o
  CC      fs/fat/dir.o
  CC      crypto/asymmetric_keys/signature.o
  CC      lib/clz_ctz.o
  CC      kernel/sched/cpufreq_schedutil.o
  CC      mm/fadvise.o
  CC      lib/bsearch.o
  CC      fs/incfs/data_mgmt.o
  CC      fs/isofs/namei.o
  CC      fs/crypto/keysetup.o
  CC      net/bridge/br_input.o
  CC      crypto/asymmetric_keys/public_key.o
  CC      drivers/base/cacheinfo.o
  CC      fs/ext4/bitmap.o
  CC      fs/fat/fatent.o
  CC      mm/madvise.o
  CC      lib/find_bit.o
  CC      fs/isofs/inode.o
  CC      fs/f2fs/file.o
  CC      lib/llist.o
  CC      fs/incfs/format.o
  CC      fs/crypto/keysetup_v1.o
  CC      lib/memweight.o
  CC      crypto/asymmetric_keys/x509-asn1.o
  CC      sound/soc/soc-core.o
  CC      fs/crypto/policy.o
  CC      drivers/base/power/sysfs.o
  CC      crypto/asymmetric_keys/x509_akid-asn1.o
  CC      fs/fuse/file.o
  CC      lib/kfifo.o
  CC      crypto/asymmetric_keys/x509_cert_parser.o
  CC      fs/ext4/block_validity.o
  CC      kernel/sched/membarrier.o
  CC      net/bridge/br_ioctl.o
  CC      fs/incfs/integrity.o
  CC      fs/isofs/dir.o
  CC      mm/memblock.o
  CC      fs/fat/file.o
  CC      crypto/asymmetric_keys/x509_public_key.o
  CC      drivers/base/regmap/regmap.o
  CC      fs/incfs/main.o
  CC      drivers/base/power/generic_ops.o
  CC      kernel/sched/psi.o
  CC      lib/percpu-refcount.o
  CC      fs/isofs/util.o
  CC      fs/crypto/bio.o
  CC      fs/ext4/dir.o
  CC      crypto/asymmetric_keys/pkcs7-asn1.o
  CC      crypto/asymmetric_keys/pkcs7_parser.o
  CC      fs/incfs/vfs.o
  CC      mm/page_io.o
  CC      net/bridge/br_stp.o
  CC      fs/isofs/rock.o
  CC      lib/percpu_ida.o
  CC      fs/fat/inode.o
  CC      drivers/base/power/common.o
  AR      kernel/sched/built-in.o
  CC      crypto/asymmetric_keys/pkcs7_trust.o
  CC      fs/fat/misc.o
  CC      fs/crypto/inline_crypt.o
  CC      fs/ext4/ext4_jbd2.o
  CC      fs/fuse/inode.o
  CC      fs/f2fs/inode.o
  CC      mm/swap_state.o
  CC      fs/isofs/export.o
  CC      crypto/asymmetric_keys/pkcs7_verify.o
  CC      sound/soc/soc-dapm.o
  CC      lib/rhashtable.o
  CC      drivers/base/power/qos.o
  AR      fs/incfs/incrementalfs.o
  AR      fs/incfs/built-in.o
  CC      net/bridge/br_stp_bpdu.o
  CC      lib/reciprocal_div.o
  CC      fs/fat/nfs.o
  CC      drivers/base/regmap/regcache.o
  CC      fs/isofs/joliet.o
  CC      lib/once.o
  CC      lib/refcount.o
  AR      fs/crypto/fscrypto.o
  AR      fs/crypto/built-in.o
  CC      fs/fat/namei_vfat.o
  CC      mm/swapfile.o
  AR      crypto/asymmetric_keys/asymmetric_keys.o
  AR      crypto/asymmetric_keys/x509_key_parser.o
  AR      crypto/asymmetric_keys/pkcs7_message.o
  AR      crypto/asymmetric_keys/built-in.o
  CC      crypto/simd.o
  CC      fs/ext4/extents.o
  CC      fs/fuse/control.o
  CC      lib/usercopy.o
  CC      lib/errseq.o
  CC      fs/fat/namei_msdos.o
  CC      fs/isofs/compress.o
  CC      fs/f2fs/namei.o
  CC      lib/string_helpers.o
  CC      fs/f2fs/hash.o
  CC      net/bridge/br_stp_if.o
  CC      drivers/base/regmap/regcache-rbtree.o
  CC      drivers/base/power/runtime.o
  CC      fs/f2fs/super.o
  AR      fs/fat/fat.o
  AR      fs/fat/vfat.o
  CC      lib/hexdump.o
  CC      fs/fuse/xattr.o
  AR      fs/isofs/isofs.o
  AR      fs/fat/msdos.o
  AR      crypto/crypto.o
  AR      fs/isofs/built-in.o
  AR      fs/fat/built-in.o
  AR      crypto/crypto_algapi.o
  AR      crypto/crypto_blkcipher.o
  AR      crypto/crypto_hash.o
  AR      crypto/rsa_generic.o
  AR      crypto/crypto_acompress.o
  AR      crypto/cryptomgr.o
  AR      crypto/jitterentropy_rng.o
  AR      crypto/crypto_simd.o
  CC      fs/kernfs/mount.o
  AR      crypto/built-in.o
  CC      fs/jbd2/transaction.o
  CC      lib/kstrtox.o
  CC      fs/nls/nls_base.o
  CC      drivers/base/regmap/regcache-flat.o
  CC      fs/nls/nls_cp437.o
  CC      fs/notify/fsnotify.o
  CC      sound/soc/soc-jack.o
  CC      fs/fuse/acl.o
  CC      net/bridge/br_stp_timer.o
  CC      fs/kernfs/inode.o
  CC      net/bridge/br_netlink.o
  CC      fs/f2fs/inline.o
  CC      fs/nls/nls_cp950.o
  CC      mm/dmapool.o
  CC      drivers/base/power/wakeirq.o
  CC      lib/pci_iomap.o
  CC      drivers/base/regmap/regmap-i2c.o
  AR      fs/fuse/fuse.o
  AR      fs/fuse/built-in.o
  CC      drivers/base/power/main.o
  CC      fs/notify/notification.o
  CC      fs/nls/nls_ascii.o
  CC      fs/kernfs/dir.o
  CC      lib/iomap_copy.o
  CC      drivers/base/power/wakeup.o
  CC      net/bridge/br_netlink_tunnel.o
  CC      drivers/base/regmap/regmap-spi.o
  CC      fs/jbd2/commit.o
  CC      fs/nls/nls_iso8859-1.o
  CC      sound/soc/soc-cache.o
  CC      mm/sparse.o
  CC      fs/ext4/extents_status.o
  CC      lib/devres.o
  CC      fs/ext4/file.o
  CC      net/bridge/br_sysfs_if.o
  CC      fs/nls/nls_utf8.o
  CC      fs/notify/group.o
  CC      sound/soc/soc-utils.o
  CC      drivers/base/regmap/regmap-mmio.o
  AR      fs/nls/built-in.o
  CC      fs/kernfs/file.o
  CC      net/bridge/br_sysfs_br.o
  CC      mm/sparse-vmemmap.o
  CC      fs/f2fs/checkpoint.o
  CC      fs/jbd2/recovery.o
  CC      lib/hweight.o
  CC      fs/notify/mark.o
  CC      fs/notify/fdinfo.o
  CC      drivers/base/power/wakeup_stats.o
  CC      fs/ntfs/aops.o
  CC      lib/assoc_array.o
  CC      fs/ext4/fsmap.o
  CC      drivers/base/power/opp/core.o
  CC      net/bridge/br_nf_core.o
  CC      sound/soc/soc-pcm.o
  AR      drivers/base/regmap/built-in.o
  CC      mm/slub.o
  CC      sound/soc/soc-io.o
  CC      net/bridge/br_multicast.o
  CC      drivers/base/power/clock_ops.o
  CC      fs/notify/dnotify/dnotify.o
  CC      fs/jbd2/checkpoint.o
  CC      fs/kernfs/symlink.o
  CC      lib/list_debug.o
  CC      net/bridge/br_mdb.o
  CC      fs/ntfs/attrib.o
  AR      fs/kernfs/built-in.o
  CC      net/bridge/br_netfilter_hooks.o
  AR      fs/notify/dnotify/built-in.o
  CC      lib/bitrev.o
  CC      fs/overlayfs/super.o
  CC      drivers/base/power/opp/cpu.o
  CC      sound/soc/soc-devres.o
  CC      fs/overlayfs/namei.o
  CC      lib/rational.o
  CC      fs/notify/inotify/inotify_fsnotify.o
  CC      fs/f2fs/gc.o
  CC      fs/ext4/fsync.o
  CC      lib/crc-ccitt.o
  CC      fs/jbd2/revoke.o
  CC      fs/notify/inotify/inotify_user.o
  CC      lib/crc16.o
  CC      lib/crc32.o
  CC      fs/overlayfs/util.o
  CC      lib/libcrc32c.o
  CC      sound/soc/soc-ops.o
  CC      drivers/base/power/opp/of.o
  CC      fs/ntfs/collate.o
  CC      fs/jbd2/journal.o
  CC      net/bridge/br_netfilter_ipv6.o
  CC      mm/migrate.o
  CC      fs/ext4/hash.o
  CC      mm/page_counter.o
  CC      fs/ext4/ialloc.o
  CC      drivers/base/dma-mapping.o
  CC      fs/overlayfs/inode.o
  CC      fs/ext4/indirect.o
  AR      fs/notify/inotify/built-in.o
  CC      fs/ntfs/compress.o
  AR      fs/notify/built-in.o
  CC      lib/crc8.o
  CC      lib/genalloc.o
  AR      drivers/base/power/opp/built-in.o
  CC      mm/memcontrol.o
  AR      drivers/base/power/built-in.o
  CC      drivers/base/dma-coherent.o
  CC      fs/overlayfs/dir.o
  CC      sound/soc/soc-compress.o
  CC      fs/f2fs/data.o
  AR      net/bridge/bridge.o
  AR      net/bridge/br_netfilter.o
  CC      lib/fonts/fonts.o
  AR      net/bridge/built-in.o
  CC      lib/fonts/font_8x16.o
  CC      net/core/sock.o
  CC      net/ethernet/eth.o
  CC      fs/ntfs/debug.o
  CC      net/core/request_sock.o
  CC      fs/f2fs/node.o
  CC      drivers/base/firmware_class.o
  AR      lib/fonts/font.o
  CC      fs/ext4/inline.o
  CC      mm/vmpressure.o
  AR      lib/fonts/built-in.o
  CC      fs/ext4/inode.o
  CC      fs/overlayfs/readdir.o
  CC      lib/lz4/lz4_compress.o
  CC      fs/ntfs/dir.o
  AR      fs/jbd2/jbd2.o
  AR      fs/jbd2/built-in.o
  CC      lib/lz4/lz4_decompress.o
  CC      net/core/skbuff.o
  CC      sound/soc/codecs/richtek_spm_cls.o
  CC      fs/overlayfs/copy_up.o
  CC      fs/ntfs/file.o
  AR      net/ethernet/built-in.o
  CC      drivers/base/module.o
  CC      fs/ext4/ioctl.o
  CC      fs/ext4/mballoc.o
  AR      lib/lz4/built-in.o
  CC      lib/mpi/generic_mpih-lshift.o
  CC      sound/soc/codecs/mt6358.o
  CC      net/ipv4/route.o
  CC      drivers/base/pinctrl.o
  CC      net/ipv6/af_inet6.o
  AR      fs/overlayfs/overlay.o
  AR      fs/overlayfs/built-in.o
  CC      sound/soc/codecs/mt6660.o
  CC      mm/swap_cgroup.o
  CC      net/core/datagram.o
  CC      fs/f2fs/segment.o
  CC      lib/mpi/generic_mpih-mul1.o
  CC      drivers/base/arch_topology.o
  CC      fs/f2fs/recovery.o
  CC      fs/ntfs/index.o
  CC      lib/mpi/generic_mpih-mul2.o
  CC      mm/page_isolation.o
  CC      fs/ext4/migrate.o
  CC      mm/zsmalloc.o
  CC      sound/soc/codecs/mt6660-regmap.o
  AR      drivers/base/built-in.o
  CC      lib/mpi/generic_mpih-mul3.o
  CC      drivers/char/mem.o
  CC      fs/ntfs/inode.o
  CC      fs/f2fs/shrinker.o
  CC      net/ipv6/anycast.o
  CC      fs/f2fs/extent_cache.o
  CC      sound/soc/codecs/aw87xxx/aw87xxx.o
  CC      sound/soc/codecs/aw87xxx/aw87xxx_monitor.o
  CC      lib/mpi/generic_mpih-rshift.o
  AR      sound/soc/codecs/snd-soc-mt6366.o
  AR      sound/soc/codecs/snd-soc-mt6660.o
  CC      sound/soc/codecs/aw87xxx/aw_bin_parse.o
  CC      net/core/stream.o
  CC      net/core/scm.o
  CC      drivers/char/random.o
  CC      net/ipv4/inetpeer.o
  CC      net/core/gen_stats.o
  CC      fs/ext4/mmp.o
  CC      lib/mpi/generic_mpih-sub1.o
  CC      fs/ntfs/mft.o
  CC      drivers/char/misc.o
  CC      mm/early_ioremap.o
  CC      net/core/gen_estimator.o
  CC      sound/soc/codecs/aw87xxx/awinic_dsp.o
  CC      net/ipv6/ip6_output.o
  CC      fs/f2fs/sysfs.o
  CC      lib/mpi/generic_mpih-add1.o
  CC      mm/cma.o
  CC      fs/ext4/move_extent.o
  CC      mm/frame_vector.o
  CC      mm/usercopy.o
  CC      net/ipv4/protocol.o
  CC      net/core/net_namespace.o
  CC      net/core/secure_seq.o
  AR      sound/soc/codecs/aw87xxx/built-in.o
  CC      lib/mpi/mpicoder.o
  AR      sound/soc/codecs/built-in.o
  CC      net/core/flow_dissector.o
../drivers/char/random.c:1853:1: warning: unused function 'random_read' [-Wunused-function]
random_read(struct file *file, char __user *buf, size_t nbytes, loff_t *ppos)
^
1 warning generated.
  CC      fs/ntfs/mst.o
  CC      fs/ntfs/namei.o
  CC      sound/soc/mediatek/audio_dsp/mt6785/dsp-platform-mem-control.o
  CC      fs/ext4/namei.o
  AR      mm/built-in.o
  CC      fs/f2fs/debug.o
  CC      drivers/char/hw_random/core.o
  CC      lib/mpi/mpi-bit.o
  CC      drivers/char/hw_random/mt67xx-rng.o
  CC      drivers/char/rpmb/rpmb-mtk.o
  CC      fs/ntfs/runlist.o
  CC      fs/ext4/page-io.o
  AR      sound/soc/mediatek/audio_dsp/mt6785/built-in.o
  CC      fs/ntfs/super.o
  CC      sound/soc/mediatek/audio_dsp/audio_buf.o
  CC      net/ipv4/ip_input.o
  CC      net/ipv4/ip_fragment.o
  CC      net/core/sysctl_net_core.o
  CC      lib/mpi/mpi-cmp.o
  CC      net/core/dev.o
  AR      drivers/char/hw_random/rng-core.o
  AR      drivers/char/hw_random/built-in.o
  CC      fs/f2fs/xattr.o
  CC      net/core/ethtool.o
  CC      net/ipv6/ip6_input.o
  CC      net/core/dev_addr_lists.o
  CC      fs/ext4/readpage.o
  CC      fs/ntfs/sysctl.o
  CC      sound/soc/mediatek/audio_dsp/mtk-dsp-dai.o
  CC      lib/mpi/mpih-cmp.o
  CC      fs/ext4/resize.o
  CC      fs/ntfs/unistr.o
  CC      fs/ext4/super.o
  CC      lib/reed_solomon/reed_solomon.o
  CC      drivers/char/rpmb/core.o
  CC      sound/soc/mediatek/audio_dsp/mtk-dsp-pcm.o
  CC      net/ipv4/ip_forward.o
  CC      fs/f2fs/acl.o
  CC      lib/mpi/mpih-div.o
  CC      lib/mpi/mpih-mul.o
  CC      lib/zlib_deflate/deflate.o
  CC      fs/ntfs/upcase.o
  CC      lib/mpi/mpi-pow.o
  CC      net/ipv6/addrconf.o
  CC      lib/mpi/mpiutil.o
  CC      sound/soc/mediatek/audio_dsp/mtk-dsp-common.o
  AR      lib/reed_solomon/built-in.o
  AR      drivers/char/rpmb/rpmb.o
  AR      drivers/char/rpmb/built-in.o
  CC      net/ipv6/addrlabel.o
  AR      drivers/char/built-in.o
  CC      net/ipv6/route.o
  CC      lib/zlib_deflate/deftree.o
  CC      fs/f2fs/verity.o
  CC      fs/ntfs/bitmap.o
  CC      drivers/clk/clk-devres.o
  CC      lib/zlib_inflate/inffast.o
  CC      drivers/clocksource/timer-of.o
  CC      net/ipv4/ip_options.o
  CC      lib/zlib_inflate/inflate.o
  CC      lib/zlib_inflate/infutil.o
  CC      lib/zlib_deflate/deflate_syms.o
  CC      sound/soc/mediatek/audio_dsp/mtk-dsp-platform-driver.o
  AR      lib/mpi/mpi.o
  AR      lib/mpi/built-in.o
  CC      fs/ntfs/lcnalloc.o
  CC      fs/ntfs/logfile.o
  CC      lib/zlib_inflate/inftrees.o
  CC      drivers/clocksource/timer-probe.o
  AR      fs/f2fs/f2fs.o
  CC      drivers/clk/clk-bulk.o
  AR      fs/f2fs/built-in.o
  CC      lib/zlib_inflate/inflate_syms.o
  CC      drivers/clk/clkdev.o
  CC      net/ipv6/ip6_fib.o
  AR      lib/zlib_deflate/zlib_deflate.o
  AR      lib/zlib_deflate/built-in.o
  CC      lib/textsearch.o
  CC      drivers/clocksource/mmio.o
  CC      net/ipv6/ipv6_sockglue.o
  AR      lib/zlib_inflate/zlib_inflate.o
  CC      net/ipv6/ndisc.o
  AR      lib/zlib_inflate/built-in.o
  CC      fs/ntfs/quota.o
  CC      fs/proc/task_mmu.o
  CC      lib/ts_kmp.o
  CC      fs/proc/inode.o
  CC      net/ipv4/ip_output.o
  CC      drivers/clocksource/mtk_apxgpt.o
  CC      sound/soc/mediatek/audio_dsp/mtk-dsp-mem-control.o
  CC      drivers/clk/clk.o
  CC      fs/ntfs/usnjrnl.o
  CC      lib/ts_bm.o
  CC      drivers/clocksource/mtk_systimer.o
  CC      net/ipv6/udp.o
  AR      sound/soc/mediatek/audio_dsp/built-in.o
  CC      net/core/dst.o
  CC      lib/ts_fsm.o
  CC      fs/proc/root.o
  CC      sound/soc/mediatek/common/mtk-mmap-ion.o
  AR      fs/ntfs/ntfs.o
  AR      fs/ntfs/built-in.o
  CC      drivers/clk/clk-divider.o
  CC      sound/soc/mediatek/common_int/mtk-auddrv-devtree-parser.o
  CC      sound/soc/mediatek/common_int/mtk-soc-offload-common.o
  CC      fs/proc/base.o
  CC      lib/percpu_counter.o
  CC      drivers/clocksource/arm_arch_timer.o
  CC      fs/proc/generic.o
  CC      sound/soc/mediatek/common/mtk-afe-platform-driver.o
  CC      drivers/clocksource/dummy_timer.o
  CC      net/ipv6/udplite.o
  CC      fs/ext4/symlink.o
  CC      net/core/netevent.o
  CC      net/ipv6/raw.o
../drivers/clk/clk.c:48:27: warning: unused variable 'orphan_list' [-Wunused-variable]
static struct hlist_head *orphan_list[] = {
                          ^
1 warning generated.
  AR      sound/soc/mediatek/common_int/built-in.o
  CC      sound/soc/mediatek/mt6781/mt6781-afe-pcm.o
  CC      lib/audit.o
  CC      net/ipv4/ip_sockglue.o
  CC      drivers/clk/clk-fixed-factor.o
  CC      sound/soc/mediatek/scp_ultra/mt6781/mtk-scp-ultra-platform-mem-control.o
  CC      drivers/clk/clk-fixed-rate.o
  CC      drivers/clk/clk-gate.o
  AR      drivers/clocksource/built-in.o
  CC      sound/soc/mediatek/common/mtk-afe-fe-dai.o
  CC      fs/ext4/sysfs.o
  CC      drivers/cpufreq/cpufreq.o
  CC      fs/proc/array.o
  CC      lib/compat_audit.o
  CC      net/ipv6/icmp.o
  CC      net/ipv6/mcast.o
  CC      net/core/neighbour.o
  CC      lib/swiotlb.o
  AR      sound/soc/mediatek/scp_ultra/mt6781/built-in.o
  CC      sound/soc/mediatek/scp_ultra/mtk-scp-ultra-common.o
  CC      net/core/rtnetlink.o
  CC      drivers/clk/clk-multiplier.o
  CC      drivers/cpuidle/cpuidle.o
  CC      sound/soc/mediatek/mt6781/mt6781-afe-clk.o
  CC      fs/ext4/xattr.o
  CC      fs/proc/fd.o
  CC      sound/soc/mediatek/scp_ultra/mtk-scp-ultra-pcm.o
  CC      sound/soc/mediatek/common/mtk-sram-manager.o
  CC      drivers/clk/clk-mux.o
  CC      sound/soc/mediatek/common/mtk-sp-pcm-ops.o
  CC      net/ipv4/inet_hashtables.o
  CC      sound/soc/mediatek/mt6781/mt6781-afe-gpio.o
  CC      lib/iommu-helper.o
  CC      fs/proc/proc_tty.o
  CC      sound/soc/mediatek/common/mtk-afe-debug.o
  CC      drivers/cpufreq/freq_table.o
  CC      drivers/cpuidle/driver.o
  CC      lib/iommu-common.o
  CC      drivers/cpufreq/cpufreq_stats.o
  CC      sound/soc/mediatek/scp_ultra/mtk-scp-ultra-mem-control.o
  CC      drivers/clk/clk-composite.o
  CC      sound/soc/mediatek/common/mtk-sp-spk-amp.o
  CC      sound/soc/mediatek/mt6781/mt6781-dai-adda.o
  CC      drivers/clk/clk-fractional-divider.o
  CC      fs/proc/cmdline.o
  CC      sound/soc/mediatek/scp_ultra/mtk-scp-ultra_dump.o
  CC      drivers/cpufreq/cpufreq_times.o
  CC      net/ipv6/reassembly.o
  CC      net/ipv6/tcp_ipv6.o
  CC      fs/ext4/xattr_trusted.o
  CC      drivers/cpuidle/governor.o
  CC      drivers/cpuidle/sysfs.o
  CC      lib/fault-inject.o
  CC      sound/soc/mediatek/scp_ultra/mtk-scp-ultra-platform-driver.o
  CC      fs/proc/consoles.o
  CC      drivers/cpuidle/governors/mtk_menu.o
  CC      sound/soc/mediatek/mt6781/mt6781-afe-control.o
  CC      sound/soc/mediatek/common/mtk-usip.o
  CC      net/ipv4/inet_timewait_sock.o
  CC      net/ipv6/ping.o
  CC      net/core/utils.o
  CC      fs/proc/cpuinfo.o
  CC      drivers/clk/clk-gpio.o
  CC      drivers/cpuidle/dt_idle_states.o
  CC      lib/syscall.o
  CC      fs/ext4/xattr_user.o
  CC      drivers/cpufreq/cpufreq_performance.o
  CC      drivers/cpufreq/cpufreq_powersave.o
  AR      drivers/cpuidle/governors/built-in.o
  CC      drivers/clk/clk-conf.o
  CC      fs/proc/devices.o
  CC      sound/soc/mediatek/common/mtk-btcvsd.o
  CC      drivers/cpufreq/cpufreq_userspace.o
  CC      lib/dynamic_debug.o
  CC      sound/soc/mediatek/scp_ultra/ultra_ipi.o
  CC      lib/nlattr.o
  CC      sound/soc/mediatek/mt6781/mt6781-dai-i2s.o
  CC      drivers/cpuidle/cpuidle-mediatek.o
  CC      lib/checksum.o
  CC      lib/cpu_rmap.o
  CC      fs/ext4/acl.o
  CC      fs/proc/interrupts.o
  CC      drivers/cpufreq/cpufreq_ondemand.o
  CC      drivers/clk/clk-xgene.o
  AR      sound/soc/mediatek/scp_ultra/snd-soc-mtk-scp-ultra.o
  CC      net/core/link_watch.o
  AR      sound/soc/mediatek/scp_ultra/built-in.o
  AR      drivers/cpuidle/built-in.o
  CC      net/core/filter.o
  CC      net/ipv6/exthdrs.o
  CC      fs/ext4/xattr_security.o
  CC      lib/dynamic_queue_limits.o
  CC      fs/proc/loadavg.o
  AR      sound/soc/mediatek/common/snd-soc-mtk-common.o
  AR      sound/soc/mediatek/common/snd-soc-mtk-sp-common.o
  AR      sound/soc/mediatek/common/built-in.o
  CC      net/ipv4/inet_connection_sock.o
  CC      fs/proc/meminfo.o
  CC      fs/ext4/verity.o
  CC      lib/glob.o
  CC      sound/soc/mediatek/mt6781/mt6781-dai-hw-gain.o
  CC      net/ipv6/datagram.o
  CC      net/ipv6/ip6_flowlabel.o
  CC      drivers/cpufreq/cpufreq_governor.o
  CC      fs/proc/stat.o
  CC      drivers/clk/mediatek/clk-fixup-div.o
  CC      net/core/sock_diag.o
  CC      net/core/dev_ioctl.o
  CC      lib/strncpy_from_user.o
  CC      sound/soc/mediatek/mt6781/mt6781-dai-pcm.o
  CC      fs/proc/uptime.o
  CC      drivers/clk/mediatek/clk-mtk.o
  AR      fs/ext4/ext4.o
  AR      fs/ext4/built-in.o
  CC      lib/strnlen_user.o
  CC      sound/soc/mediatek/mt6781/mt6781-dai-src.o
  CC      fs/proc/version.o
  CC      drivers/cpufreq/cpufreq_governor_attr_set.o
  CC      drivers/cpufreq/cpumaxfreq.o
  CC      drivers/clk/mediatek/clk-pll.o
  CC      sound/soc/mediatek/mt6781/mt6781-dai-hostless.o
  CC      fs/proc/softirqs.o
  CC      fs/proc/namespaces.o
  CC      sound/soc/mediatek/mt6781/mt6781-misc-control.o
  CC      net/ipv6/inet6_connection_sock.o
  CC      net/ipv6/udp_offload.o
  CC      sound/soc/mediatek/mt6781/mt6781-mt6366.o
  CC      net/key/af_key.o
  CC      fs/proc/self.o
  CC      net/ipv4/tcp.o
  CC      lib/net_utils.o
  CC      lib/sg_pool.o
  CC      drivers/clk/mediatek/clk-gate.o
  AR      drivers/cpufreq/built-in.o
  CC      lib/asn1_decoder.o
  CC      lib/oid_registry.o
  CC      lib/sbitmap.o
  CC      net/core/tso.o
  CC      fs/proc/thread_self.o
  CC      fs/proc/secboot_fuse.o
  CC      drivers/clk/mediatek/clk-apmixed.o
  CC      drivers/clk/mediatek/clk-cpumux.o
  CC      fs/pstore/inode.o
  CC      fs/pstore/platform.o
  CC      lib/argv_split.o
  CC      net/ipv6/seg6.o
  CC      drivers/clk/mediatek/clk-mux.o
  CC      fs/quota/dquot.o
  CC      net/core/sock_reuseport.o
  CC      fs/proc/uid.o
  CC      drivers/clk/mediatek/clkchk.o
  CC      drivers/clk/mediatek/clk-mt6781.o
  CC      lib/bug.o
  CC      lib/chacha.o
  CC      drivers/clk/mediatek/clk-mt6781-pg.o
  CC      fs/pstore/pmsg.o
  CC      fs/pstore/ram.o
  CC      drivers/clk/mediatek/clk-mtk-v1.o
  CC      lib/clz_tab.o
  CC      fs/proc/proc_sysctl.o
  AR      sound/soc/mediatek/mt6781/snd-soc-mt6781-afe.o
  AR      net/key/built-in.o
  AR      sound/soc/mediatek/mt6781/built-in.o
  CC      fs/proc/proc_net.o
  CC      net/core/fib_notifier.o
  AR      sound/soc/mediatek/built-in.o
  CC      lib/cmdline.o
  CC      drivers/clk/mediatek/clkdbg.o
  CC      net/ipv6/fib6_notifier.o
  CC      lib/cpumask.o
  CC      lib/ctype.o
  CC      fs/pstore/ram_core.o
  AR      fs/pstore/pstore.o
  CC      net/ipv6/sysctl_net_ipv6.o
  CC      lib/dec_and_lock.o
  CC      net/core/net-sysfs.o
  CC      drivers/clk/mediatek/clkdbg-mt6781.o
  CC      lib/decompress.o
  CC      lib/decompress_inflate.o
  CC      lib/decompress_unlz4.o
  CC      lib/dump_stack.o
  AR      sound/soc/snd-soc-core.o
  CC      net/ipv4/tcp_input.o
  AR      sound/soc/built-in.o
  CC      fs/quota/quota_v2.o
  CC      fs/quota/quota_tree.o
  AR      fs/pstore/ramoops.o
  AR      fs/pstore/built-in.o
  CC      fs/proc/kmsg.o
  CC      net/ipv6/xfrm6_policy.o
  CC      net/core/net-procfs.o
  CC      lib/earlycpio.o
  CC      kernel/audit.o
  CC      fs/proc/page.o
  CC      drivers/clk/mediatek/clkchk-mt6781.o
  CC      sound/usb/card.o
  CC      kernel/auditfilter.o
  CC      kernel/auditsc.o
  CC      lib/extable.o
  CC      lib/fdt.o
  CC      fs/quota/quota.o
  CC      lib/fdt_empty_tree.o
  CC      fs/proc/serial_num.o
  CC      lib/fdt_ro.o
  CC      drivers/clk/mediatek/clk-bringup.o
  CC      lib/fdt_rw.o
  CC      fs/quota/kqid.o
  CC      fs/quota/netlink.o
  CC      lib/fdt_strerror.o
  CC      lib/fdt_sw.o
  AR      fs/proc/proc.o
  AR      fs/proc/built-in.o
  CC      net/core/fib_rules.o
  CC      fs/ramfs/inode.o
  CC      sound/usb/clock.o
  CC      lib/fdt_wip.o
../drivers/clk/mediatek/clk-bringup.c:60:1: warning: unused label 'fail' [-Wunused-label]
fail:
^~~~~
1 warning generated.
  AR      drivers/clk/mediatek/built-in.o
  CC      net/ipv6/xfrm6_state.o
  CC      net/core/net-traces.o
  CC      sound/last.o
  AR      drivers/clk/built-in.o
  CC      lib/flex_proportions.o
  CC      drivers/dax/super.o
  CC      net/l2tp/l2tp_core.o
  CC      net/l2tp/l2tp_ppp.o
  CC      net/llc/llc_core.o
  CC      lib/idr.o
  CC      lib/int_sqrt.o
  CC      sound/usb/endpoint.o
  CC      fs/ramfs/file-mmu.o
  CC      lib/ioremap.o
  CC      kernel/audit_watch.o
  AR      fs/quota/built-in.o
  CC      kernel/audit_fsnotify.o
  CC      fs/sdcardfs/dentry.o
  CC      lib/irq_regs.o
  CC      net/ipv6/xfrm6_input.o
  AR      drivers/dax/dax.o
  AR      drivers/dax/built-in.o
  AR      fs/ramfs/ramfs.o
  AR      fs/ramfs/built-in.o
  CC      drivers/devfreq/devfreq.o
  CC      drivers/devfreq/governor_simpleondemand.o
  CC      lib/is_single_threaded.o
  CC      net/llc/llc_input.o
  CC      fs/sdfat/sdfat.o
  CC      lib/klist.o
  CC      sound/usb/format.o
  CC      fs/sdcardfs/file.o
  CC      kernel/audit_tree.o
  CC      kernel/hung_task.o
  CC      kernel/seccomp.o
  CC      kernel/utsname_sysctl.o
  CC      drivers/devfreq/helio-dvfsrc-v3/helio-dvfsrc-qos.o
  CC      lib/kobject.o
../sound/usb/format.c:186:23: warning: unused variable 'udev' [-Wunused-variable]
                        struct usb_device *udev = chip->dev;
                                           ^
1 warning generated.
  CC      net/core/dst_cache.o
  CC      net/ipv4/tcp_output.o
  AR      net/l2tp/built-in.o
  CC      fs/sdcardfs/inode.o
  CC      kernel/delayacct.o
  CC      sound/usb/helper.o
  CC      sound/usb/mixer.o
  CC      kernel/taskstats.o
  CC      net/llc/llc_output.o
  CC      net/ipv6/xfrm6_output.o
  CC      drivers/devfreq/helio-dvfsrc-v3/helio-dvfsrc-sysfs.o
  CC      drivers/devfreq/helio-dvfsrc-v3/helio-dvfsrc-opp.o
  CC      drivers/devfreq/helio-dvfsrc-v3/helio-dvfsrc-opp-v6781.o
  CC      drivers/devfreq/helio-dvfsrc-v3/helio-dvfsrc-v6781.o
  CC      kernel/tsacct.o
  CC      fs/sdfat/core.o
  CC      lib/kobject_uevent.o
  CC      fs/sdcardfs/main.o
  CC      net/ipv4/tcp_timer.o
  CC      net/core/gro_cells.o
  CC      drivers/devfreq/helio-dvfsrc-v3/helio-dvfsrc-ip-v2.o
  CC      drivers/devfreq/helio-dvfsrc-v3/helio-dvfsrc-smc-control.o
  CC      kernel/tracepoint.o
  CC      kernel/elfcore.o
  CC      sound/usb/mixer_quirks.o
  CC      sound/usb/mixer_scarlett.o
  CC      sound/usb/mixer_us16x08.o
  AR      net/llc/llc.o
  AR      net/llc/built-in.o
  CC      net/ipv4/tcp_ipv4.o
  CC      net/ipv4/tcp_minisocks.o
  CC      fs/sdcardfs/super.o
  CC      fs/sdcardfs/lookup.o
  CC      net/ipv6/xfrm6_protocol.o
  CC      kernel/irq_work.o
  AR      net/core/built-in.o
  CC      sound/usb/pcm.o
  CC      lib/nmi_backtrace.o
  CC      fs/sdfat/core_fat.o
  CC      sound/usb/proc.o
  CC      sound/usb/quirks.o
  AR      drivers/devfreq/helio-dvfsrc-v3/built-in.o
  AR      drivers/devfreq/built-in.o
  CC      fs/sdcardfs/mmap.o
  CC      drivers/dma/dmaengine.o
  CC      fs/sdcardfs/packagelist.o
  CC      net/ipv4/tcp_cong.o
  CC      net/ipv4/tcp_metrics.o
  CC      lib/nodemask.o
  CC      fs/sdfat/core_exfat.o
  CC      net/netfilter/core.o
  CC      fs/sdfat/api.o
  CC      fs/sdfat/blkdev.o
  CC      fs/sdfat/fatent.o
  CC      sound/usb/stream.o
  CC      sound/usb/midi.o
  CC      lib/plist.o
  CC      lib/radix-tree.o
  CC      net/ipv6/netfilter.o
  CC      lib/ratelimit.o
  CC      drivers/dma/virt-dma.o
  CC      fs/sdfat/amap_smart.o
  CC      drivers/dma/of-dma.o
  CC      fs/sdfat/cache.o
  CC      fs/sdfat/dfr.o
  CC      kernel/cpu_pm.o
  CC      kernel/memremap.o
  CC      lib/rbtree.o
  CC      net/ipv4/tcp_fastopen.o
  AR      sound/usb/snd-usb-audio.o
  CC      lib/seq_buf.o
  CC      net/netfilter/nf_log.o
  CC      fs/sdfat/nls.o
  CC      lib/sha1.o
  CC      lib/show_mem.o
  CC      drivers/dma/8250_mtk_dma.o
  CC      fs/sdfat/misc.o
  CC      fs/sdfat/mpage.o
  CHK     kernel/config_data.h
  AR      sound/usb/snd-usbmidi-lib.o
  AR      sound/usb/built-in.o
  CC      drivers/dma/mediatek/mtk-cqdma.o
  AR      sound/soundcore.o
  CC      net/ipv6/fib6_rules.o
  CC      net/ipv6/proc.o
  AR      sound/built-in.o
  CC      net/ipv6/syncookies.o
  CC      lib/siphash.o
  CC      net/ipv6/esp6.o
  CC      kernel/configs.o
  CC      net/ipv6/ipcomp6.o
  CC      fs/sdfat/extent.o
  CC      fs/sdfat/statistics.o
  CC      net/ipv6/xfrm6_tunnel.o
  CC      fs/sysfs/file.o
  CC      fs/sysfs/dir.o
  CC      lib/string.o
  AR      drivers/dma/mediatek/built-in.o
  AR      drivers/dma/built-in.o
  CC      lib/timerqueue.o
  CC      net/ipv4/tcp_rate.o
  CC      drivers/dma-buf/dma-buf.o
  CC      net/netfilter/nf_queue.o
  CC      net/ipv6/tunnel6.o
  AR      fs/sdfat/sdfat_fs.o
  AR      fs/sdfat/built-in.o
  CC      net/ipv6/xfrm6_mode_transport.o
  CC      net/ipv6/xfrm6_mode_tunnel.o
  CC      net/ipv6/xfrm6_mode_beet.o
  CC      fs/tracefs/inode.o
  CC      net/ipv6/mip6.o
  CC      lib/vsprintf.o
  CC      fs/verity/enable.o
  CC      fs/sysfs/symlink.o
  CC      fs/sysfs/mount.o
  CC      fs/sdcardfs/derived_perm.o
  CC      lib/win_minmax.o
  CC      drivers/dma-buf/dma-fence.o
  AR      fs/tracefs/tracefs.o
  AR      fs/tracefs/built-in.o
  CC      net/ipv6/ip6_vti.o
  CC      net/ipv6/netfilter/ip6_tables.o
  CC      net/netlink/af_netlink.o
  CC      net/ipv6/netfilter/ip6table_filter.o
  CC      fs/sysfs/group.o
  CC      net/ipv6/netfilter/ip6table_mangle.o
  CC      net/ipv4/tcp_recovery.o
  CC      net/netfilter/nf_sockopt.o
  CC      net/ipv6/sit.o
  CC      net/ipv6/ip6_tunnel.o
  CC      fs/verity/hash_algs.o
  CC      net/ipv6/addrconf_core.o
  AR      fs/sdcardfs/sdcardfs.o
  AR      fs/sdcardfs/built-in.o
  CC      fs/verity/init.o
  AR      fs/sysfs/built-in.o
  CC      fs/eventpoll.o
  CC      fs/verity/measure.o
  CC      fs/verity/open.o
  CC      fs/verity/verify.o
  CC      net/ipv6/exthdrs_core.o
  CC      drivers/dma-buf/dma-fence-array.o
  CC      net/ipv4/tcp_ulp.o
  AR      lib/lib.a
  EXPORTS lib/lib-ksyms.o
  AR      lib/built-in.o
  CC      net/ipv6/ip6_checksum.o
  CC      net/ipv4/tcp_offload.o
  CC      net/netfilter/nfnetlink.o
  CC      fs/verity/signature.o
  CC      net/ipv6/ip6_icmp.o
  CC      drivers/dma-buf/reservation.o
  CC      drivers/dma-buf/seqno-fence.o
  CC      drivers/dma-buf/sync_file.o
  CC      net/ipv6/output_core.o
  CC      net/ipv6/netfilter/ip6table_raw.o
  AR      fs/verity/built-in.o
  CC      fs/anon_inodes.o
  CC      net/ipv6/protocol.o
  CC      net/ipv4/datagram.o
  CC      net/ipv4/raw.o
  CC      net/ipv6/netfilter/nf_conntrack_l3proto_ipv6.o
  CC      net/ipv6/netfilter/nf_conntrack_proto_icmpv6.o
  CC      net/netlink/genetlink.o
  CC      net/ipv6/netfilter/nf_defrag_ipv6_hooks.o
  CC      net/netfilter/nfnetlink_queue.o
  AR      drivers/dma-buf/built-in.o
  CC      net/ipv6/ip6_offload.o
  CC      net/ipv4/udp.o
  CC      net/ipv4/udplite.o
  CC      net/ipv4/udp_offload.o
  CC      drivers/extcon/extcon.o
  CC      fs/signalfd.o
  CC      drivers/extcon/devres.o
  CC      net/ipv6/netfilter/nf_conntrack_reasm.o
  CC      fs/timerfd.o
  CC      net/ipv6/tcpv6_offload.o
  CC      net/ipv4/arp.o
  CC      net/ipv6/netfilter/nf_socket_ipv6.o
  CC      net/ipv6/exthdrs_offload.o
  CC      net/ipv6/inet6_hashtables.o
  CC      net/netfilter/nfnetlink_log.o
  CC      fs/eventfd.o
  AR      net/netlink/built-in.o
  CC      net/netfilter/nf_conntrack_core.o
  CC      net/ipv4/icmp.o
  CC      net/ipv4/devinet.o
  AR      drivers/extcon/extcon-core.o
  AR      drivers/extcon/built-in.o
  CC      fs/aio.o
  CC      net/ipv4/af_inet.o
  CC      drivers/firmware/psci.o
  CC      net/ipv6/ip6_udp_tunnel.o
  CC      fs/locks.o
  CC      fs/compat.o
  CC      fs/compat_ioctl.o
  CC      net/ipv6/netfilter/nf_reject_ipv6.o
  CC      net/ipv4/igmp.o
  AR      drivers/firmware/built-in.o
  CC      net/ipv4/fib_frontend.o
  CC      net/netfilter/nf_conntrack_standalone.o
  CC      fs/binfmt_script.o
  CC      net/ipv4/fib_semantics.o
  CC      drivers/gpio/devres.o
  CC      net/ipv4/fib_trie.o
  CC      net/ipv6/mcast_snoop.o
  CC      fs/binfmt_elf.o
  CC      net/ipv4/fib_notifier.o
  CC      fs/compat_binfmt_elf.o
  CC      net/ipv4/inet_fragment.o
  CC      net/netfilter/nf_conntrack_expect.o
  CC      drivers/gpio/gpiolib.o
  CC      net/ipv6/netfilter/ip6t_rpfilter.o
  CC      drivers/gpio/gpiolib-legacy.o
  CC      net/ipv4/ping.o
  CC      fs/mbcache.o
  CC      fs/posix_acl.o
  CC      fs/coredump.o
  CC      fs/drop_caches.o
  CC      net/netfilter/nf_conntrack_helper.o
  CC      net/netfilter/nf_conntrack_proto.o
  CC      fs/dcookies.o
  CC      net/ipv4/ip_tunnel_core.o
  CC      net/netfilter/nf_conntrack_l3proto_generic.o
  CC      drivers/gpio/gpiolib-devprop.o
  CC      net/ipv6/netfilter/ip6t_REJECT.o
  CC      drivers/gpio/gpiolib-of.o
  CC      net/netfilter/nf_conntrack_proto_generic.o
  CC      net/netfilter/nf_conntrack_proto_tcp.o
  CC      net/netfilter/nf_conntrack_proto_udp.o
  CC      net/ipv4/gre_offload.o
  AR      net/ipv6/netfilter/nf_conntrack_ipv6.o
  AR      net/ipv6/netfilter/nf_defrag_ipv6.o
  CC      net/ipv4/ip_tunnel.o
  CC      net/ipv4/sysctl_net_ipv4.o
  CC      net/ipv4/proc.o
  AR      drivers/gpio/built-in.o
  AR      net/ipv6/netfilter/built-in.o
  AR      net/ipv6/ipv6.o
  AR      net/ipv6/built-in.o
  CC      net/ipv4/fib_rules.o
  AR      fs/built-in.o
  CC      net/netfilter/nf_conntrack_extend.o
  CC      net/netfilter/nf_conntrack_acct.o
  CC      net/netfilter/nf_conntrack_seqadj.o
  CC      net/netfilter/nf_conntrack_ecache.o
  CC      net/nfc/core.o
  CC      net/ipv4/gre_demux.o
  CC      net/ipv4/udp_tunnel.o
  CC      net/netfilter/nf_conntrack_proto_dccp.o
  CC      net/ipv4/ip_vti.o
  CC      drivers/gpu/drm/drm_crtc_helper.o
  CC      net/netfilter/nf_conntrack_proto_sctp.o
  CC      net/netfilter/nf_conntrack_proto_gre.o
  CC      net/ipv4/syncookies.o
  CC      net/netfilter/nf_conntrack_netlink.o
  CC      net/netfilter/nf_conntrack_amanda.o
  CC      net/ipv4/esp4.o
  CC      net/netfilter/nf_conntrack_ftp.o
  CC      net/netfilter/nf_conntrack_h323_main.o
  CC      net/ipv4/xfrm4_mode_beet.o
  CC      net/nfc/netlink.o
  CC      net/netfilter/nf_conntrack_h323_asn1.o
  CC      net/netfilter/nf_conntrack_irc.o
  CC      drivers/gpu/drm/drm_dp_helper.o
  CC      drivers/i2c/i2c-boardinfo.o
  CC      net/netfilter/nf_conntrack_broadcast.o
  CC      net/netfilter/nf_conntrack_netbios_ns.o
  CC      net/ipv4/tunnel4.o
  CC      net/netfilter/nf_conntrack_pptp.o
  CC      drivers/hid/hid-core.o
  CC      drivers/hid/hid-input.o
  CC      drivers/i2c/i2c-core-base.o
  CC      drivers/hid/hidraw.o
  CC      drivers/i2c/i2c-core-smbus.o
  CC      net/netfilter/nf_conntrack_sane.o
  CC      drivers/gpu/drm/drm_probe_helper.o
  CC      net/netfilter/nf_conntrack_tftp.o
  CC      net/netfilter/nf_nat_core.o
  CC      drivers/gpu/drm/drm_plane_helper.o
  CC      net/nfc/af_nfc.o
  CC      net/netfilter/nf_nat_proto_unknown.o
  CC      net/netfilter/nf_nat_proto_common.o
  CC      drivers/hid/uhid.o
  CC      net/ipv4/xfrm4_mode_transport.o
  CC      net/netfilter/nf_nat_proto_udp.o
  CC      drivers/hid/hid-generic.o
  CC      net/netfilter/nf_nat_proto_tcp.o
  CC      drivers/gpu/drm/drm_dp_mst_topology.o
  CC      drivers/hid/hid-a4tech.o
  CC      drivers/i2c/i2c-core-of.o
  CC      drivers/hid/hid-apple.o
  CC      drivers/gpu/drm/drm_atomic_helper.o
  CC      net/netfilter/nf_nat_helper.o
  CC      drivers/i2c/i2c-mux.o
  CC      net/netfilter/nf_nat_proto_dccp.o
  CC      net/nfc/rawsock.o
  CC      net/nfc/llcp_core.o
  CC      net/netfilter/nf_nat_proto_sctp.o
  CC      net/ipv4/xfrm4_mode_tunnel.o
  CC      net/netfilter/nf_nat_redirect.o
  CC      net/netfilter/nf_nat_amanda.o
  CC      drivers/hid/hid-belkin.o
  CC      net/netfilter/nf_nat_ftp.o
  CC      net/ipv4/netfilter.o
  CC      drivers/i2c/algos/i2c-algo-bit.o
  CC      drivers/hid/hid-cherry.o
  CC      net/ipv4/netfilter/nf_conntrack_l3proto_ipv4.o
  CC      net/netfilter/nf_nat_irc.o
  CC      net/nfc/llcp_commands.o
  CC      net/nfc/llcp_sock.o
  CC      net/ipv4/inet_diag.o
  CC      drivers/iio/industrialio-core.o
  CC      net/netfilter/nf_nat_tftp.o
  CC      net/netfilter/x_tables.o
  CC      drivers/i2c/busses/i2c-mtk.o
  CC      drivers/hid/hid-chicony.o
  AR      drivers/i2c/algos/built-in.o
  CC      drivers/iio/industrialio-event.o
  AR      drivers/i2c/i2c-core.o
  CC      drivers/iio/inkern.o
  CC      drivers/gpu/drm/drm_kms_helper_common.o
  CC      drivers/gpu/drm/drm_dp_dual_mode_helper.o
  CC      net/netfilter/xt_tcpudp.o
  CC      net/ipv4/netfilter/nf_conntrack_proto_icmp.o
  CC      drivers/iio/industrialio-buffer.o
  CC      drivers/hid/hid-cypress.o
  CC      drivers/gpu/drm/drm_simple_kms_helper.o
  CC      drivers/hid/hid-dr.o
  CC      drivers/iio/adc/mt6577_auxadc.o
  AR      net/nfc/nfc.o
  AR      net/nfc/built-in.o
  CC      net/packet/af_packet.o
  CC      drivers/iio/buffer/kfifo_buf.o
  CC      net/netfilter/xt_mark.o
  CC      drivers/hid/hid-ezkey.o
  CC      drivers/gpu/drm/drm_modeset_helper.o
  CC      drivers/hid/hid-gyration.o
  CC      net/netfilter/xt_connmark.o
../drivers/i2c/busses/i2c-mtk.c:825:3: warning: add explicit braces to avoid dangling else [-Wdangling-else]
                else {
                ^
1 warning generated.
  CC      drivers/iio/adc/mt635x-auxadc.o
  CC      net/sched/sch_generic.o
  CC      net/ipv4/netfilter/nf_nat_l3proto_ipv4.o
  CC      net/sched/sch_mq.o
  CC      drivers/i2c/busses/i2c-mtk_debug.o
  CC      net/ipv4/netfilter/nf_nat_proto_icmp.o
  CC      drivers/hid/hid-kensington.o
  CC      net/netfilter/xt_nat.o
  AR      drivers/iio/buffer/built-in.o
  CC      net/unix/af_unix.o
  AR      drivers/iio/industrialio.o
  CC      net/unix/garbage.o
  CC      net/unix/sysctl_net_unix.o
  AR      drivers/iio/adc/built-in.o
  CC      net/wireless/core.o
  AR      drivers/iio/built-in.o
  CC      drivers/gpu/drm/drm_scdc_helper.o
  CC      net/wireless/sysfs.o
  CC      drivers/hid/hid-kye.o
  CC      net/sched/sch_api.o
  CC      net/netfilter/xt_CLASSIFY.o
  AR      drivers/i2c/busses/built-in.o
  AR      drivers/i2c/built-in.o
  CC      net/ipv4/netfilter/nf_defrag_ipv4.o
  CC      net/sched/sch_blackhole.o
  CC      drivers/input/input.o
  CC      drivers/hid/hid-lg.o
  CC      net/unix/scm.o
  CC      net/netfilter/xt_CONNSECMARK.o
  CC      net/ipv4/netfilter/nf_socket_ipv4.o
  CC      net/ipv4/netfilter/nf_reject_ipv4.o
  CC      drivers/gpu/drm/drm_gem_framebuffer_helper.o
  CC      net/netfilter/xt_CT.o
  CC      drivers/hid/hid-magicmouse.o
  CC      net/sched/cls_api.o
  CC      drivers/hid/hid-microsoft.o
  AR      net/packet/built-in.o
  CC      drivers/input/input-compat.o
  AR      net/unix/unix.o
  CC      drivers/input/input-mt.o
  CC      net/ipv4/netfilter/nf_nat_h323.o
  CC      net/netfilter/xt_NETMAP.o
  CC      net/netfilter/xt_NFLOG.o
  CC      drivers/hid/hid-monterey.o
  AR      net/unix/built-in.o
  CC      net/netfilter/xt_NFQUEUE.o
  CC      net/sched/act_api.o
  CC      net/netfilter/xt_REDIRECT.o
  CC      drivers/input/ff-core.o
  CC      drivers/gpu/drm/bridge/panel.o
  CC      drivers/input/input-leds.o
  CC      net/wireless/radiotap.o
  CC      drivers/input/evdev.o
  CC      net/ipv4/netfilter/nf_nat_pptp.o
  CC      drivers/hid/hid-multitouch.o
  CC      drivers/gpu/drm/drm_fb_helper.o
  CC      net/sched/sch_fifo.o
  CC      net/netfilter/xt_SECMARK.o
  CC      net/ipv4/tcp_diag.o
  CC      drivers/input/fingerprint/fpc/mtk_spi.o
  CC      net/ipv4/netfilter/nf_nat_masquerade_ipv4.o
  CC      net/netfilter/xt_TPROXY.o
  CC      net/netfilter/xt_TCPMSS.o
  CC      drivers/input/joystick/xpad.o
  CC      net/wireless/util.o
  CC      drivers/hid/hid-nintendo.o
  CC      net/sched/sch_htb.o
  CC      net/sched/sch_ingress.o
  CC      net/ipv4/netfilter/nf_nat_proto_gre.o
  CC      net/ipv4/netfilter/ip_tables.o
  AR      drivers/input/fingerprint/fpc/built-in.o
  CC      net/ipv4/udp_diag.o
  CC      drivers/input/fingerprint/goodix/gf_spi_tee.o
  CC      net/ipv4/tcp_bic.o
  AR      drivers/input/joystick/built-in.o
  CC      net/xfrm/xfrm_policy.o
../drivers/gpu/drm/drm_fb_helper.c:1493:13: warning: unused function 'drm_fb_pixel_format_equal' [-Wunused-function]
static bool drm_fb_pixel_format_equal(const struct fb_var_screeninfo *var_1,
            ^
1 warning generated.
  CC      net/ipv4/tcp_cubic.o
  CC      drivers/hid/hid-pl.o
  CC      net/ipv4/tcp_westwood.o
  CC      kernel/kheaders.o
  CC      drivers/gpu/drm/drm_auth.o
  CC      drivers/hid/hid-petalynx.o
  CC      net/netfilter/xt_TRACE.o
  CC      net/sched/cls_u32.o
  CC      net/sched/cls_bpf.o
  CC      drivers/hid/hid-plantronics.o
  AR      kernel/built-in.o
  CC      drivers/hid/hid-samsung.o
  CC      net/compat.o
  CC      drivers/hid/hid-sjoy.o
  CC      net/ipv4/tcp_htcp.o
  CC      net/ipv4/netfilter/iptable_filter.o
  CC      net/ipv4/tcp_sociopath.o
../drivers/input/fingerprint/goodix/gf_spi_tee.c:1894:6: warning: ISO C90 forbids mixing declarations and code [-Wdeclaration-after-statement]
        int status = -EINVAL;
            ^
../drivers/input/fingerprint/goodix/gf_spi_tee.c:2177:1: warning: unused label 'err_buf' [-Wunused-label]
err_buf:
^~~~~~~~
../drivers/input/fingerprint/goodix/gf_spi_tee.c:2182:1: warning: unused label 'err' [-Wunused-label]
err:
^~~~
../drivers/input/fingerprint/goodix/gf_spi_tee.c:2255:6: warning: ISO C90 forbids mixing declarations and code [-Wdeclaration-after-statement]
        int status = -EINVAL;
            ^
4 warnings generated.
  CC      net/netfilter/xt_IDLETIMER.o
  CC      drivers/input/fingerprint/goodix/gf_spi_factory.o
  CC      drivers/hid/hid-sony.o
  CC      drivers/hid/hid-sunplus.o
  CC      drivers/hid/hid-gaff.o
  CC      drivers/gpu/drm/drm_bufs.o
  CC      net/ipv4/xfrm4_policy.o
  CC      net/sched/ematch.o
  CC      net/sched/em_u32.o
  CC      net/ipv4/netfilter/iptable_mangle.o
  CC      net/wireless/reg.o
  CC      net/ipv4/xfrm4_state.o
  CC      net/netfilter/xt_bpf.o
  CC      net/ipv4/xfrm4_input.o
  CC      net/ipv4/xfrm4_output.o
  AR      drivers/input/fingerprint/goodix/built-in.o
  AR      drivers/input/fingerprint/built-in.o
  CC      net/ipv4/netfilter/iptable_nat.o
  CC      drivers/hid/hid-tmff.o
  CC      net/netfilter/xt_comment.o
  CC      drivers/input/keyboard/mediatek/kpd.o
  CC      drivers/input/keyboard/mediatek/mt6781/hal_kpd.o
  CC      net/ipv4/xfrm4_protocol.o
  CC      drivers/hid/hid-topseed.o
  CC      net/ipv4/netfilter/iptable_raw.o
  AR      net/sched/built-in.o
  CC      net/sysctl_net.o
  CC      net/netfilter/xt_connlimit.o
  CC      drivers/gpu/drm/drm_cache.o
  CC      net/xfrm/xfrm_state.o
  CC      drivers/input/misc/uinput.o
  CC      drivers/input/touchscreen/of_touchscreen.o
  CC      drivers/input/touchscreen/wt_tp_grip_area.o
  CC      drivers/iommu/iommu.o
  CC      drivers/irqchip/irqchip.o
  CC      drivers/hid/hid-twinhan.o
  CC      drivers/iommu/iommu-traces.o
  AR      drivers/input/keyboard/mediatek/mt6781/built-in.o
  AR      drivers/input/keyboard/mediatek/built-in.o
  AR      drivers/input/keyboard/built-in.o
  AR      net/ipv4/gre.o
  AR      drivers/input/input-core.o
  CC      drivers/iommu/iommu-sysfs.o
  CC      drivers/irqchip/irq-gic.o
  CC      drivers/input/touchscreen/wt_tp_palm.o
  CC      net/ipv4/netfilter/iptable_security.o
  AR      drivers/input/misc/built-in.o
  CC      drivers/irqchip/irq-gic-common.o
  CC      drivers/gpu/drm/drm_context.o
  CC      drivers/irqchip/irq-gic-v3.o
  CC      drivers/hid/hid-zpff.o
  CC      drivers/hid/usbhid/hid-core.o
  CC      drivers/hid/usbhid/hid-quirks.o
  CC      drivers/irqchip/irq-partition-percpu.o
  CC      drivers/iommu/dma-iommu.o
  CC      drivers/iommu/io-pgtable.o
  CC      net/netfilter/xt_conntrack.o
  CC      drivers/iommu/io-pgtable-arm-v7s.o
  CC      drivers/input/touchscreen/xiaomi/xiaomi_touch.o
  CC      drivers/iommu/iova.o
  CC      drivers/gpu/drm/drm_dma.o
  CC      drivers/input/touchscreen/goodix_gtx8/goodix_ts_i2c.o
  CC      drivers/gpu/drm/drm_file.o
  CC      drivers/iommu/of_iommu.o
  CC      net/ipv4/netfilter/ipt_MASQUERADE.o
  CC      net/ipv4/netfilter/ipt_REJECT.o
  CC      net/wireless/scan.o
../net/xfrm/xfrm_state.c:871:13: warning: unused function 'xfrm_state_print_back_trace' [-Wunused-function]
static void xfrm_state_print_back_trace(struct xfrm_state_trace *trace)
            ^
1 warning generated.
  AR      drivers/irqchip/built-in.o
  CC      drivers/iommu/mtk_iommu_v2.o
  CC      net/wireless/nl80211.o
  AR      drivers/hid/usbhid/usbhid.o
  AR      drivers/hid/usbhid/built-in.o
  AR      drivers/hid/hid.o
  AR      drivers/hid/hid-logitech.o
  AR      drivers/input/touchscreen/xiaomi/built-in.o
  AR      drivers/hid/built-in.o
  CC      net/wireless/mlme.o
-- KernelSU version: 11872
  CC      net/xfrm/xfrm_hash.o
-- KernelSU Manager signature size: 0x033b
-- KernelSU Manager signature hash: c371061b19d8c7d7d6133c6a9bafe198fa944e50c1b31c9d8daa8d7f1fc2d2d6
-- Did you know you can backport path_umount to fs/namespace.c from 5.9?
-- Read: https://kernelsu.org/guide/how-to-integrate-for-non-gki.html#how-to-backport-path-umount
../drivers/iommu/io-pgtable-arm-v7s.c:994:6: warning: unused variable 'sz' [-Wunused-variable]
        u32 sz;
            ^
1 warning generated.
  CC      drivers/gpu/drm/drm_gem.o
  CC      drivers/kernelsu/ksu.o
  CC      drivers/iommu/mtk_iommu_ext.o
  CC      drivers/kernelsu/allowlist.o
  CC      net/netfilter/xt_ecn.o
  CC      drivers/kernelsu/apk_sign.o
  CC      drivers/gpu/drm/drm_ioctl.o
  CC      net/xfrm/xfrm_input.o
  CC      net/wireless/sme.o
  CC      net/wireless/ibss.o
In file included from ../drivers/input/touchscreen/goodix_gtx8/goodix_ts_i2c.c:26:
../drivers/input/touchscreen/goodix_gtx8/goodix_ts_core.h:855:12: warning: unused function 'gtp_aod_notifier_callback' [-Wunused-function]
static int gtp_aod_notifier_callback(struct notifier_block *self,
           ^
1 warning generated.
  CC      net/ipv4/netfilter/arp_tables.o
  CC      drivers/kernelsu/sucompat.o
  CC      drivers/input/touchscreen/goodix_gtx8/goodix_ts_core.o
  CC      drivers/input/touchscreen/goodix_gtx8/goodix_cfg_bin.o
../drivers/iommu/mtk_iommu_v2.c:209:15: warning: unused variable 'larbid' [-Wunused-variable]
        unsigned int larbid, portid, domain_id = 0;
                     ^
../drivers/iommu/mtk_iommu_v2.c:209:31: warning: unused variable 'domain_id' [-Wunused-variable]
        unsigned int larbid, portid, domain_id = 0;
                                     ^
../drivers/iommu/mtk_iommu_v2.c:208:23: warning: unused variable 'fwspec' [-Wunused-variable]
        struct iommu_fwspec *fwspec;
                             ^
../drivers/iommu/mtk_iommu_v2.c:209:23: warning: unused variable 'portid' [-Wunused-variable]
        unsigned int larbid, portid, domain_id = 0;
                             ^
../drivers/iommu/mtk_iommu_v2.c:1676:1: warning: unused label 'out' [-Wunused-label]
out:
^~~~
../drivers/iommu/mtk_iommu_v2.c:2657:8: warning: operator '<<' has lower precedence than '+'; '+' will be evaluated first [-Wshift-op-parentheses]
                   | F_READ_ENTRY_MAIN_IDX(m4u_slave_id, idx);
                     ^~~~~~~~~~~~~~~~~~~~~~~~~~~~~~~~~~~~~~~~
../drivers/misc/mediatek/include/mt-plat/mt6785/include/mach/../../../mt6781/include/mach/mt_iommu_plat.h:268:30: note: expanded from macro 'F_READ_ENTRY_MAIN_IDX'
        F_VAL(idx, 19 + mmu * 6, 14 + mmu * 6)
        ~~~~~~~~~~~~~~~~~~~~~~~~~~~~^~~~~~~~~~
../drivers/misc/mediatek/include/mt-plat/mt6785/include/mach/../../../mt6781/include/mach/pseudo_m4u.h:323:62: note: expanded from macro 'F_VAL'
#define F_VAL(val, msb, lsb)            (((val)&((1<<(msb-lsb+1))-1))<<lsb)
                                                                     ~~^~~
../drivers/iommu/mtk_iommu_v2.c:2657:8: note: place parentheses around the '+' expression to silence this warning
                   | F_READ_ENTRY_MAIN_IDX(m4u_slave_id, idx);
                     ^~~~~~~~~~~~~~~~~~~~~~~~~~~~~~~~~~~~~~~~
../drivers/misc/mediatek/include/mt-plat/mt6785/include/mach/../../../mt6781/include/mach/mt_iommu_plat.h:268:30: note: expanded from macro 'F_READ_ENTRY_MAIN_IDX'
        F_VAL(idx, 19 + mmu * 6, 14 + mmu * 6)
        ~~~~~~~~~~~~~~~~~~~~~~~~~~~~^~~~~~~~~~
../drivers/misc/mediatek/include/mt-plat/mt6785/include/mach/../../../mt6781/include/mach/pseudo_m4u.h:323:62: note: expanded from macro 'F_VAL'
#define F_VAL(val, msb, lsb)            (((val)&((1<<(msb-lsb+1))-1))<<lsb)
                                                                       ^~~
6 warnings generated.
  CC      drivers/kernelsu/throne_tracker.o
  CC      net/netfilter/xt_esp.o
  CC      net/netfilter/xt_hashlimit.o
  AR      drivers/iommu/built-in.o
  CC      drivers/gpu/drm/drm_irq.o
  CC      net/netfilter/xt_helper.o
  CC      drivers/kernelsu/core_hook.o
In file included from ../drivers/input/touchscreen/goodix_gtx8/goodix_cfg_bin.c:1:
In file included from ../drivers/input/touchscreen/goodix_gtx8/goodix_cfg_bin.h:4:
../drivers/input/touchscreen/goodix_gtx8/goodix_ts_core.h:855:12: warning: unused function 'gtp_aod_notifier_callback' [-Wunused-function]
static int gtp_aod_notifier_callback(struct notifier_block *self,
           ^
1 warning generated.
  CC      drivers/input/touchscreen/goodix_gtx8/goodix_gtx8_update.o
  CC      drivers/gpu/drm/drm_lock.o
../drivers/input/touchscreen/goodix_gtx8/goodix_ts_core.c:1290:5: warning: unused variable 'irq_flag' [-Wunused-variable]
        u8 irq_flag = 0;
           ^
1 warning generated.
  CC      net/wireless/chan.o
  CC      net/wireless/ethtool.o
  CC      drivers/kernelsu/ksud.o
  CC      net/netfilter/xt_hl.o
  CC      net/xfrm/xfrm_output.o
  CC      net/xfrm/xfrm_sysctl.o
  CC      net/ipv4/netfilter/arpt_mangle.o
  CC      net/netfilter/xt_iprange.o
  CC      net/xfrm/xfrm_replay.o
  CC      net/netfilter/xt_l2tp.o
  CC      drivers/gpu/drm/drm_memory.o
  CC      drivers/kernelsu/embed_ksud.o
In file included from ../drivers/input/touchscreen/goodix_gtx8/goodix_gtx8_update.c:17:
../drivers/input/touchscreen/goodix_gtx8/goodix_ts_core.h:855:12: warning: unused function 'gtp_aod_notifier_callback' [-Wunused-function]
static int gtp_aod_notifier_callback(struct notifier_block *self,
           ^
1 warning generated.
  CC      net/ipv4/netfilter/arptable_filter.o
  CC      drivers/input/touchscreen/goodix_gtx8/goodix_ts_test.o
  CC      drivers/kernelsu/kernel_compat.o
  CC      net/wireless/mesh.o
  CC      net/wireless/ap.o
  CC      drivers/kernelsu/selinux/selinux.o
  CC      net/wireless/trace.o
  CC      net/wireless/ocb.o
  CC      net/wireless/of.o
  AR      net/ipv4/netfilter/nf_conntrack_ipv4.o
  AR      net/ipv4/netfilter/nf_nat_ipv4.o
  AR      net/ipv4/netfilter/built-in.o
  AR      net/ipv4/built-in.o
  CC      net/wireless/regdb.o
  CC      net/netfilter/xt_length.o
  CC      drivers/kernelsu/selinux/sepolicy.o
  CC      drivers/gpu/drm/drm_drv.o
  CC      net/xfrm/xfrm_device.o
  CC      net/wireless/wext-core.o
  CC      net/xfrm/xfrm_proc.o
  CC      net/wireless/wext-proc.o
  CC      net/wireless/wext-priv.o
  CC      drivers/kernelsu/selinux/rules.o
  CC      drivers/input/touchscreen/goodix_gtx8/goodix_ts_tools.o
../drivers/input/touchscreen/goodix_gtx8/goodix_ts_test.c:4041:25: warning: unused variable 'cd' [-Wunused-variable]
        struct goodix_ts_core *cd = PDE_DATA(file_inode(file));
                               ^
../drivers/input/touchscreen/goodix_gtx8/goodix_ts_test.c:4043:7: warning: unused variable 'temp_val' [-Wunused-variable]
        long temp_val;
             ^
In file included from ../drivers/input/touchscreen/goodix_gtx8/goodix_ts_test.c:26:
../drivers/input/touchscreen/goodix_gtx8/goodix_ts_core.h:855:12: warning: unused function 'gtp_aod_notifier_callback' [-Wunused-function]
static int gtp_aod_notifier_callback(struct notifier_block *self,
           ^
../drivers/input/touchscreen/goodix_gtx8/goodix_ts_test.c:296:12: warning: unused function 'ts_test_reset' [-Wunused-function]
static int ts_test_reset(struct gtx8_ts_test *ts_test)
           ^
../drivers/input/touchscreen/goodix_gtx8/goodix_ts_test.c:303:12: warning: unused function 'ts_test_read_trans' [-Wunused-function]
static int ts_test_read_trans(struct gtx8_ts_test *ts_test,
           ^
../drivers/input/touchscreen/goodix_gtx8/goodix_ts_test.c:311:12: warning: unused function 'ts_test_write' [-Wunused-function]
static int ts_test_write(struct gtx8_ts_test *ts_test,
           ^
../drivers/input/touchscreen/goodix_gtx8/goodix_ts_test.c:319:12: warning: unused function 'ts_test_write_trans' [-Wunused-function]
static int ts_test_write_trans(struct gtx8_ts_test *ts_test,
           ^
../drivers/input/touchscreen/goodix_gtx8/goodix_ts_test.c:327:12: warning: unused function 'ts_test_send_config' [-Wunused-function]
static int ts_test_send_config(struct gtx8_ts_test *ts_test,
           ^
8 warnings generated.
  CC      net/xfrm/xfrm_algo.o
  CC      net/netfilter/xt_limit.o
  CC      net/netfilter/xt_mac.o
  CC      net/netfilter/xt_owner.o
  CC      drivers/input/touchscreen/goodix_gtx8/goodix_ts_gesture.o
  CC      drivers/gpu/drm/drm_scatter.o
  CC      net/netfilter/xt_pkttype.o
  CC      net/xfrm/xfrm_user.o
  CC      net/xfrm/xfrm_ipcomp.o
  CC      net/xfrm/xfrm_interface.o
  CC      drivers/gpu/drm/drm_pci.o
In file included from ../drivers/input/touchscreen/goodix_gtx8/goodix_ts_tools.c:28:
../drivers/input/touchscreen/goodix_gtx8/goodix_ts_core.h:855:12: warning: unused function 'gtp_aod_notifier_callback' [-Wunused-function]
static int gtp_aod_notifier_callback(struct notifier_block *self,
           ^
1 warning generated.
  CC      drivers/gpu/drm/drm_sysfs.o
  AR      drivers/kernelsu/kernelsu.o
  CC      net/netfilter/xt_policy.o
  AR      drivers/kernelsu/built-in.o
In file included from ../drivers/input/touchscreen/goodix_gtx8/goodix_ts_gesture.c:28:
../drivers/input/touchscreen/goodix_gtx8/goodix_ts_core.h:855:12: warning: unused function 'gtp_aod_notifier_callback' [-Wunused-function]
static int gtp_aod_notifier_callback(struct notifier_block *self,
           ^
1 warning generated.
  AR      drivers/input/touchscreen/goodix_gtx8/goodix_core.o
  CC      drivers/leds/led-core.o
  AR      drivers/input/touchscreen/goodix_gtx8/built-in.o
  CC      net/netfilter/xt_quota.o
  AR      drivers/input/touchscreen/built-in.o
  CC      net/netfilter/xt_quota2.o
  AR      drivers/input/built-in.o
  CC      drivers/leds/led-class.o
  CC      drivers/mailbox/mailbox.o
  CC      net/netfilter/xt_socket.o
  CC      net/netfilter/xt_state.o
  CC      net/netfilter/xt_statistic.o
  CC      drivers/gpu/drm/drm_hashtab.o
  CC      drivers/leds/led-triggers.o
  CC      drivers/gpu/drm/drm_mm.o
  CC      net/netfilter/xt_string.o
  CC      drivers/mailbox/mtk-cmdq-mailbox.o
  CC      net/netfilter/xt_time.o
  CC      drivers/leds/trigger/ledtrig-timer.o
  CC      net/netfilter/xt_u32.o
  AR      net/netfilter/netfilter.o
  AR      net/netfilter/nf_conntrack.o
  AR      net/netfilter/nf_conntrack_h323.o
  AR      net/netfilter/nf_nat.o
  CC      drivers/gpu/drm/drm_crtc.o
  CC      drivers/gpu/drm/drm_fourcc.o
  CC      drivers/gpu/drm/drm_modes.o
  CC      drivers/gpu/drm/drm_edid.o
  AR      net/xfrm/built-in.o
  CC      drivers/gpu/drm/drm_info.o
  CC      drivers/gpu/drm/drm_encoder_slave.o
  AR      drivers/leds/trigger/built-in.o
  CC      drivers/gpu/drm/drm_trace_points.o
  AR      drivers/leds/built-in.o
  CC      drivers/gpu/drm/drm_global.o
  CC      drivers/memory/mtk-smi.o
  CC      drivers/md/dm-uevent.o
  AR      net/netfilter/built-in.o
  CC      drivers/mfd/mfd-core.o
  CC      drivers/md/dm.o
  CC      drivers/media/i2c/ir-kbd-i2c.o
  CC      drivers/gpu/drm/drm_prime.o
  CC      drivers/mfd/syscon.o
  CC      drivers/gpu/drm/drm_rect.o
  CC      drivers/gpu/drm/drm_vma_manager.o
  CC      drivers/gpu/drm/drm_flip_work.o
  CC      drivers/gpu/drm/drm_modeset_lock.o
  CC      drivers/gpu/drm/drm_atomic.o
  CC      drivers/gpu/drm/drm_bridge.o
  CC      drivers/memory/mtk-smi-debug.o
  CC      drivers/md/dm-table.o
  AR      drivers/media/i2c/built-in.o
  AR      drivers/mailbox/built-in.o
  CC      drivers/mfd/mt6358-core.o
  AR      net/wireless/cfg80211.o
  AR      net/wireless/built-in.o
  AR      net/built-in.o
  CC      drivers/mfd/mt635x-ot-debug.o
  CC      drivers/gpu/drm/drm_framebuffer.o
  CC      drivers/misc/mediatek/accdet/accdet_drv.o
  CC      drivers/gpu/drm/drm_connector.o
  CC      drivers/md/dm-target.o
  CC      drivers/memory/mediatek/emicen.o
  CC      drivers/misc/mediatek/accdet/mt6358/accdet.o
  CC      drivers/misc/mediatek/adsp/mt6781/../common/adsp_core.o
  CC      drivers/mmc/host/cmdq_hci.o
  CC      drivers/mmc/core/core.o
  CC      drivers/media/platform/mtk-jpeg/mtk_jpeg_core.o
  CC      drivers/mmc/host/mediatek/ComboA/sd.o
  CC      drivers/mmc/core/bus.o
  CC      drivers/media/platform/mtk-jpeg/mtk_jpeg_enc_hw.o
  CC      drivers/mfd/mt6358-misc.o
  CC      drivers/media/platform/mtk-jpeg/mtk_jpeg_dec_hw.o
  CC      drivers/gpu/drm/drm_blend.o
../drivers/memory/mediatek/emicen.c:1061:13: warning: cast to smaller integer type 'int' from 'const void *' [-Wvoid-pointer-to-int-cast]
        cen->ver = (int)of_device_get_match_data(&pdev->dev);
                   ^~~~~~~~~~~~~~~~~~~~~~~~~~~~~~~~~~~~~~~~~
1 warning generated.
../drivers/media/platform/mtk-jpeg/mtk_jpeg_enc_hw.c:206:46: warning: '&&' within '||' [-Wlogical-op-parentheses]
                config->enc_format == JPEG_YUV_FORMAT_NV21 &&
                ~~~~~~~~~~~~~~~~~~~~~~~~~~~~~~~~~~~~~~~~~~~^~
../drivers/media/platform/mtk-jpeg/mtk_jpeg_enc_hw.c:206:46: note: place parentheses around the '&&' expression to silence this warning
                config->enc_format == JPEG_YUV_FORMAT_NV21 &&
                                                           ^
                (
1 warning generated.
  CC      drivers/md/dm-linear.o
  CC      drivers/misc/mediatek/adsp/mt6781/adsp_awake.o
  CC      drivers/media/platform/mtk-jpeg/mtk_jpeg_dec_parse.o
  CC      drivers/misc/mediatek/adsp/mt6781/../common/adsp_fs.o
  CC      drivers/misc/uid_sys_stats.o
  CC      drivers/memory/mediatek/emimpu.o
  CC      drivers/memory/mediatek/emiisu.o
../drivers/media/platform/mtk-jpeg/mtk_jpeg_core.c:288:15: warning: unused variable 'core_id' [-Wunused-variable]
        unsigned int core_id = ctx->coreid;
                     ^
../drivers/media/platform/mtk-jpeg/mtk_jpeg_core.c:344:15: warning: unused variable 'core_id' [-Wunused-variable]
        unsigned int core_id = ctx->coreid;
                     ^
../drivers/media/platform/mtk-jpeg/mtk_jpeg_core.c:1619:23: warning: ISO C90 forbids mixing declarations and code [-Wdeclaration-after-statement]
        struct mtk_jpeg_dev *jpeg = ctx->jpeg;
                             ^
3 warnings generated.
  CC      drivers/misc/mediatek/adsp/mt6781/../common/adsp_semaphore.o
  CC      drivers/gpu/drm/drm_encoder.o
  CC      drivers/mmc/core/host.o
  AR      drivers/mfd/built-in.o
  CC      drivers/md/dm-stripe.o
  CC      drivers/md/dm-ioctl.o
  CC      drivers/misc/mediatek/adsp/mt6781/adsp_clk.o
  AR      drivers/misc/mediatek/accdet/mt6358/built-in.o
  AR      drivers/misc/mediatek/accdet/built-in.o
  AR      drivers/media/platform/mtk-jpeg/mtk_jpeg.o
  CC      drivers/misc/mediatek/adsp/mt6781/../common/adsp_logger.o
  AR      drivers/media/platform/mtk-jpeg/built-in.o
../drivers/memory/mediatek/emimpu.c:27:1: warning: 'static' ignored on this declaration [-Wmissing-declarations]
static struct emimpu_callbacks {
^
../drivers/memory/mediatek/emimpu.c:974:15: warning: incompatible pointer to integer conversion assigning to 'unsigned long' from 'void *' [-Wint-conversion]
        mpucb->owner = __builtin_return_address(0);
                     ^ ~~~~~~~~~~~~~~~~~~~~~~~~~~~
../drivers/memory/mediatek/emimpu.c:43:21: warning: unused function 'emimpu_read_protection' [-Wunused-function]
static unsigned int emimpu_read_protection(
                    ^
3 warnings generated.
  CC      drivers/misc/mediatek/aee/aed/aed-main.o
  CC      drivers/gpu/drm/drm_mode_object.o
  CC      drivers/misc/mediatek/atf/atf_logger.o
  CC      drivers/net/dummy.o
  CC      drivers/mmc/host/cqhci-crypto.o
  CC      drivers/misc/simtray.o
  CC      drivers/media/platform/mtk-vcodec/mtk_vcodec_dec_drv.o
  CC      drivers/md/dm-io.o
  AR      drivers/memory/mediatek/built-in.o
  AR      drivers/memory/built-in.o
  CC      drivers/misc/mediatek/adsp/mt6781/adsp_bus_monitor.o
  CC      drivers/nfc/pn557/nfc.o
  CC      drivers/gpu/drm/drm_property.o
  CC      drivers/misc/mediatek/adsp/mt6781/../common/adsp_feature_table.o
../drivers/mmc/host/mediatek/ComboA/sd.c:4424:16: warning: unused variable 'flags' [-Wunused-variable]
        unsigned long flags;
                      ^
1 warning generated.
  CC      drivers/misc/debug_policy.o
  CC      drivers/mmc/core/mmc.o
  CC      drivers/misc/hardware_info.o
  CC      drivers/misc/mediatek/atf/mt_secure_call.o
  CC      drivers/mmc/core/mmc_ops.o
  AR      drivers/misc/mediatek/atf/built-in.o
  CC      drivers/md/dm-kcopyd.o
../drivers/misc/debug_policy.c:55:1: warning: non-void function does not return a value [-Wreturn-type]
}
^
1 warning generated.
  CC      drivers/misc/mediatek/adsp/mt6781/adsp_reserved_mem.o
  CC      drivers/mmc/host/mediatek/ComboA/dbg.o
  AR      drivers/misc/mediatek/adsp/mt6781/../common/adsp.o
  AR      drivers/misc/mediatek/adsp/mt6781/../common/built-in.o
  CC      drivers/misc/mediatek/adsp/mt6781/adsp_platform_driver.o
  CC      drivers/md/dm-sysfs.o
  CC      drivers/net/ifb.o
  CC      drivers/media/platform/mtk-vcodec/vdec_drv_if.o
  CC      drivers/misc/mediatek/audio_ipi/common/framework/audio_ringbuf.o
  CC      drivers/net/mii.o
  CC      drivers/nfc/pn557/sn1xx.o
  CC      drivers/misc/mediatek/audio_ipi/mt6785/audio_ipi_platform.o
  CC      drivers/misc/mediatek/audio_ipi/common/framework/audio_ipi_dma.o
  CC      drivers/misc/mediatek/audio_ipi/common/framework/audio_ipi_driver.o
  CC      drivers/misc/mediatek/adsp/mt6781/adsp_platform.o
  CC      drivers/misc/mediatek/aee/aed/aed-debug.o
  CC      drivers/mmc/core/sd.o
  CC      drivers/nfc/pn557/pn8xt.o
  CC      drivers/md/dm-stats.o
  CC      drivers/misc/mediatek/adsp/mt6781/adsp_ipi.o
  CC      drivers/gpu/drm/drm_plane.o
  AR      drivers/misc/mediatek/audio_ipi/mt6785/built-in.o
  CC      drivers/gpu/drm/drm_color_mgmt.o
  CC      drivers/net/Space.o
  CC      drivers/mmc/core/sd_ops.o
  CC      drivers/misc/mediatek/adsp/mt6781/adsp_excep.o
  CC      drivers/media/platform/mtk-vcodec/mtk_vcodec_dec.o
../drivers/mmc/host/mediatek/ComboA/dbg.c:430:13: warning: unused variable 'tag' [-Wunused-variable]
        static int tag = -1;
                   ^
../drivers/mmc/host/mediatek/ComboA/dbg.c:673:15: warning: unused variable 'is_rel' [-Wunused-variable]
        int is_read, is_rel, is_fprg;
                     ^
../drivers/mmc/host/mediatek/ComboA/dbg.c:675:28: warning: unused variable 'cnt' [-Wunused-variable]
        int type, cmd, arg, skip, cnt, cpu;
                                  ^
../drivers/mmc/host/mediatek/ComboA/dbg.c:673:23: warning: unused variable 'is_fprg' [-Wunused-variable]
        int is_read, is_rel, is_fprg;
                             ^
../drivers/mmc/host/mediatek/ComboA/dbg.c:675:33: warning: unused variable 'cpu' [-Wunused-variable]
        int type, cmd, arg, skip, cnt, cpu;
                                       ^
../drivers/mmc/host/mediatek/ComboA/dbg.c:672:6: warning: unused variable 'tag' [-Wunused-variable]
        int tag = -1;
            ^
../drivers/mmc/host/mediatek/ComboA/dbg.c:673:6: warning: unused variable 'is_read' [-Wunused-variable]
        int is_read, is_rel, is_fprg;
            ^
../drivers/mmc/host/mediatek/ComboA/dbg.c:676:16: warning: unused variable 'active_reqs' [-Wunused-variable]
        unsigned long active_reqs;
                      ^
../drivers/mmc/host/mediatek/ComboA/dbg.c:2619:4: warning: misleading indentation; statement is not part of the previous 'if' [-Wmisleading-indentation]
                        host = mtk_msdc_host[id];
                        ^
../drivers/mmc/host/mediatek/ComboA/dbg.c:2616:3: note: previous statement is here
                if (id >= HOST_MAX_NUM || id < 0)
                ^
9 warnings generated.
  CC      drivers/mmc/core/sdio.o
  CC      drivers/net/loopback.o
  CC      drivers/misc/mediatek/audio_ipi/common/framework/audio_ipi_queue.o
  CC      drivers/misc/mediatek/aee/common/dummy.o
  CC      drivers/misc/mediatek/aee/aed/slog.o
  AR      drivers/nfc/pn557/pn557.o
  CC      drivers/mmc/host/mediatek/ComboA/mtk_sd_misc.o
  CC      drivers/mmc/core/sdio_ops.o
  AR      drivers/nfc/pn557/built-in.o
  AR      drivers/nfc/built-in.o
  CC      drivers/misc/mediatek/audio_ipi/common/framework/audio_messenger_ipi.o
  CC      drivers/nvmem/core.o
  CC      drivers/misc/mediatek/aee/common/aee-common.o
  CC      drivers/of/base.o
  CC      drivers/md/dm-rq.o
  AR      drivers/misc/mediatek/adsp/mt6781/built-in.o
  CC      drivers/md/dm-builtin.o
  AR      drivers/misc/mediatek/adsp/built-in.o
  CC      drivers/pci/dwc/pcie-hisi.o
  CC      drivers/mmc/core/sdio_bus.o
  CC      drivers/perf/arm_pmu.o
  CC      drivers/gpu/drm/drm_print.o
  CC      drivers/misc/mediatek/audio_ipi/common/framework/audio_task_manager.o
  CC      drivers/perf/arm_pmu_platform.o
  CC      drivers/misc/mediatek/aee/aed/monitor_hang.o
  CC      drivers/mmc/core/sdio_cis.o
  CC      drivers/net/ppp/ppp_generic.o
  CC      drivers/media/platform/mtk-vcodec/mt6781/mtk_vcodec_dec_pm.o
  CC      drivers/misc/mediatek/audio_ipi/common/framework/adsp_ipi_queue.o
  AR      drivers/pci/dwc/built-in.o
  AR      drivers/nvmem/nvmem_core.o
  AR      drivers/nvmem/built-in.o
  CC      drivers/phy/phy-core.o
  CC      drivers/misc/mediatek/aee/common/reboot-reason.o
  CC      drivers/mmc/core/sdio_io.o
  CC      drivers/pinctrl/core.o
  CC      drivers/mmc/core/sdio_irq.o
  CC      drivers/mmc/core/slot-gpio.o
  CC      drivers/md/dm-bufio.o
  CC      drivers/of/device.o
  CC      drivers/gpu/drm/drm_dumb_buffers.o
  AR      drivers/misc/mediatek/audio_ipi/common/framework/built-in.o
  CC      drivers/md/dm-crypt.o
  AR      drivers/misc/mediatek/audio_ipi/common/built-in.o
  AR      drivers/misc/mediatek/audio_ipi/built-in.o
  CC      drivers/gpu/drm/drm_mode_config.o
  CC      drivers/perf/arm_dsu_pmu.o
  CC      drivers/media/platform/mtk-vcodec/vdec/vdec_common_if.o
  AR      drivers/misc/mediatek/aee/aed/aed.o
  AR      drivers/misc/mediatek/aee/aed/built-in.o
  AR      drivers/misc/mediatek/aee/common/aee.o
  AR      drivers/misc/mediatek/aee/common/built-in.o
  CC      drivers/media/platform/mtk-vcodec/vdec_vcu_if.o
  CC      drivers/misc/mediatek/aee/mrdump/mrdump_control.o
  CC      drivers/mmc/host/mediatek/ComboA/msdc_tune.o
  CC      drivers/misc/mediatek/aee/mrdump/mrdump_hw.o
  CC      drivers/mmc/core/pwrseq.o
  CC      drivers/mmc/core/pwrseq_simple.o
  AR      drivers/phy/built-in.o
  CC      drivers/of/platform.o
  AR      drivers/perf/built-in.o
  CC      drivers/pinctrl/pinctrl-utils.o
  CC      drivers/power/supply/power_supply_core.o
  CC      drivers/pwm/core.o
  CC      drivers/gpu/drm/drm_vblank.o
  CC      drivers/gpu/drm/drm_syncobj.o
  CC      drivers/regulator/core.o
  CC      drivers/misc/mediatek/aee/mrdump/mrdump_full.o
  CC      drivers/media/platform/mtk-vcodec/mtk_vcodec_enc.o
  CC      drivers/gpu/drm/drm_writeback.o
  CC      drivers/mmc/core/pwrseq_emmc.o
  CC      drivers/net/ppp/ppp_async.o
../drivers/mmc/host/mediatek/ComboA/msdc_tune.c:37:36: warning: unused variable 'base_top' [-Wunused-variable]
        void __iomem *base = host->base, *base_top = host->base_top;
                                          ^
../drivers/mmc/host/mediatek/ComboA/msdc_tune.c:44:16: warning: unused variable 'base' [-Wunused-variable]
        void __iomem *base = host->base, *base_top = host->base_top;
                      ^
2 warnings generated.
  CC      drivers/net/ppp/bsd_comp.o
  CC      drivers/mmc/host/mediatek/ComboA/msdc_partition.o
  CC      drivers/misc/mediatek/base/power/clkbuf_v1/mtk_clkbuf_ctl.o
  CC      drivers/pinctrl/pinmux.o
  CC      drivers/misc/mediatek/aee/mrdump/mrdump_key_setup.o
  CC      drivers/md/dm-default-key.o
  CC      drivers/of/property.o
  CC      drivers/power/supply/power_supply_sysfs.o
  CC      drivers/pwm/sysfs.o
  CC      drivers/mmc/core/block.o
  CC      drivers/misc/mediatek/base/power/cm_mgr_v1/mtk_cm_mgr.o
  CC      drivers/pinctrl/pinconf.o
  CC      drivers/misc/mediatek/base/power/clkbuf_v1/mt6768/mtk_clkbuf_hw.o
  CC      drivers/gpu/drm/drm_notifier_odm.o
  CC      drivers/misc/mediatek/aee/mrdump/mrdump_mini.o
  CC      drivers/misc/mediatek/base/power/cpufreq_v1/src/mtk_cpufreq_main.o
  CC      drivers/misc/mediatek/aee/mrdump/mrdump_panic.o
  CC      drivers/md/dm-snap.o
  CC      drivers/net/ppp/ppp_deflate.o
  CC      drivers/power/supply/power_supply_leds.o
  CC      drivers/pwm/pwm-mtk-disp.o
  CC      drivers/media/platform/mtk-vcodec/mtk_vcodec_enc_drv.o
  CC      drivers/mmc/host/mediatek/ComboA/autok.o
  CC      drivers/gpu/drm/drm_ioc32.o
  CC      drivers/pinctrl/devicetree.o
  CC      drivers/of/fdt.o
  CC      drivers/net/ppp/ppp_mppe.o
../drivers/pwm/pwm-mtk-disp.c:307:14: warning: unused variable 'pwm_src' [-Wunused-variable]
        struct clk *pwm_src;
                    ^
1 warning generated.
  AR      drivers/pwm/built-in.o
  CC      drivers/regulator/dummy.o
  CC      drivers/misc/mediatek/base/power/cm_mgr_v1/mt6781/mtk_cm_mgr_platform.o
  CC      drivers/power/supply/mediatek/battery/mtk_battery.o
  CC      drivers/power/supply/mediatek/charger/charger_class.o
  CC      drivers/media/platform/mtk-vcodec/mt6781/mtk_vcodec_enc_pm.o
  CC      drivers/power/supply/mediatek/charger/mtk_charger.o
  CC      drivers/misc/mediatek/base/power/cpufreq_v1/src/mtk_cpufreq_interface.o
  CC      drivers/pinctrl/pinconf-generic.o
  AR      drivers/misc/mediatek/base/power/clkbuf_v1/mt6768/built-in.o
  AR      drivers/misc/mediatek/base/power/clkbuf_v1/built-in.o
  CC      drivers/media/platform/mtk-vcodec/venc_drv_if.o
  CC      drivers/net/ppp/ppp_synctty.o
  CC      drivers/regulator/fixed-helper.o
  CC      drivers/misc/mediatek/aee/mrdump/mrdump_arm64.o
  CC      drivers/md/dm-exception-store.o
  CC      drivers/gpu/drm/drm_gem_cma_helper.o
  CC      drivers/of/fdt_address.o
  CC      drivers/mmc/core/queue.o
  CC      drivers/power/supply/mediatek/charger/mtk_switch_charging.o
  CC      drivers/media/platform/mtk-vcodec/venc/venc_common_if.o
  CC      drivers/misc/mediatek/base/power/cpufreq_v1/src/mtk_cpufreq_api.o
  AR      drivers/misc/mediatek/aee/mrdump/mrdump.o
  AR      drivers/misc/mediatek/aee/mrdump/built-in.o
  AR      drivers/misc/mediatek/aee/built-in.o
  CC      drivers/regulator/helpers.o
  CC      drivers/regulator/devres.o
  CC      drivers/pinctrl/mediatek/mtk-eint.o
  CC      drivers/of/address.o
  AR      drivers/misc/mediatek/base/power/cm_mgr_v1/mt6781/built-in.o
  AR      drivers/misc/mediatek/base/power/cm_mgr_v1/built-in.o
  CC      drivers/regulator/of_regulator.o
  CC      drivers/misc/mediatek/base/power/cpuhotplug/mtk_cpuhp_core.o
  CC      drivers/net/ppp/pppox.o
  CC      drivers/md/dm-snap-transient.o
  CC      drivers/media/platform/mtk-vcodec/venc_vcu_if.o
../drivers/pinctrl/mediatek/mtk-eint.c:119:6: warning: ISO C90 forbids mixing declarations and code [-Wdeclaration-after-statement]
        u32 mask = BIT(d->hwirq & 0x1f);
            ^
1 warning generated.
  CC      drivers/power/supply/mediatek/battery/mtk_power_misc.o
  CC      drivers/gpu/drm/drm_panel.o
  CC      drivers/pinctrl/mediatek/pinctrl-paris.o
  CC      drivers/misc/mediatek/base/power/cpuhotplug/mtk_cpuhp_ppm.o
  CC      drivers/regulator/fixed.o
  CC      drivers/regulator/mt6358-regulator.o
  CC      drivers/mmc/core/mtk_mmc_block.o
  CC      drivers/misc/mediatek/base/power/cpuhotplug/mtk_cpuhp_platform.o
  CC      drivers/mmc/core/mmc_crypto.o
  CC      drivers/of/irq.o
  CC      drivers/regulator/rt5133-regulator.o
  CC      drivers/md/dm-snap-persistent.o
  AR      drivers/misc/mediatek/base/power/cpuhotplug/built-in.o
  CC      drivers/media/platform/mtk-vcodec/mt6781/mtk_vcodec_intr.o
  CC      drivers/pinctrl/mediatek/pinctrl-mtk-common-v2.o
  CC      drivers/misc/mediatek/base/power/cpufreq_v1/src/mtk_cpufreq_debug.o
  CC      drivers/misc/mediatek/base/power/cpumssv_v1/mt6785/mtk_mssv.o
  CC      drivers/power/supply/mediatek/charger/mtk_pdc_intf.o
  CC      drivers/misc/mediatek/base/power/cpufreq_v1/src/mtk_cpufreq_hybrid.o
  CC      drivers/mmc/host/mediatek/ComboA/mt6781/msdc_cust.o
  CC      drivers/net/ppp/pppoe.o
  CC      drivers/net/ppp/pptp.o
  CC      drivers/power/supply/mediatek/battery/mtk_gauge_coulomb_service.o
  CC      drivers/gpu/drm/drm_of.o
  CC      drivers/mmc/core/crypto.o
  CC      drivers/power/supply/mediatek/battery/mtk_gauge_class.o
  CC      drivers/md/dm-verity-fec.o
  AR      drivers/regulator/built-in.o
  CC      drivers/md/dm-verity-target.o
  AR      drivers/misc/mediatek/base/power/cpumssv_v1/mt6785/built-in.o
  AR      drivers/misc/mediatek/base/power/cpumssv_v1/built-in.o
  CC      drivers/md/dm-bow.o
  CC      drivers/of/of_net.o
  CC      drivers/media/platform/mtk-vcodec/mtk_vcodec_util.o
  CC      drivers/pinctrl/mediatek/pinctrl-mtk-common-v2_debug.o
  CC      drivers/media/platform/mtk-vcodec/mt6781/vcodec_dvfs.o
  CC      drivers/power/supply/mediatek/charger/mtk_chg_type_det.o
  CC      drivers/power/supply/mediatek/battery/mtk_battery_recovery.o
  CC      drivers/gpu/drm/drm_mipi_dsi.o
  AR      drivers/net/ppp/built-in.o
  CC      drivers/misc/mediatek/base/power/cpufreq_v1/src/mach/mt6781/mtk_cpufreq_platform.o
  CC      drivers/media/platform/mtk-vcu/mtk_vcu.o
  CC      drivers/net/slip/slhc.o
  AR      drivers/mmc/core/mmc_core.o
  AR      drivers/mmc/core/mmc_block.o
  AR      drivers/mmc/core/built-in.o
  CC      drivers/pinctrl/mediatek/pinctrl-mt6781.o
  CC      drivers/of/of_reserved_mem.o
  CC      drivers/media/platform/mtk-vcu/mtk_vcodec_mem.o
  AR      drivers/md/dm-mod.o
  CC      drivers/power/supply/mediatek/battery/mtk_battery_core.o
  CC      drivers/mmc/host/mediatek/ComboA/mt6781/autok_dvfs.o
  CC      drivers/media/platform/mtk-vcodec/mt6781/vcodec_bw.o
../drivers/md/dm-bow.c:15:9: warning: 'SECTOR_SIZE' macro redefined [-Wmacro-redefined]
#define SECTOR_SIZE 512
        ^
../include/linux/blkdev.h:1039:9: note: previous definition is here
#define SECTOR_SIZE (1 << SECTOR_SHIFT)
        ^
1 warning generated.
  CC      drivers/power/supply/mediatek/battery/bq27z561.o
  CC      drivers/net/usb/r8152.o
  AR      drivers/md/dm-snapshot.o
  AR      drivers/md/dm-verity.o
  AR      drivers/md/built-in.o
  AR      drivers/media/platform/mtk-vcodec/mtk-vcodec-dec.o
  CC      drivers/misc/mediatek/base/power/dcm_v1/mt6781/mtk_dcm_autogen.o
  AR      drivers/media/platform/mtk-vcodec/mtk-vcodec-enc.o
  AR      drivers/media/platform/mtk-vcodec/mtk-vcodec-common.o
  AR      drivers/media/platform/mtk-vcodec/built-in.o
  CC      drivers/rpmsg/rpmsg_core.o
  AR      drivers/pinctrl/mediatek/built-in.o
  AR      drivers/misc/mediatek/base/power/cpufreq_v1/src/mach/mt6781/built-in.o
  AR      drivers/misc/mediatek/base/power/cpufreq_v1/src/mach/built-in.o
  AR      drivers/misc/mediatek/base/power/cpufreq_v1/src/built-in.o
  AR      drivers/misc/mediatek/base/power/cpufreq_v1/built-in.o
  CC      drivers/rtc/rtc-lib.o
  CC      drivers/rpmsg/mtk_rpmsg.o
  AR      drivers/pinctrl/built-in.o
  CC      drivers/rtc/hctosys.o
  CC      drivers/rtc/class.o
  AR      drivers/of/built-in.o
  CC      drivers/power/supply/mediatek/charger/mtk_pe40_intf.o
../drivers/mmc/host/mediatek/ComboA/mt6781/autok_dvfs.c:907:46: warning: unused variable 'merge_count' [-Wunused-variable]
        int merge_result, merge_mode, merge_window, merge_count;
                                                    ^
1 warning generated.
  CC      drivers/scsi/scsi.o
  CC      drivers/misc/mediatek/base/power/dcm_v1/mt6781/mtk_dcm_internal.o
  CC      drivers/scsi/hosts.o
  CC      drivers/gpu/drm/mediatek/mtk_drm_drv.o
  CC      drivers/rtc/interface.o
  CC      drivers/mmc/host/mediatek/ComboA/sw-cqhci-crypto.o
  AR      drivers/net/slip/built-in.o
  CC      drivers/gpu/drm/mediatek/mtk_disp_color.o
  CC      drivers/rtc/nvmem.o
  CC      drivers/rtc/rtc-dev.o
  AR      drivers/rpmsg/built-in.o
  CC      drivers/rtc/rtc-proc.o
  CC      drivers/rtc/rtc-sysfs.o
  AR      drivers/misc/mediatek/base/power/dcm_v1/mt6781/built-in.o
  CC      drivers/misc/mediatek/base/power/dcm_v1/mtk_dcm.o
  AR      drivers/media/platform/mtk-vcu/mtk-vcu.o
  AR      drivers/media/platform/mtk-vcu/built-in.o
  AR      drivers/media/platform/built-in.o
  CC      drivers/rtc/rtc-mt6358.o
  CC      drivers/scsi/scsi_ioctl.o
  CC      drivers/scsi/scsicam.o
  CC      drivers/power/supply/mediatek/charger/mtk_linear_charging.o
  AR      drivers/mmc/host/mediatek/ComboA/msdc.o
  AR      drivers/mmc/host/mediatek/ComboA/built-in.o
  AR      drivers/mmc/host/mediatek/built-in.o
  AR      drivers/mmc/host/built-in.o
  CC      drivers/power/supply/mediatek/charger/adapter_class.o
  AR      drivers/mmc/built-in.o
  CC      drivers/media/rc/rc-main.o
  AR      drivers/power/supply/mediatek/battery/built-in.o
  AR      drivers/rtc/rtc-core.o
  AR      drivers/misc/mediatek/base/power/dcm_v1/built-in.o
  CC      drivers/spi/spi.o
  CC      drivers/misc/mediatek/base/power/dvfsrc/dvfsrc-boost-driver.o
  CC      drivers/soc/mediatek/mtk-pmic-wrap.o
  CC      drivers/staging/android/ion/ion.o
  CC      drivers/gpu/drm/mediatek/mtk_disp_ccorr.o
  CC      drivers/staging/nanohub/main.o
  CC      drivers/media/rc/keymaps/rc-adstech-dvb-t-pci.o
  CC      drivers/staging/nanohub/bl.o
  AR      drivers/rtc/built-in.o
  CC      drivers/staging/nanohub/comms.o
  AR      drivers/misc/mediatek/base/power/dvfsrc/built-in.o
  CC      drivers/power/supply/mediatek/charger/mtk_pd_adapter.o
  CC      drivers/tee/tee_core.o
  CC      drivers/scsi/scsi_error.o
  CC      drivers/scsi/scsi_lib.o
  CC      drivers/misc/mediatek/base/power/eem_v2/mt6781/mtk_eem.o
  CC      drivers/net/tun.o
  CC      drivers/media/rc/keymaps/rc-alink-dtu-m.o
  CC      drivers/misc/mediatek/base/power/eem_v2/mt6781/mtk_eem_platform.o
  CC      drivers/staging/nanohub/nanohub-mtk.o
../drivers/staging/android/ion/ion.c:1460:1: warning: unused label 'retry' [-Wunused-label]
retry:
^~~~~~
../drivers/staging/android/ion/ion.c:1431:15: warning: unused variable 'retry' [-Wunused-variable]
        int ret = 0, retry = 0;
                     ^
2 warnings generated.
  CC      drivers/thermal/thermal_core.o
  CC      drivers/media/rc/keymaps/rc-anysee.o
../drivers/soc/mediatek/mtk-pmic-wrap.c:2450:7: warning: unused variable 'addr' [-Wunused-variable]
        char addr[4];
             ^
../drivers/soc/mediatek/mtk-pmic-wrap.c:3526:13: warning: unused function 'pwrap_irq_thread_init' [-Wunused-function]
static void pwrap_irq_thread_init(void)
            ^
2 warnings generated.
  CC      drivers/tty/tty_io.o
  AR      drivers/net/usb/built-in.o
  CC      drivers/thermal/thermal_sysfs.o
  CC      drivers/gpu/drm/mediatek/mtk_disp_gamma.o
  CC      drivers/staging/android/ion/ion-ioctl.o
  CC      drivers/soc/mediatek/mtk-cmdq-helper.o
  CC      drivers/soc/mediatek/mtk-mbox.o
  CC      drivers/tee/tee_shm.o
  CC      drivers/power/supply/mediatek/charger/mtk_switch_charging2.o
  CC      drivers/media/rc/keymaps/rc-apac-viewcomp.o
  AR      drivers/staging/nanohub/nanohub.o
  AR      drivers/staging/nanohub/built-in.o
  CC      drivers/misc/mediatek/base/power/eem_v2/mt6781/mtk_eem_internal.o
  CC      drivers/spi/spidev.o
  CC      drivers/scsi/scsi_common.o
  CC      drivers/thermal/thermal_helpers.o
  CC      drivers/staging/android/ion/ion_heap.o
  CC      drivers/media/rc/keymaps/rc-asus-pc39.o
  CC      drivers/scsi/scsi_lib_dma.o
  CC      drivers/media/rc/keymaps/rc-asus-ps3-100.o
  CC      drivers/misc/mediatek/base/power/eem_v2/mt6781/mtk_eem_api.o
  CC      drivers/soc/mediatek/mtk_tinysys_ipi.o
  CC      drivers/gpu/drm/mediatek/mtk_disp_aal.o
  CC      drivers/tee/tee_shm_pool.o
../drivers/thermal/thermal_core.c:1219:8: warning: 'snprintf' size argument is too large; destination buffer has size 128, but size argument is 4096 [-Wfortify-source]
        ret = snprintf(boost_buf, PAGE_SIZE, buf);
              ^
../drivers/thermal/thermal_core.c:1335:2: warning: 'snprintf' size argument is too large; destination buffer has size 128, but size argument is 4096 [-Wfortify-source]
        snprintf(board_sensor_temp, PAGE_SIZE, buf);
        ^
../drivers/thermal/thermal_core.c:1825:12: warning: unused function 'of_parse_thermal_message' [-Wunused-function]
static int of_parse_thermal_message(void)
           ^
3 warnings generated.
  CC      drivers/media/rc/keymaps/rc-ati-tv-wonder-hd-600.o
  CC      drivers/media/rc/keymaps/rc-ati-x10.o
  CC      drivers/media/rc/keymaps/rc-avermedia-a16d.o
  CC      drivers/spi/spi-mt65xx.o
  AR      drivers/misc/mediatek/base/power/eem_v2/mt6781/built-in.o
  AR      drivers/misc/mediatek/base/power/eem_v2/built-in.o
  CC      drivers/media/rc/keymaps/rc-avermedia.o
  CC      drivers/power/supply/mediatek/charger/mtk_intf.o
  CC      drivers/tty/n_tty.o
../drivers/soc/mediatek/mtk-cmdq-helper.c:600:11: warning: incompatible integer to pointer conversion returning 'int' from a function with result type 'void *' [-Wint-conversion]
                        return -ENOMEM;
                               ^~~~~~~
1 warning generated.
  CC      drivers/staging/android/ion/ion_page_pool.o
  CC      drivers/net/veth.o
  CC      drivers/misc/mediatek/base/power/gpufreq_v1/mtk_gpufreq_common.o
  CC      drivers/media/rc/keymaps/rc-avermedia-cardbus.o
  CC      drivers/thermal/of-thermal.o
  CC      drivers/media/rc/keymaps/rc-avermedia-dvbt.o
  CC      drivers/scsi/scsi_scan.o
  CC      drivers/scsi/scsi_sysfs.o
  CC      drivers/media/rc/keymaps/rc-avermedia-m135a.o
  CC      drivers/soc/mediatek/mtk-lpm.o
  AR      drivers/tee/tee.o
  CC      drivers/scsi/scsi_devinfo.o
  AR      drivers/tee/built-in.o
  CC      drivers/usb/common/common.o
  CC      drivers/media/rc/keymaps/rc-avermedia-m733a-rm-k6.o
  CC      drivers/media/rc/keymaps/rc-avermedia-rm-ks.o
../drivers/spi/spi-mt65xx.c:425:6: warning: unused variable 'spi_clk_hz' [-Wunused-variable]
        u32 spi_clk_hz, div, sck_time, cs_time, reg_val;
            ^
1 warning generated.
  CC      drivers/spi/spi-mt65xx-dev.o
  CC      drivers/misc/mediatek/base/power/gpufreq_v1/mt6781/mtk_gpufreq_plat.o
  CC      drivers/staging/android/ion/ion_system_heap.o
  CC      drivers/gpu/drm/mediatek/mtk_disp_dither.o
  CC      drivers/video/hdmi.o
  CC      drivers/power/supply/mediatek/charger/mtk_pe40.o
  CC      drivers/video/backlight/backlight.o
  AR      drivers/soc/mediatek/built-in.o
  CC      drivers/thermal/backward_compatible.o
  CC      drivers/media/rc/keymaps/rc-avertv-303.o
  AR      drivers/soc/built-in.o
  AR      drivers/net/built-in.o
  CC      drivers/video/backlight/generic_bl.o
  CC      drivers/media/rc/keymaps/rc-azurewave-ad-tu700.o
../drivers/scsi/scsi_sysfs.c:466:8: warning: unused variable 'dr_mr' [-Wunused-variable]
        char *dr_mr = NULL;
              ^
../drivers/scsi/scsi_sysfs.c:465:7: warning: unused variable 'ddr_name' [-Wunused-variable]
        char ddr_name[32] = {0};
             ^
../drivers/scsi/scsi_sysfs.c:462:15: warning: unused variable 'len' [-Wunused-variable]
        int ret = 0, len = 0;
                     ^
3 warnings generated.
  AR      drivers/usb/common/usb-common.o
  AR      drivers/usb/common/built-in.o
  CC      drivers/staging/android/ion/ion_carveout_heap.o
  CC      drivers/staging/android/ion/ion_chunk_heap.o
  CC      drivers/tty/tty_ioctl.o
  CC      drivers/usb/core/usb.o
  CC      drivers/media/rc/keymaps/rc-behold.o
  CC      drivers/thermal/cpu_cooling.o
  CC      drivers/scsi/scsi_sysctl.o
  AR      drivers/spi/built-in.o
  CC [M]  drivers/video/backlight/lcd.o
  CC      drivers/gpu/drm/mediatek/mtk_disp_ovl.o
  CC      drivers/misc/mediatek/base/power/koro/mt6785/mtk_koro.o
  CC      drivers/misc/mediatek/base/power/leakage_table_v2/mtk_static_power.o
  CC      drivers/power/supply/mediatek/charger/mtk_pdc.o
  CC      drivers/video/fbdev/core/fb_cmdline.o
  CC      drivers/video/fbdev/core/fb_notify.o
  CC      drivers/usb/core/hub.o
  CC      drivers/media/rc/keymaps/rc-behold-columbus.o
  CC      drivers/staging/android/ion/ion_cma_heap.o
  CC      drivers/staging/android/ion/compat_ion.o
  CC      drivers/scsi/scsi_proc.o
  AR      drivers/misc/mediatek/base/power/koro/mt6785/built-in.o
  AR      drivers/misc/mediatek/base/power/koro/built-in.o
  CC      drivers/scsi/scsi_trace.o
  CC      drivers/media/rc/keymaps/rc-budget-ci-old.o
  CC      drivers/misc/mediatek/base/power/leakage_table_v2/mtk_static_power_mt6781.o
  AR      drivers/misc/mediatek/base/power/gpufreq_v1/mt6781/built-in.o
  AR      drivers/thermal/thermal_sys.o
  AR      drivers/misc/mediatek/base/power/gpufreq_v1/built-in.o
  AR      drivers/thermal/built-in.o
  CC      drivers/scsi/scsi_logging.o
  AR      drivers/video/backlight/built-in.o
  CC      drivers/usb/core/hcd.o
  CC      drivers/usb/core/urb.o
  AR      drivers/misc/mediatek/base/power/leakage_table_v2/built-in.o
  CC      drivers/virtio/virtio.o
  CC      drivers/tty/tty_ldisc.o
  CC      drivers/staging/android/ion/mtk/ion_drv.o
  CC      drivers/misc/mediatek/base/power/mdpm_v2/mtk_mdpm_common.o
  CC      drivers/watchdog/mediatek/wdk/wd_common_drv.o
  CC      drivers/video/fbdev/core/fbmem.o
  CC      drivers/power/supply/mediatek/charger/syv690.o
  CC      drivers/media/rc/keymaps/rc-cec.o
  CC      drivers/video/fbdev/core/fbmon.o
  CC      drivers/gpu/drm/panel/panel-truly-ft8756-vdo.o
  CC      drivers/gpu/drm/mediatek/mtk_disp_rdma.o
  CC      drivers/media/rc/keymaps/rc-cinergy-1400.o
  CC      drivers/misc/mediatek/base/power/mdpm_v2/mt6781/mtk_mdpm_platform.o
  CC      drivers/virtio/virtio_ring.o
  CC      drivers/watchdog/mediatek/wdk/wd_api.o
  CC      drivers/usb/core/message.o
  CC      drivers/scsi/scsi_pm.o
  CC      drivers/tty/tty_buffer.o
  CC      drivers/staging/android/ion/mtk/ion_mm_heap.o
  CC      drivers/media/rc/keymaps/rc-cinergy.o
  AR      drivers/misc/mediatek/base/power/mdpm_v2/mt6781/built-in.o
  AR      drivers/misc/mediatek/base/power/mdpm_v2/built-in.o
  CC      drivers/usb/core/driver.o
  CC      drivers/usb/core/config.o
  CC      drivers/misc/mediatek/base/power/pbm_v4/mtk_pbm.o
  AR      drivers/watchdog/mediatek/wdk/built-in.o
  CC      drivers/media/rc/keymaps/rc-d680-dmb.o
  CC      drivers/watchdog/mediatek/wdt/common/wdt_v2/mtk_wdt_v2.o
  CC      drivers/media/rc/keymaps/rc-delock-61959.o
  CC      drivers/video/fbdev/core/fbcmap.o
  CC      drivers/gpu/drm/panel/dsi_k6t_38_0c_0a_dsc_vdo.o
  CC      drivers/gpu/drm/mediatek/mtk_disp_rsz.o
  CC      drivers/media/rc/rc-ir-raw.o
  CC      drivers/gpu/drm/panel/virtual_dsi_vdo_default.o
  CC      drivers/tty/tty_port.o
  AR      drivers/misc/mediatek/base/power/pbm_v4/built-in.o
  CC      drivers/media/rc/keymaps/rc-dib0700-nec.o
  CC      drivers/power/supply/mediatek/charger/sc8551_2.o
  CC      drivers/scsi/ufs/ufshcd.o
  AR      drivers/virtio/built-in.o
../drivers/staging/android/ion/mtk/ion_mm_heap.c:957:36: warning: '&&' within '||' [-Wlogical-op-parentheses]
            (buffer->sg_table->nents > 10 &&
             ~~~~~~~~~~~~~~~~~~~~~~~~~~~~~^~
../drivers/staging/android/ion/mtk/ion_mm_heap.c:957:36: note: place parentheses around the '&&' expression to silence this warning
            (buffer->sg_table->nents > 10 &&
                                          ^
             (
../drivers/staging/android/ion/mtk/ion_mm_heap.c:2171:31: warning: unused variable 'buffer_info' [-Wunused-variable]
                        struct ion_mm_buffer_info *buffer_info =
                                                   ^
2 warnings generated.
  CC      drivers/misc/mediatek/base/power/ppm_v3/src/mtk_ppm_main.o
  CC      drivers/staging/android/ion/mtk/ion_fb_heap.o
  CC      drivers/misc/mediatek/base/power/ppm_v3/src/mtk_ppm_interface.o
  CC      drivers/tty/tty_mutex.o
  CC      drivers/usb/core/file.o
  CC      drivers/media/rc/keymaps/rc-dib0700-rc5.o
  CC      drivers/tty/tty_ldsem.o
  CC      drivers/video/fbdev/core/fbsysfs.o
../drivers/gpu/drm/panel/dsi_k6t_38_0c_0a_dsc_vdo.c:616:6: warning: ISO C90 forbids mixing declarations and code [-Wdeclaration-after-statement]
        int blank;
            ^
../drivers/gpu/drm/panel/dsi_k6t_38_0c_0a_dsc_vdo.c:1156:6: warning: unused variable 'event' [-Wunused-variable]
        int event = 0;
            ^
../drivers/gpu/drm/panel/dsi_k6t_38_0c_0a_dsc_vdo.c:53:12: warning: unused variable 'tp_aod_flag' [-Wunused-variable]
static int tp_aod_flag;
           ^
../drivers/gpu/drm/panel/dsi_k6t_38_0c_0a_dsc_vdo.c:213:12: warning: unused function 'lcm_panel_bias_enable' [-Wunused-function]
static int lcm_panel_bias_enable(void)
           ^
../drivers/gpu/drm/panel/dsi_k6t_38_0c_0a_dsc_vdo.c:245:12: warning: unused function 'lcm_panel_bias_disable' [-Wunused-function]
static int lcm_panel_bias_disable(void)
           ^
5 warnings generated.
  AR      drivers/gpu/drm/panel/built-in.o
  CC      drivers/power/supply/mediatek/charger/sc8551_3.o
  AR      drivers/watchdog/mediatek/wdt/common/wdt_v2/built-in.o
  CC      drivers/media/rc/ir-nec-decoder.o
  AR      drivers/watchdog/mediatek/wdt/common/built-in.o
  CC      drivers/gpu/drm/mediatek/mtk_disp_wdma.o
  AR      drivers/watchdog/mediatek/wdt/built-in.o
  AR      drivers/watchdog/mediatek/built-in.o
  CC      drivers/tty/tty_baudrate.o
  CC      drivers/media/v4l2-core/v4l2-dev.o
  CC      drivers/media/rc/keymaps/rc-digitalnow-tinytwin.o
  CC      drivers/staging/android/ion/mtk/ion_sec_heap.o
  AR      drivers/watchdog/built-in.o
  CC      drivers/media/v4l2-core/v4l2-ioctl.o
  CC      drivers/media/v4l2-core/v4l2-device.o
  CC      drivers/usb/core/buffer.o
  CC      drivers/misc/mediatek/base/power/ppm_v3/src/mtk_ppm_api.o
  CC      drivers/usb/core/sysfs.o
  CC      drivers/media/v4l2-core/v4l2-fh.o
  CC      drivers/media/rc/keymaps/rc-digittrade.o
  CC      drivers/tty/tty_jobctrl.o
  CC      drivers/video/fbdev/core/modedb.o
  CC      drivers/tty/n_null.o
  CC      drivers/staging/android/ion/mtk/ion_profile.o
  CC      drivers/staging/android/ion/mtk/ion_history.o
  CC      drivers/misc/mediatek/base/power/ppm_v3/src/mtk_ppm_profile.o
  CC      drivers/power/supply/mediatek/charger/ln8000_charger.o
  CC      drivers/media/rc/keymaps/rc-dm1105-nec.o
  CC      drivers/media/v4l2-core/v4l2-event.o
  CC      drivers/media/rc/keymaps/rc-dntv-live-dvb-t.o
  CC      drivers/media/v4l2-core/v4l2-ctrls.o
  CC      drivers/usb/core/endpoint.o
  CC      drivers/gpu/drm/mediatek/mtk_drm_crtc.o
  CC      drivers/scsi/ufs/ufshcd-crypto.o
  CC      drivers/usb/gadget/usbstring.o
  CC      drivers/tty/pty.o
  CC      drivers/misc/mediatek/base/power/ppm_v3/src/mtk_ppm_ipi.o
  CC      drivers/usb/gadget/config.o
  CC      drivers/media/rc/keymaps/rc-dntv-live-dvbt-pro.o
  CC      drivers/video/fbdev/core/fbcvt.o
  CC      drivers/staging/android/ion/mtk/ion_comm.o
  CC      drivers/video/fbdev/core/fb_defio.o
  CC      drivers/media/v4l2-core/v4l2-subdev.o
  CC      drivers/usb/core/devio.o
  CC      drivers/misc/mediatek/base/power/ppm_v3/src/mtk_ppm_cpi.o
  CC      drivers/power/supply/mediatek/charger/ln8000_charger_2.o
  CC      drivers/scsi/sd.o
  CC      drivers/media/rc/keymaps/rc-dtt200u.o
  CC      drivers/usb/gadget/epautoconf.o
  CC      drivers/tty/tty_audit.o
  CC      drivers/video/fbdev/core/cfbfillrect.o
  AR      drivers/staging/android/ion/mtk/built-in.o
  AR      drivers/staging/android/ion/built-in.o
  CC      drivers/staging/android/ashmem.o
  CC      drivers/scsi/ufs/ufsfeature.o
  CC      drivers/staging/android/alarm-dev.o
../drivers/scsi/ufs/ufshcd.c:1905:7: warning: unused variable 'flush_result' [-Wunused-variable]
        bool flush_result;
             ^
../drivers/scsi/ufs/ufshcd.c:3973:23: warning: 'memset' call operates on objects of type 'u8' (aka 'unsigned char') while the size is based on a different type 'u8 *' (aka 'unsigned char *') [-Wsizeof-pointer-memaccess]
                memset(buf,0,sizeof(buf));
                       ~~~          ^~~
../drivers/scsi/ufs/ufshcd.c:3973:23: note: did you mean to provide an explicit length?
                memset(buf,0,sizeof(buf));
                                    ^~~
2 warnings generated.
  CC      drivers/media/rc/keymaps/rc-dvbsky.o
  CC      drivers/media/v4l2-core/v4l2-clk.o
  CC      drivers/misc/mediatek/base/power/ppm_v3/src/mtk_ppm_policy_dlpt.o
  CC      drivers/video/fbdev/core/cfbcopyarea.o
  CC      drivers/video/fbdev/core/cfbimgblt.o
  CC      drivers/power/supply/mediatek/charger/pd_policy_manager.o
  CC      drivers/tty/sysrq.o
  CC      drivers/scsi/ufs/ufshpb.o
  CC      drivers/media/rc/keymaps/rc-dvico-mce.o
  CC      drivers/usb/gadget/composite.o
  CC      drivers/video/fbdev/core/sysfillrect.o
../drivers/scsi/ufs/ufsfeature.c:251:6: warning: unused variable 'total_size' [-Wunused-variable]
        u64 total_size = 0;
            ^
1 warning generated.
  CC      drivers/video/fbdev/core/syscopyarea.o
  CC      drivers/scsi/ufs/ufstw.o
  AR      drivers/staging/android/built-in.o
  AR      drivers/staging/built-in.o
  CC      drivers/misc/mediatek/base/power/ppm_v3/src/mtk_ppm_policy_sys_boost.o
  CC      drivers/misc/mediatek/base/power/ppm_v3/src/mtk_ppm_policy_ptpod.o
  CC      drivers/media/rc/keymaps/rc-dvico-portable.o
  CC      drivers/media/v4l2-core/v4l2-async.o
  CC      drivers/usb/core/notify.o
  AR      drivers/scsi/scsi_mod.o
  AR      drivers/scsi/sd_mod.o
  CC      drivers/usb/core/generic.o
  CC      drivers/video/fbdev/core/sysimgblt.o
  CC      drivers/video/fbdev/core/fb_sys_fops.o
  CC      drivers/misc/mediatek/base/power/ppm_v3/src/mtk_ppm_policy_pwr_thro.o
  CC      drivers/media/rc/keymaps/rc-em-terratec.o
  AR      drivers/video/fbdev/core/fb.o
  CC      drivers/media/rc/keymaps/rc-encore-enltv2.o
  CC      drivers/scsi/ufs/ufshpb_skh.o
  CC      drivers/tty/serial/serial_core.o
  CC      drivers/misc/mediatek/base/power/ppm_v3/src/mtk_ppm_policy_thermal.o
  CC      drivers/scsi/ufs/ufshcd-pltfrm.o
  AR      drivers/power/supply/mediatek/charger/built-in.o
  CC      drivers/power/supply/mediatek/misc/mtk_gauge_time_service.o
  CC      drivers/usb/core/quirks.o
  CC      drivers/usb/core/devices.o
  CC      drivers/usb/gadget/functions.o
  CC      drivers/usb/core/port.o
  CC      drivers/gpu/drm/mediatek/mtk_drm_ddp.o
  CC      drivers/media/rc/keymaps/rc-encore-enltv.o
  CC      drivers/gpu/drm/mediatek/mtk_drm_ddp_addon.o
  AR      drivers/video/fbdev/core/built-in.o
  AR      drivers/video/fbdev/built-in.o
  AR      drivers/video/built-in.o
  CC      drivers/media/v4l2-core/v4l2-compat-ioctl32.o
  CC      drivers/gpu/drm/mediatek/mtk_drm_ddp_comp.o
  CC      drivers/gpu/drm/mediatek/mtk_drm_fb.o
  CC      drivers/misc/mediatek/base/power/ppm_v3/src/mtk_ppm_policy_lcm_off.o
  CC      drivers/scsi/ufs/ufs-mtk.o
  CC      drivers/media/rc/keymaps/rc-encore-enltv-fm53.o
  AR      drivers/power/supply/mediatek/misc/built-in.o
  AR      drivers/power/supply/mediatek/built-in.o
  AR      drivers/power/supply/power_supply.o
  AR      drivers/power/supply/built-in.o
  CC      drivers/usb/core/of.o
  AR      drivers/power/built-in.o
  CC      drivers/media/rc/keymaps/rc-evga-indtube.o
  CC      drivers/scsi/ufs/mediatek/mt6781/ufs-mtk-platform.o
  CC      drivers/scsi/ufs/ufs-mtk-block.o
  CC      drivers/gpu/drm/mediatek/mtk_drm_gem.o
  CC      drivers/usb/gadget/configfs.o
  CC      drivers/misc/mediatek/base/power/ppm_v3/src/mtk_ppm_policy_hard_user_limit.o
  CC      drivers/usb/gadget/u_f.o
  CC      drivers/media/rc/keymaps/rc-eztv.o
  CC      drivers/media/rc/keymaps/rc-flydvb.o
  CC      drivers/gpu/drm/mediatek/mtk_drm_plane.o
  CC      drivers/tty/serial/earlycon.o
  CC      drivers/gpu/drm/mediatek/mtk_dsi.o
  AR      drivers/usb/core/usbcore.o
  AR      drivers/usb/core/built-in.o
../drivers/scsi/ufs/mediatek/mt6781/ufs-mtk-platform.c:247:6: warning: unused variable 'value' [-Wunused-variable]
        u32 value;
            ^
../drivers/scsi/ufs/mediatek/mt6781/ufs-mtk-platform.c:367:23: warning: unused variable 'host' [-Wunused-variable]
        struct ufs_mtk_host *host = ufshcd_get_variant(hba);
                             ^
2 warnings generated.
  CC      drivers/media/rc/keymaps/rc-flyvideo.o
  CC      drivers/scsi/ufs/ufs-mtk-dbg.o
  CC      drivers/media/rc/ir-rc5-decoder.o
  AR      drivers/gpu/drm/drm_kms_helper.o
  AR      drivers/gpu/drm/drm.o
  AR      drivers/scsi/ufs/ufshcd-core.o
  CC      drivers/media/rc/ir-rc6-decoder.o
  CC      drivers/misc/mediatek/base/power/ppm_v3/src/mtk_ppm_policy_user_limit.o
  CC      drivers/media/rc/keymaps/rc-fusionhdtv-mce.o
  CC      drivers/usb/gadget/meta.o
../drivers/scsi/ufs/ufs-mtk.c:2764:18: warning: unused variable 'hba' [-Wunused-variable]
        struct ufs_hba *hba;
                        ^
../drivers/scsi/ufs/ufs-mtk.c:2765:23: warning: unused variable 'host' [-Wunused-variable]
        struct ufs_mtk_host *host;
                             ^
../drivers/scsi/ufs/ufs-mtk.c:2819:23: warning: unused variable 'host' [-Wunused-variable]
        struct ufs_mtk_host *host = ufshcd_get_variant(hba);
                             ^
3 warnings generated.
  CC      drivers/usb/misc/trancevibrator.o
../drivers/usb/gadget/configfs.c:1567:12: warning: unused function 'configfs_composite_setup' [-Wunused-function]
static int configfs_composite_setup(struct usb_gadget *gadget,
           ^
../drivers/usb/gadget/configfs.c:1592:13: warning: unused function 'configfs_composite_disconnect' [-Wunused-function]
static void configfs_composite_disconnect(struct usb_gadget *gadget)
            ^
2 warnings generated.
  CC      drivers/gpu/drm/mediatek/mtk_mipi_tx.o
  CC      drivers/tty/serial/8250/8250_core.o
  CC      drivers/media/v4l2-core/vb2-trace.o
  CC      drivers/usb/phy/phy.o
  CC      drivers/media/rc/keymaps/rc-gadmei-rm008z.o
  CC      drivers/media/rc/keymaps/rc-geekbox.o
  CC      drivers/media/rc/keymaps/rc-genius-tvgo-a11mce.o
  CC      drivers/usb/storage/scsiglue.o
  CC      drivers/gpu/drm/mediatek/mtk_writeback.o
  CC      drivers/misc/mediatek/base/power/ppm_v3/src/mtk_ppm_policy_force_limit.o
  CC      drivers/media/rc/ir-jvc-decoder.o
  AR      drivers/usb/misc/built-in.o
  CC      drivers/misc/mediatek/base/power/ppm_v3/src/mtk_ppm_policy_ut.o
  CC      drivers/media/rc/ir-sony-decoder.o
  CC      drivers/media/rc/keymaps/rc-gotview7135.o
  CC      drivers/media/rc/keymaps/rc-imon-mce.o
  AR      drivers/scsi/ufs/built-in.o
  AR      drivers/scsi/built-in.o
  CC      drivers/media/rc/keymaps/rc-imon-pad.o
  CC      drivers/usb/phy/of.o
  CC      drivers/usb/gadget/function/f_acm.o
  CC      drivers/tty/serial/8250/8250_port.o
  CC      drivers/media/v4l2-core/v4l2-trace.o
  CC      drivers/usb/gadget/function/u_serial.o
  CC      drivers/usb/gadget/function/f_serial.o
  CC      drivers/media/rc/keymaps/rc-iodata-bctv7e.o
  CC      drivers/misc/mediatek/base/power/ppm_v3/src/mach/mt6785/mtk_ppm_platform.o
  CC      drivers/media/v4l2-core/v4l2-common.o
  CC      drivers/media/rc/keymaps/rc-it913x-v1.o
  CC      drivers/media/rc/keymaps/rc-it913x-v2.o
  CC      drivers/media/v4l2-core/v4l2-dv-timings.o
  CC      drivers/media/rc/keymaps/rc-kaiomy.o
  CC      drivers/media/rc/ir-sanyo-decoder.o
  CC      drivers/usb/storage/protocol.o
  CC      drivers/media/rc/ir-sharp-decoder.o
  CC      drivers/media/rc/keymaps/rc-kworld-315u.o
  CC      drivers/media/rc/keymaps/rc-kworld-pc150u.o
  CC      drivers/misc/mediatek/base/power/ppm_v3/src/mach/mt6785/mtk_ppm_power_data.o
  CC      drivers/usb/phy/class-dual-role.o
  CC      drivers/usb/gadget/function/u_ether.o
  CC      drivers/media/rc/keymaps/rc-kworld-plus-tv-analog.o
  CC      drivers/misc/mediatek/base/power/ppm_v3/src/mach/mt6785/mtk_ppm_cobra_algo.o
  CC      drivers/media/rc/keymaps/rc-leadtek-y04g0051.o
  CC      drivers/media/rc/ir-mce_kbd-decoder.o
  CC      drivers/media/rc/keymaps/rc-lme2510.o
  CC      drivers/media/v4l2-core/v4l2-mem2mem.o
  CC      drivers/media/rc/keymaps/rc-manli.o
  CC      drivers/media/rc/keymaps/rc-medion-x10.o
../drivers/tty/serial/8250/8250_port.c:713:16: warning: unused variable 'lcr' [-Wunused-variable]
        unsigned char lcr = 0, efr = 0;
                      ^
1 warning generated.
  CC      drivers/misc/mediatek/base/power/qos/mtk_qos_ipi_v2.o
  CC      drivers/media/rc/keymaps/rc-medion-x10-digitainer.o
  CC      drivers/usb/gadget/function/f_rndis.o
  CC      drivers/misc/mediatek/base/power/upower_v2/mtk_unified_power.o
  CC      drivers/media/rc/keymaps/rc-medion-x10-or2x.o
  CC      drivers/usb/storage/transport.o
  CC      drivers/gpu/drm/mediatek/mtk_sync.o
  CC      drivers/tty/serial/8250/8250_dma.o
  CC      drivers/usb/phy/phy-generic.o
  CC      drivers/usb/storage/usb.o
  CC      drivers/misc/mediatek/base/power/upower_v2/mtk_unified_power_internal.o
  CC      drivers/media/rc/keymaps/rc-msi-digivox-ii.o
  AR      drivers/misc/mediatek/base/power/ppm_v3/src/mach/mt6785/built-in.o
  AR      drivers/misc/mediatek/base/power/ppm_v3/src/mach/built-in.o
  AR      drivers/misc/mediatek/base/power/ppm_v3/src/built-in.o
  AR      drivers/misc/mediatek/base/power/ppm_v3/built-in.o
  CC      drivers/media/rc/keymaps/rc-msi-digivox-iii.o
  CC      drivers/media/rc/keymaps/rc-msi-tvanywhere.o
  CC      drivers/misc/mediatek/base/power/qos/mtk_qos_main.o
  CC      drivers/media/rc/keymaps/rc-msi-tvanywhere-plus.o
  CC      drivers/media/rc/ir-xmp-decoder.o
  CC      drivers/misc/mediatek/base/power/upower_v2/mtk_unified_power_api.o
  CC      drivers/gpu/drm/mediatek/mtk_fence.o
  CC      drivers/gpu/drm/mediatek/mtk_drm_session.o
  CC      drivers/media/rc/keymaps/rc-nebula.o
  CC      drivers/media/rc/keymaps/rc-nec-terratec-cinergy-xs.o
  CC      drivers/media/v4l2-core/videobuf2-core.o
  CC      drivers/misc/mediatek/base/power/upower_v2/mtk_unified_power_mt6781.o
  CC      drivers/misc/mediatek/base/power/qos/mtk_qos_bound.o
  CC      drivers/misc/mediatek/base/power/qos/mtk_qos_sram.o
  CC      drivers/usb/gadget/function/rndis.o
  CC      drivers/usb/gadget/function/f_mass_storage.o
  CC      drivers/tty/serial/8250/8250_early.o
  AR      drivers/usb/phy/built-in.o
  CC      drivers/tty/serial/8250/8250_fsl.o
  AR      drivers/media/rc/rc-core.o
  CC      drivers/tty/serial/8250/8250_mtk.o
  AR      drivers/tty/serial/8250/8250.o
  AR      drivers/tty/serial/8250/8250_base.o
  CC      drivers/usb/gadget/function/storage_common.o
  CC      drivers/media/rc/keymaps/rc-norwood.o
  CC      drivers/media/rc/keymaps/rc-npgtech.o
  CC      drivers/misc/mediatek/base/power/qos/mtk_qos_sysfs.o
  CC      drivers/misc/mediatek/base/power/qos/mtk_qos_share.o
  CC      drivers/media/v4l2-core/videobuf2-v4l2.o
  CC      drivers/usb/storage/initializers.o
  AR      drivers/misc/mediatek/base/power/upower_v2/built-in.o
  CC      drivers/media/v4l2-core/videobuf2-memops.o
  CC      drivers/media/v4l2-core/videobuf2-dma-contig.o
  CC      drivers/media/rc/keymaps/rc-pctv-sedna.o
  CC      drivers/media/rc/keymaps/rc-pinnacle-color.o
  CC      drivers/usb/gadget/function/f_fs.o
  CC      drivers/gpu/drm/mediatek/mtk_dump.o
  CC      drivers/media/rc/keymaps/rc-pinnacle-grey.o
  AR      drivers/misc/mediatek/base/power/qos/built-in.o
  AR      drivers/misc/mediatek/base/power/built-in.o
../drivers/tty/serial/8250/8250_mtk.c:223:6: warning: unused variable 'lcr' [-Wunused-variable]
        int lcr = serial_in(up, UART_LCR);
            ^
1 warning generated.
  AR      drivers/misc/mediatek/base/built-in.o
  CC      drivers/media/rc/keymaps/rc-pinnacle-pctv-hd.o
  CC      drivers/usb/storage/sierra_ms.o
  CC      drivers/misc/mediatek/blocktag/blocktag.o
  CC      drivers/media/rc/keymaps/rc-pixelview.o
  CC      drivers/media/rc/keymaps/rc-pixelview-mk12.o
  CC      drivers/media/rc/keymaps/rc-pixelview-002t.o
  CC      drivers/usb/gadget/function/f_midi.o
  AR      drivers/media/v4l2-core/videodev.o
  AR      drivers/tty/serial/8250/built-in.o
  CC      drivers/usb/gadget/function/f_hid.o
  AR      drivers/tty/serial/built-in.o
  CC      drivers/usb/gadget/function/f_audio_source.o
  AR      drivers/tty/built-in.o
  CC      drivers/usb/gadget/function/f_accessory.o
  CC      drivers/media/rc/keymaps/rc-pixelview-new.o
  CC      drivers/gpu/drm/mediatek/mtk_debug.o
  CC      drivers/usb/gadget/function/f_mtp.o
  CC      drivers/usb/gadget/function/f_ptp.o
  CC      drivers/gpu/drm/mediatek/mtk_layering_rule.o
  AR      drivers/media/v4l2-core/built-in.o
  CC      drivers/gpu/drm/mediatek/mtk_layering_rule_base.o
  CC      drivers/usb/gadget/udc/core.o
  CC      drivers/media/rc/keymaps/rc-powercolor-real-angel.o
  CC      drivers/media/rc/keymaps/rc-proteus-2309.o
  CC      drivers/usb/storage/option_ms.o
  CC      drivers/usb/storage/usual-tables.o
  CC      drivers/usb/storage/alauda.o
  AR      drivers/usb/gadget/function/usb_f_acm.o
  AR      drivers/usb/gadget/function/usb_f_serial.o
  AR      drivers/usb/gadget/function/usb_f_rndis.o
  AR      drivers/usb/gadget/function/usb_f_mass_storage.o
  AR      drivers/usb/gadget/function/usb_f_hid.o
  AR      drivers/usb/gadget/function/usb_f_midi.o
  AR      drivers/usb/gadget/function/usb_f_audio_source.o
  CC      drivers/usb/storage/cypress_atacb.o
  AR      drivers/usb/gadget/function/usb_f_ptp.o
  CC      drivers/usb/storage/datafab.o
  CC      drivers/media/rc/keymaps/rc-purpletv.o
  CC      drivers/media/rc/keymaps/rc-pv951.o
  CC      drivers/media/rc/keymaps/rc-hauppauge.o
  AR      drivers/misc/mediatek/blocktag/built-in.o
  CC      drivers/usb/storage/freecom.o
  AR      drivers/usb/gadget/function/usb_f_accessory.o
  CC      drivers/usb/storage/isd200.o
  AR      drivers/usb/gadget/function/usb_f_fs.o
  CC      drivers/misc/mediatek/boot/mtk_boot_common.o
  CC      drivers/gpu/drm/mediatek/mtk_rect.o
  CC      drivers/media/rc/keymaps/rc-rc6-mce.o
  CC      drivers/misc/mediatek/boot_reason/mtk_boot_reason.o
  CC      drivers/misc/mediatek/boot/mtk_boot.o
  CC      drivers/misc/mediatek/btif/common/mtk_btif.o
  CC      drivers/gpu/drm/mediatek/mtk_drm_mmp.o
  CC      drivers/media/rc/keymaps/rc-real-audio-220-32-keys.o
  CC      drivers/usb/storage/jumpshot.o
  AR      drivers/usb/gadget/function/usb_f_mtp.o
  AR      drivers/usb/gadget/function/built-in.o
  AR      drivers/usb/gadget/libcomposite.o
  CC      drivers/usb/storage/karma.o
  CC      drivers/gpu/drm/mediatek/mtk_drm_trace.o
  CC      drivers/usb/gadget/udc/trace.o
  CC      drivers/misc/mediatek/btif/common/mtk_btif_exp.o
  CC      drivers/usb/storage/onetouch.o
  CC      drivers/media/rc/keymaps/rc-reddo.o
  CC      drivers/gpu/drm/mediatek/mtk_panel_ext.o
  CC      drivers/gpu/drm/mediatek/mtk_drm_helper.o
  CC      drivers/gpu/drm/mediatek/mtk_drm_lowpower.o
  AR      drivers/misc/mediatek/boot_reason/BOOT_REASON.o
  AR      drivers/misc/mediatek/boot_reason/built-in.o
  CC      drivers/misc/mediatek/c2k_usb/f_rawbulk.o
  CC      drivers/misc/mediatek/cache-auditor/cache_ctrl.o
  CC      drivers/misc/mediatek/c2k_usb/rawbulk.o
  AR      drivers/misc/mediatek/boot/BOOT_COMMON.o
  AR      drivers/misc/mediatek/boot/built-in.o
  CC      drivers/usb/storage/sddr09.o
  CC      drivers/gpu/drm/mediatek/mtk_disp_postmask.o
  CC      drivers/media/rc/keymaps/rc-snapstream-firefly.o
  CC      drivers/misc/mediatek/cam_cal/src/mt6781/../common/v2/eeprom_driver.o
  CC      drivers/misc/mediatek/cameraisp/dip/cameradip_dummy.o
  AR      drivers/usb/gadget/udc/udc-core.o
  CC      drivers/usb/storage/sddr55.o
  AR      drivers/usb/gadget/udc/built-in.o
  AR      drivers/usb/gadget/built-in.o
..
  CC      drivers/misc/mediatek/cameraisp/dip/isp_6s/camera_dip.o
  CC      drivers/misc/mediatek/ccci_util/ccci_util_lib_fo.o
  CC      drivers/misc/mediatek/ccmni/ccmni.o
  CC      drivers/misc/mediatek/cam_cal/src/mt6781/../common/v2/eeprom_i2c_common_driver.o
  CC      drivers/media/rc/keymaps/rc-streamzap.o
  CC      drivers/media/rc/keymaps/rc-tbs-nec.o
  CC      drivers/misc/mediatek/btif/common/btif_dma_plat.o
  CC      drivers/misc/mediatek/chip/mtk_chip_common.o
  CC      drivers/gpu/drm/mediatek/mtk_drm_assert.o
  CC      drivers/misc/mediatek/cam_cal/src/mt6781/../common/v2/eeprom_utils.o
  CC      drivers/misc/mediatek/c2k_usb/rawbulk_transfer.o
  CC      drivers/media/rc/keymaps/rc-technisat-ts35.o
  CC      drivers/gpu/drm/mediatek/mtk_drm_fbconsole.o
..
  CC      drivers/misc/mediatek/cameraisp/dpe/cameradpe_dummy.o
  AR      drivers/misc/mediatek/cache-auditor/built-in.o
  CC      drivers/misc/mediatek/cam_cal/src/mt6781/eeprom_i2c_custom_driver.o
  CC      drivers/usb/storage/shuttle_usbat.o
  CC      drivers/misc/mediatek/cam_cal/src/mt6781/cam_cal_list.o
  AR      drivers/misc/mediatek/cameraisp/dpe/built-in.o
  CC      drivers/gpu/drm/mediatek/mtk_disp_recovery.o
  CC      drivers/misc/mediatek/cmdq/mailbox/cmdq_sec_mtee.o
  CC      drivers/misc/mediatek/ccci_util/ccci_util_lib_load_img.o
  CC      drivers/misc/mediatek/ccci_util/ccci_util_lib_sys.o
  CC      drivers/media/rc/keymaps/rc-technisat-usb2.o
  CC      drivers/misc/mediatek/chip/mt6785/mtk_chip.o
  CC      drivers/media/rc/keymaps/rc-terratec-cinergy-c-pci.o
  CC      drivers/misc/mediatek/btif/common/btif_plat.o
  CC      drivers/media/rc/keymaps/rc-terratec-cinergy-s2-hd.o
  CC      drivers/misc/mediatek/ccci_util/ccci_private_log.o
  AR      drivers/misc/mediatek/cam_cal/src/mt6781/built-in.o
  AR      drivers/misc/mediatek/cam_cal/src/built-in.o
  CC      drivers/media/rc/keymaps/rc-terratec-cinergy-xs.o
  CC      drivers/misc/mediatek/cmo/cmo-mtk.o
  CC      drivers/misc/mediatek/ccci_util/ccci_util_lib_time.o
  CC      drivers/media/rc/keymaps/rc-terratec-slim.o
  CC      drivers/misc/mediatek/cmdq/mailbox/cmdq-sec-helper.o
  CC      drivers/media/rc/keymaps/rc-terratec-slim-2.o
  AR      drivers/usb/storage/usb-storage.o
  AR      drivers/usb/storage/ums-alauda.o
  AR      drivers/usb/storage/ums-cypress.o
  CC      drivers/gpu/drm/mediatek/mtk_disp_pmqos.o
  AR      drivers/usb/storage/ums-datafab.o
  AR      drivers/usb/storage/ums-freecom.o
  AR      drivers/usb/storage/ums-isd200.o
  AR      drivers/usb/storage/ums-jumpshot.o
  CC      drivers/media/rc/keymaps/rc-tevii-nec.o
  CC      drivers/misc/mediatek/ccci_util/ccci_util_lib_main.o
  AR      drivers/misc/mediatek/c2k_usb/c2k_usb.o
  AR      drivers/usb/storage/ums-karma.o
  AR      drivers/misc/mediatek/c2k_usb/built-in.o
  AR      drivers/usb/storage/ums-onetouch.o
  AR      drivers/misc/mediatek/ccmni/eccmni.o
  AR      drivers/usb/storage/ums-sddr09.o
  AR      drivers/usb/storage/ums-sddr55.o
  AR      drivers/usb/storage/ums-usbat.o
  AR      drivers/misc/mediatek/btif/common/btif.o
  AR      drivers/usb/storage/built-in.o
  AR      drivers/misc/mediatek/btif/common/built-in.o
  AR      drivers/usb/built-in.o
  AR      drivers/misc/mediatek/ccmni/built-in.o
  AR      drivers/misc/mediatek/btif/built-in.o
  CC      drivers/misc/mediatek/conn_md/conn_md.o
  CC      drivers/media/rc/keymaps/rc-tivo.o
  AR      drivers/misc/mediatek/chip/mt6785/CHIP.o
  AR      drivers/misc/mediatek/chip/mt6785/built-in.o
  AR      drivers/misc/mediatek/chip/CHIP_COMMON.o
  AR      drivers/misc/mediatek/chip/built-in.o
  CC      drivers/misc/mediatek/devapc/devapc-mtk-common.o
  CC      drivers/misc/mediatek/connectivity/common/connectivity_build_in_adapter.o
  CC      drivers/misc/mediatek/conn_md/conn_md_exp.o
  CC      drivers/misc/mediatek/debug_latch/cache_parity/cache_parity.o
  CC      drivers/misc/mediatek/connectivity/common/wmt_build_in_adapter.o
  CC      drivers/misc/mediatek/devapc/devapc-mt6781.o
  CC      drivers/media/rc/keymaps/rc-total-media-in-hand.o
  CC      drivers/media/rc/keymaps/rc-total-media-in-hand-02.o
  AR      drivers/misc/mediatek/cmo/built-in.o
  CC      drivers/misc/mediatek/ccci_util/ccci_util_ld_md_errno.o
  CC      drivers/media/rc/keymaps/rc-trekstor.o
  CC      drivers/misc/mediatek/devinfo/devinfo.o
  CC      drivers/misc/mediatek/ccci_util/ccci_util_broadcast.o
  CC      drivers/misc/mediatek/ccci_util/ccci_util_sib.o
  CC      drivers/misc/mediatek/ccci_util/ccci_util_dummy.o
  AR      drivers/misc/mediatek/debug_latch/cache_parity/built-in.o
  CC      drivers/media/rc/keymaps/rc-tt-1500.o
  CC      drivers/misc/mediatek/conn_md/conn_md_log.o
  CC      drivers/misc/mediatek/cmdq/mailbox/cmdq-sec-mailbox.o
  CC      drivers/media/rc/keymaps/rc-twinhan-dtv-cab-ci.o
  CC      drivers/gpu/drm/mediatek/mtk_disp_dsc.o
  CC      drivers/misc/mediatek/debug_latch/lastbus/lastbus.o
  CC      drivers/media/rc/keymaps/rc-twinhan1027.o
  CC      drivers/misc/mediatek/cmdq/mailbox/cmdq-test.o
  CC      drivers/media/rc/keymaps/rc-videomate-m1f.o
  AR      drivers/misc/mediatek/cameraisp/dip/isp_6s/built-in.o
  AR      drivers/misc/mediatek/devapc/built-in.o
  AR      drivers/misc/mediatek/cameraisp/dip/built-in.o
  CC      drivers/media/rc/keymaps/rc-videomate-s350.o
FDVT: Drv use 5.1 folder
  CC      drivers/misc/mediatek/cameraisp/fdvt/fdvt_dummy.o
  CC      drivers/misc/mediatek/devmpu/devmpu.o
  CC      drivers/misc/mediatek/debug_latch/lastbus/mt6781/plat_lastbus.o
  CC      drivers/misc/mediatek/dfd/dfd.o
  CC      drivers/misc/mediatek/cameraisp/fdvt/5.1/camera_fdvt.o
  CC      drivers/misc/mediatek/conn_md/conn_md_dump.o
  AR      drivers/misc/mediatek/connectivity/connadp.o
  AR      drivers/misc/mediatek/connectivity/built-in.o
  CC      drivers/media/rc/keymaps/rc-videomate-tv-pvr.o
  CC      drivers/gpu/drm/mediatek/mtk_drm_arr.o
  CC      drivers/media/rc/keymaps/rc-winfast.o
  AR      drivers/misc/mediatek/ccci_util/ccci_util_lib.o
  CC      drivers/media/rc/keymaps/rc-winfast-usbii-deluxe.o
  CC      drivers/gpu/drm/mediatek/mtk_disp_merge.o
  AR      drivers/misc/mediatek/ccci_util/built-in.o
  AR      drivers/misc/mediatek/devinfo/built-in.o
  CC      drivers/media/rc/keymaps/rc-su3000.o
  CC      drivers/misc/mediatek/conn_md/conn_md_dbg.o
  AR      drivers/misc/mediatek/debug_latch/lastbus/mt6781/built-in.o
  AR      drivers/misc/mediatek/debug_latch/lastbus/built-in.o
  CC      drivers/misc/mediatek/conn_md/conn_md_test.o
  CC      drivers/media/rc/keymaps/rc-zx-irdec.o
  CC      drivers/misc/mediatek/debug_latch/plat_dbg_info/plat_dbg_info.o
  CC      drivers/gpu/drm/mediatek/mtk_dmdp_aal.o
  CC      drivers/gpu/drm/mediatek/mtk_fbconfig_kdebug.o
  CC      drivers/gpu/drm/mediatek/mi_disp_esd_check.o
  CC      drivers/misc/mediatek/cmdq/mailbox/cmdq-util.o
  CC      drivers/misc/mediatek/dfd/mt6785/plat_dfd.o
..
  CC      drivers/misc/mediatek/cameraisp/mfb/camera_mfb_dummy.o
  CC      drivers/misc/mediatek/debug_latch/plat_dbg_info/plat_sram_flag.o
  CC      drivers/misc/mediatek/cameraisp/mfb/isp_6s/engine_request.o
  AR      drivers/misc/mediatek/dfd/mt6785/built-in.o
  AR      drivers/misc/mediatek/dfd/built-in.o
  CC      drivers/misc/mediatek/cameraisp/mfb/isp_6s/camera_mfb.o
  CC      drivers/gpu/drm/mediatek/mtk_drm_fbdev.o
  AR      drivers/media/rc/keymaps/built-in.o
  AR      drivers/media/rc/built-in.o
  AR      drivers/media/built-in.o
  AR      drivers/misc/mediatek/conn_md/conn_md_bridge.o
  CC      drivers/misc/mediatek/cmdq/mailbox/mt6781/cmdq-platform.o
  AR      drivers/misc/mediatek/conn_md/built-in.o
  AR      drivers/misc/mediatek/devmpu/built-in.o
  CC      drivers/misc/mediatek/cmdq/mailbox/cmdq-bw-mon.o
  CC      drivers/misc/mediatek/dramc/dramc.o
..
  CC      drivers/misc/mediatek/cameraisp/owe/camera_owe_dummy.o
  CC      drivers/misc/mediatek/eccci/ccci_core.o
  AR      drivers/misc/mediatek/cameraisp/owe/built-in.o
  CC      drivers/misc/mediatek/dramc/mtk_lastdramc.o
..
  CC      drivers/misc/mediatek/cameraisp/rsc/camera_rsc_dummy.o
  CC      drivers/misc/mediatek/elliptic/elliptic.o
  CC      drivers/misc/mediatek/cameraisp/src/cameraisp_dummy.o
  CC      drivers/misc/mediatek/cameraisp/rsc/engine_request.o
  CC      drivers/misc/mediatek/cameraisp/src/mt6853/camera_isp.o
  AR      drivers/misc/mediatek/debug_latch/plat_dbg_info/built-in.o
  CC      drivers/misc/mediatek/elliptic/elliptic_mixer_controls.o
  AR      drivers/misc/mediatek/debug_latch/built-in.o
  CC      drivers/misc/mediatek/elliptic/io_modules/mtk/elliptic_data_mtk_io.o
  CC      drivers/misc/mediatek/cameraisp/rsc/isp_6s/camera_rsc.o
  CC      drivers/misc/mediatek/dramc/mtk_memtest.o
  CC      drivers/misc/mediatek/dramc/mtk_rshmoo.o
  CC      drivers/misc/mediatek/dramc/mt6785/mtk_dramc.o
  AR      drivers/misc/mediatek/cmdq/mailbox/built-in.o
  CC      drivers/misc/mediatek/ext_gic/mtk-gic-v3-extend.o
  AR      drivers/misc/mediatek/cmdq/built-in.o
  CC      drivers/misc/mediatek/flashlight/flashlight-core.o
  CC      drivers/misc/mediatek/elliptic/elliptic_sysfs.o
  CC      drivers/misc/mediatek/flashlight/flashlight-device.o
  AR      drivers/gpu/drm/mediatek/mediatek-drm.o
  AR      drivers/gpu/drm/mediatek/built-in.o
  CC      drivers/misc/mediatek/eccci/ccci_bm.o
  AR      drivers/gpu/drm/built-in.o
  CC      drivers/misc/mediatek/flashlight/flashlights-ocp8132.o
  AR      drivers/misc/mediatek/cameraisp/fdvt/5.1/built-in.o
  AR      drivers/gpu/built-in.o
  AR      drivers/misc/mediatek/cameraisp/fdvt/built-in.o
  CC      drivers/misc/mediatek/flashlight/richtek/rt-flashlight.o
  CC      drivers/misc/mediatek/freqhopping/mtk_freqhopping_drv.o
..
  CC      drivers/misc/mediatek/cameraisp/wpe/camerawpe_dummy.o
  CC      drivers/misc/mediatek/cameraisp/tsf/camera_tsf_dummy.o
  CC      drivers/misc/mediatek/flashlight/richtek/rtfled.o
  AR      drivers/misc/mediatek/cameraisp/wpe/built-in.o
  CC      drivers/misc/mediatek/eccci/ccci_modem.o
  CC      drivers/misc/mediatek/geniezone/gz_main.o
  AR      drivers/misc/mediatek/cameraisp/tsf/built-in.o
  CC      drivers/misc/mediatek/geniezone/mtee_ut/gz_ut.o
  CC      drivers/misc/mediatek/eccci/modem_sys1.o
  CC      drivers/misc/mediatek/geniezone/mtee_ut/gz_sec_storage_ut.o
  AR      drivers/misc/mediatek/elliptic/built-in.o
  AR      drivers/misc/mediatek/cameraisp/mfb/built-in.o
  CC      drivers/misc/mediatek/geniezone/mtee_ut/gz_chmem_ut.o
  CC      drivers/misc/mediatek/geniezone/mtee_ut/gz_shmem_ut.o
  CC      drivers/misc/mediatek/ext_gic/mt6785/plat_sw_mode.o
  AR      drivers/misc/mediatek/cameraisp/rsc/built-in.o
  CC      drivers/misc/mediatek/cameraisp/src/mt6853/cam_qos.o
  AR      drivers/misc/mediatek/dramc/mt6785/built-in.o
  CC      drivers/misc/mediatek/geniezone/mtee_ut/gz_rkp_ut.o
  AR      drivers/misc/mediatek/ext_gic/mt6785/built-in.o
  AR      drivers/misc/mediatek/ext_gic/built-in.o
  AR      drivers/misc/mediatek/dramc/built-in.o
MTK_GPU_VERSION 1 = mali
  CC      drivers/misc/mediatek/eccci/ccci_auxadc.o
  AR      drivers/misc/mediatek/flashlight/richtek/built-in.o
  CC      drivers/misc/mediatek/haptic_nv/aw_haptic.o
imgsensor drv by platform s5khm2sd_main_sunny_mipi_raw/ s5khm2sd_main_ofilm_mipi_raw/ hi1634q_front_ofilm_mipi_raw/ hi1634q_front_qtech_mipi_raw/ ov8856_ultra_aac_mipi_raw/ imx355_ultra_sunny_mipi_raw/ ov02b1b_depth_sunny_mipi_raw/ ov02b1b_depth_truly_mipi_raw/ gc02m1_macro_ofilm_mipi_raw/ gc02m1_macro_aac_mipi_raw/
imgsensor drv by platform 
imgsensor subdir-ccflags-y = -I../drivers/misc/mediatek/imgsensor/src/common/v1_1 -I../drivers/misc/mediatek/mmdvfs -I../drivers/i2c/busses/ -I../drivers/misc/mediatek/imgsensor/src/viva/camera_hw_mt6781 -I../drivers/misc/mediatek/imgsensor/src/viva/camera_hw -I../drivers/misc/mediatek/imgsensor/src/common/v1_1/camera_hw -DSENSOR_PARALLEISM -DSENINF_N3D_SUPPORT -I../drivers/misc/mediatek/imgsensor/src/viva/seninf_mt6781/ -I../drivers/misc/mediatek/imgsensor/src/viva/seninf/
  CC      drivers/misc/mediatek/freqhopping/mt6785/mtk_freqhopping_sspm_v2.o
  AR      drivers/misc/mediatek/flashlight/flashlight.o
  AR      drivers/misc/mediatek/flashlight/built-in.o
  CC      drivers/misc/mediatek/gpu/ged/src/ged.o
  CC      drivers/misc/mediatek/geniezone/gz-trusty/trusty.o
  CC      drivers/misc/mediatek/gpu/ged/src/ged_base.o
  CC      drivers/misc/mediatek/gpu/gpu_bm/gpu_bm.o
  CC      drivers/misc/mediatek/imgsensor/src/viva/../common/v1_1/imgsensor.o
  CC      drivers/misc/mediatek/gpu/ged/src/ged_main.o
  CC      drivers/misc/mediatek/imgsensor/src/viva/../common/v1_1/imgsensor_hw.o
  CC      drivers/misc/mediatek/imgsensor/src/viva/../common/v1_1/imgsensor_i2c.o
************  drivers/trusty/mtee-kree mk ************
  CC      drivers/misc/mediatek/geniezone/mtee-kree/tz_mmap.o
  CC      drivers/misc/mediatek/haptic_nv/aw8622x.o
  CC      drivers/misc/mediatek/eccci/modem_sys3.o
  CC      drivers/misc/mediatek/gpu/ged/src/ged_sysfs.o
  CC      drivers/misc/mediatek/eccci/fsm/ccci_fsm.o
  CC      drivers/misc/mediatek/io_boost/mtk_io_boost.o
*MTK_GPU_VERSION 2 = valhall
*MTK_GPU_VERSION 3 = r25p0
  AR      drivers/misc/mediatek/gpu/gpu_bm/built-in.o
mali MTK evironment, building r25p0 DDK
mtk-Kbuild CONFIG_MALI_PLATFORM_THIRDPARTY := y
mtk-Kbuild CONFIG_MALI_PLATFORM_THIRDPARTY_NAME := "mt6781"
mali MTK evironment, building r25p0 DDK
mtk-Kbuild CONFIG_MALI_PLATFORM_THIRDPARTY := y
mtk-Kbuild CONFIG_MALI_PLATFORM_THIRDPARTY_NAME := "mt6781"
  AR      drivers/misc/mediatek/freqhopping/mt6785/built-in.o
mali MTK evironment, building r25p0 DDK
mtk-Kbuild CONFIG_MALI_PLATFORM_THIRDPARTY := y
mtk-Kbuild CONFIG_MALI_PLATFORM_THIRDPARTY_NAME := "mt6781"
  AR      drivers/misc/mediatek/freqhopping/built-in.o
  CC      drivers/misc/mediatek/gpu/hal/mtk_gpu_utility.o
  CC      drivers/misc/mediatek/gpu/ged/src/ged_hal.o
  CC      drivers/misc/mediatek/eccci/hif/ccci_hif.o
  CC      drivers/misc/mediatek/irtx/mtk_irtx_pwm.o
  CC      drivers/misc/mediatek/gpu/ged/src/ged_log.o
  CC      drivers/misc/mediatek/geniezone/mtee-kree/tz_system.o
  CC      drivers/misc/mediatek/geniezone/gz-trusty/trusty-irq.o
  CC      drivers/misc/mediatek/geniezone/gz-trusty/trusty-mem.o
  AR      drivers/misc/mediatek/io_boost/built-in.o
  CC      drivers/misc/mediatek/leds/leds-mtk-disp.o
  CC      drivers/misc/mediatek/imgsensor/src/viva/../common/v1_1/imgsensor_legacy.o
  CC      drivers/misc/mediatek/eccci/mixdev/mix_event.o
  AR      drivers/misc/mediatek/gpu/hal/hal.o
  AR      drivers/misc/mediatek/gpu/hal/built-in.o
  AR      drivers/misc/mediatek/irtx/built-in.o
  CC      drivers/misc/mediatek/geniezone/gz-trusty/trusty-virtio.o
  CC      drivers/misc/mediatek/gpu/ged/src/ged_bridge.o
  CC      drivers/misc/mediatek/gpu/gpu_mali/mali_valhall/mali-r25p0/drivers/gpu/arm/midgard/platform/mtk_platform_common/mtk_platform_common.o
  CC      drivers/misc/mediatek/eccci/mt6785/ccci_platform.o
  CC      drivers/misc/mediatek/eccci/hif/ccci_hif_cldma.o
  CC      drivers/misc/mediatek/imgsensor/src/viva/../common/v1_1/imgsensor_proc.o
  CC      drivers/misc/mediatek/lens/main/main_lens.o
  CC      drivers/misc/mediatek/eccci/fsm/ccci_fsm_ioctl.o
  AR      drivers/misc/mediatek/leds/built-in.o
  CC      drivers/misc/mediatek/log_store/log_store.o
  CC      drivers/misc/mediatek/gpu/ged/src/ged_monitor_3D_fence.o
  CC      drivers/misc/mediatek/geniezone/mtee-kree/kree_mem.o
  CC      drivers/misc/mediatek/imgsensor/src/viva/../common/v1_1/imgsensor_sensor_list.o
  AR      drivers/misc/mediatek/eccci/mixdev/mix_event_lib.o
  CC      drivers/misc/mediatek/gpu/ged/src/ged_notify_sw_vsync.o
  AR      drivers/misc/mediatek/eccci/mixdev/built-in.o
  CC      drivers/misc/mediatek/geniezone/gz-trusty/trusty-ipc.o
  CC      drivers/misc/mediatek/haptic_nv/aw8624.o
  CC      drivers/misc/mediatek/gpu/gpu_mali/mali_valhall/mali-r25p0/drivers/gpu/arm/midgard/platform/mtk_platform_common/mtk_mfg_counter.o
  CC      drivers/misc/mediatek/eccci/port/port_cfg.o
  CC      drivers/misc/mediatek/geniezone/gz-trusty/smcnr-table.o
  CC      drivers/misc/mediatek/gpu/gpu_mali/mali_valhall/mali-r25p0/drivers/gpu/arm/midgard/platform/mtk_platform_common/mtk_gpu_power_sspm_ipi.o
  CC      drivers/misc/mediatek/imgsensor/src/viva/../common/v1_1/seninf.o
  CC      drivers/misc/mediatek/gpu/ged/src/ged_hashtable.o
  AR      drivers/misc/mediatek/cameraisp/src/mt6853/built-in.o
  AR      drivers/misc/mediatek/cameraisp/src/built-in.o
  CC      drivers/misc/mediatek/eccci/mt6785/ap_md_reg_dump_6781.o
  AR      drivers/misc/mediatek/cameraisp/built-in.o
  CC      drivers/misc/mediatek/lens/main/common/ak7371af/AK7371AF.o
  CC      drivers/misc/mediatek/gpu/ged/src/ged_thread.o
  CC      drivers/misc/mediatek/imgsensor/src/viva/../common/v1_1/n3d_fsync/n3d.o
  AR      drivers/misc/mediatek/log_store/built-in.o
  CC      drivers/misc/mediatek/eccci/fsm/ccci_fsm_monitor.o
  CC      drivers/misc/mediatek/gpu/ged/src/ged_ge.o
  CC      drivers/misc/mediatek/gpu/ged/src/ged_dvfs.o
  AR      drivers/misc/mediatek/geniezone/mtee-kree/built-in.o
  CC      drivers/misc/mediatek/gpu/ged/src/ged_gpu_tuner.o
  CC      drivers/misc/mediatek/gpu/gpu_mali/mali_valhall/mali-r25p0/drivers/gpu/arm/midgard/context/mali_kbase_context.o
  CC      drivers/misc/mediatek/imgsensor/src/viva/camera_hw_mt6781/../../common/v1_1/camera_hw/gpio/gpio.o
  CC      drivers/misc/mediatek/eccci/port/port_char.o
  CC      drivers/misc/mediatek/imgsensor/src/viva/camera_hw_mt6781/../../common/v1_1/camera_hw/mclk/mclk.o
  CC      drivers/misc/mediatek/gpu/gpu_mali/mali_valhall/mali-r25p0/drivers/gpu/arm/midgard/debug/mali_kbase_debug_ktrace.o
  AR      drivers/misc/mediatek/lens/main/common/ak7371af/built-in.o
  CC      drivers/misc/mediatek/eccci/hif/ccci_hif_dpmaif.o
  CC      drivers/misc/mediatek/imgsensor/src/viva/camera_hw_mt6781/../../common/v1_1/camera_hw/regulator/regulator.o
  CC      drivers/misc/mediatek/lens/main/common/bu63169af/BU63169AF.o
  CC      drivers/misc/mediatek/eccci/mt6785/md_sys1_platform.o
  CC      drivers/misc/mediatek/imgsensor/src/viva/camera_hw_mt6781/imgsensor_cfg_table.o
../drivers/misc/mediatek/gpu/ged/src/ged_dvfs.c:1011:8: warning: ISO C90 forbids mixing declarations and code [-Wdeclaration-after-statement]
                        int i32NewFreqID =
                            ^
1 warning generated.
  CC      drivers/misc/mediatek/imgsensor/src/viva/../common/v1_1/n3d_fsync/n3d_clk.o
  CC      drivers/misc/mediatek/imgsensor/src/viva/gc02m1_macro_aac_mipi_raw/gc02m1_macro_aac_mipi_raw.o
  CC      drivers/misc/mediatek/eccci/fsm/ccci_fsm_poller.o
  CC      drivers/misc/mediatek/geniezone/gz-trusty/gz-log.o
  CC      drivers/misc/mediatek/gpu/ged/src/ged_kpi.o
  AR      drivers/misc/mediatek/imgsensor/src/viva/camera_hw_mt6781/../../common/v1_1/camera_hw/gpio/built-in.o
  CC      drivers/misc/mediatek/gpu/gpu_mali/mali_valhall/mali-r25p0/drivers/gpu/arm/midgard/device/mali_kbase_device.o
  AR      drivers/misc/mediatek/imgsensor/src/viva/camera_hw_mt6781/../../common/v1_1/camera_hw/mclk/built-in.o
  AR      drivers/misc/mediatek/haptic_nv/haptic.o
  CC      drivers/misc/mediatek/imgsensor/src/viva/camera_hw_mt6781/imgsensor_pwr_seq.o
  AR      drivers/misc/mediatek/haptic_nv/built-in.o
  CC      drivers/misc/mediatek/lens/main2/main2_lens.o
  CC      drivers/misc/mediatek/lens/main/common/bu6424af/BU6424AF.o
  CC      drivers/misc/mediatek/lpm/mtk_lpm_module.o
  CC      drivers/misc/mediatek/eccci/port/port_ctlmsg.o
  CC      drivers/misc/mediatek/lens/main/common/bu63169af/OIS_func.o
  CC      drivers/misc/mediatek/imgsensor/src/viva/../common/v1_1/n3d_fsync/n3d_hw.o
  AR      drivers/misc/mediatek/imgsensor/src/viva/camera_hw_mt6781/../../common/v1_1/camera_hw/regulator/built-in.o
  CC      drivers/misc/mediatek/lens/main/common/bu64253gwzaf/BU64253GWZAF.o
  CC      drivers/misc/mediatek/lens/main/common/bu6429af/BU6429AF.o
  CC      drivers/misc/mediatek/lens/main/common/bu63169af/OIS_main.o
  CC      drivers/misc/mediatek/imgsensor/src/viva/gc02m1_macro_aac_mipi_raw/gc02m1_macro_aac_mipi_raw_eeprom.o
  CC      drivers/misc/mediatek/imgsensor/src/viva/../common/v1_1/n3d_fsync/vsync_recorder.o
  CC      drivers/misc/mediatek/lens/main/common/bu63169af/OIS_user.o
  CC      drivers/misc/mediatek/eccci/fsm/ccci_fsm_scp.o
  AR      drivers/misc/mediatek/imgsensor/src/viva/camera_hw_mt6781/built-in.o
  AR      drivers/misc/mediatek/lens/main/common/bu63169af/built-in.o
  AR      drivers/misc/mediatek/lens/main/common/bu6424af/built-in.o
  CC      drivers/misc/mediatek/eccci/fsm/ccci_fsm_ee.o
  CC      drivers/misc/mediatek/eccci/fsm/ccci_fsm_sys.o
  CC      drivers/misc/mediatek/lens/main/common/bu64748af/bu64748_function.o
  CC      drivers/misc/mediatek/imgsensor/src/viva/../common/v1_1/n3d_fsync/frame-sync/frame_sync.o
  CC      drivers/misc/mediatek/lens/main2/common/ak7371af/AK7371AF.o
  CC      drivers/misc/mediatek/gpu/gpu_mali/mali_valhall/mali-r25p0/drivers/gpu/arm/midgard/mali_kbase_cache_policy.o
  AR      drivers/misc/mediatek/geniezone/gz-trusty/built-in.o
  AR      drivers/misc/mediatek/gpu/ged/ged.o
  AR      drivers/misc/mediatek/geniezone/built-in.o
  AR      drivers/misc/mediatek/gpu/ged/built-in.o
  AR      drivers/misc/mediatek/lens/main/common/bu64253gwzaf/built-in.o
  CC      drivers/misc/mediatek/lens/main/common/bu64748af/bu64748af.o
  CC      drivers/misc/mediatek/imgsensor/src/viva/../common/v1_1/n3d_fsync/frame-sync/frame_sync_algo.o
  AR      drivers/misc/mediatek/lens/main/common/bu6429af/built-in.o
  AR      drivers/misc/mediatek/imgsensor/src/viva/gc02m1_macro_aac_mipi_raw/built-in.o
  CC      drivers/misc/mediatek/eccci/port/port_udc.o
  CC      drivers/misc/mediatek/eccci/port/port_misc.o
  AR      drivers/misc/mediatek/eccci/mt6785/ccci.o
  CC      drivers/misc/mediatek/masp/asfv2/core/sec_boot_core.o
  AR      drivers/misc/mediatek/eccci/mt6785/built-in.o
  CC      drivers/misc/mediatek/lens/main/common/dw9714af/DW9714AF.o
  CC      drivers/misc/mediatek/lpm/mtk_lpm_call.o
  CC      drivers/misc/mediatek/mdp/cmdq_record.o
  CC      drivers/misc/mediatek/mdp/cmdq_virtual.o
  CC      drivers/misc/mediatek/mdp/cmdq_device.o
  AR      drivers/misc/mediatek/lens/main2/common/ak7371af/built-in.o
  CC      drivers/misc/mediatek/eccci/fsm/mdee_dumper_v1.o
  CC      drivers/misc/mediatek/lpm/mtk_lpm_registry.o
  AR      drivers/misc/mediatek/lens/main/common/bu64748af/built-in.o
  CC      drivers/misc/mediatek/lens/main2/common/ak7374af/AK7374AF.o
  CC      drivers/misc/mediatek/imgsensor/src/viva/../common/v1_1/n3d_fsync/frame-sync/frame_monitor.o
  CC      drivers/misc/mediatek/masp/asfv2/core/sec_mod_core.o
  CC      drivers/misc/mediatek/eccci/fsm/mdee_dumper_v2.o
  CC      drivers/misc/mediatek/lens/main2/common/bu64748af/bu64748_function.o
  CC      drivers/misc/mediatek/gpu/gpu_mali/mali_valhall/mali-r25p0/drivers/gpu/arm/midgard/mali_kbase_ccswe.o
  CC      drivers/misc/mediatek/lens/main/common/dw9718af/DW9718AF.o
  CC      drivers/misc/mediatek/eccci/hif/dpmaif_drv.o
  AR      drivers/misc/mediatek/lens/main/common/dw9714af/built-in.o
  CC      drivers/misc/mediatek/eccci/port/port_ipc.o
  AR      drivers/misc/mediatek/imgsensor/src/viva/../common/v1_1/n3d_fsync/built-in.o
  CC      drivers/misc/mediatek/imgsensor/src/viva/gc02m1_macro_ofilm_mipi_raw/gc02m1_macro_ofilm_mipi_raw.o
  CC      drivers/misc/mediatek/lpm/modules/debug/common/mtk_dbg_fs_common.o
  CC      drivers/misc/mediatek/lens/main2/common/bu64748af/bu64748af.o
  CC      drivers/misc/mediatek/masp/asfv2/core/sec_osal.o
  AR      drivers/misc/mediatek/lens/main2/common/ak7374af/built-in.o
  CC      drivers/misc/mediatek/gpu/gpu_mali/mali_valhall/mali-r25p0/drivers/gpu/arm/midgard/mali_kbase_mem.o
  CC      drivers/misc/mediatek/lpm/modules/debug/common/mtk_lpm_timer.o
  CC      drivers/misc/mediatek/gpu/gpu_mali/mali_valhall/mali-r25p0/drivers/gpu/arm/midgard/mali_kbase_mem_pool_group.o
  CC      drivers/misc/mediatek/eccci/port/port_net.o
  CC      drivers/misc/mediatek/lpm/modules/debug/mt6781/mt6781_dbg.o
  AR      drivers/misc/mediatek/lens/main/common/dw9718af/built-in.o
  CC      drivers/misc/mediatek/eccci/port/port_poller.o
  CC      drivers/misc/mediatek/lens/main/common/dw9718saf/DW9718SAF.o
  CC      drivers/misc/mediatek/gpu/gpu_mali/mali_valhall/mali-r25p0/drivers/gpu/arm/midgard/mali_kbase_native_mgm.o
  CC      drivers/misc/mediatek/lpm/modules/debug/common/mtk_lpm_pwr_gs.o
  CC      drivers/misc/mediatek/eccci/hif/net_speed_monitor.o
  CC      drivers/misc/mediatek/eccci/fsm/mdee_dumper_v3.o
  AR      drivers/misc/mediatek/lens/main2/common/bu64748af/built-in.o
  CC      drivers/misc/mediatek/mdp/mdp_driver.o
  CC      drivers/misc/mediatek/gpu/gpu_mali/mali_valhall/mali-r25p0/drivers/gpu/arm/midgard/mali_kbase_ctx_sched.o
  CC      drivers/misc/mediatek/imgsensor/src/viva/gc02m1_macro_ofilm_mipi_raw/gc02m1_macro_ofilm_mipi_raw_eeprom.o
  CC      drivers/misc/mediatek/lpm/modules/debug/mt6781/mt6781_dbg_lpm_fs.o
  CC      drivers/misc/mediatek/lens/main2/common/dw9718taf/DW9718TAF.o
  CC      drivers/misc/mediatek/lens/main2/common/dw9800waf/DW9800WAF.o
  CC      drivers/misc/mediatek/lpm/modules/debug/common/gs/v1/mtk_lpm_pwr_gs_common.o
  CC      drivers/misc/mediatek/masp/asfv2/core/sec_legacy.o
  CC      drivers/misc/mediatek/gpu/gpu_mali/mali_valhall/mali-r25p0/drivers/gpu/arm/midgard/mali_kbase_jm.o
  AR      drivers/misc/mediatek/lens/main/common/dw9718saf/built-in.o
  CC      drivers/misc/mediatek/lpm/modules/debug/common/gs/v1/mtk_lpm_pwr_gs_dump_clk.o
  CC      drivers/misc/mediatek/lens/main/common/dw9718taf/DW9718TAF.o
  CC      drivers/misc/mediatek/lpm/modules/debug/common/gs/v1/mtk_lpm_pwr_gs_dump_pmic.o
  CC      drivers/misc/mediatek/masp/asfv2/module/sec_mod.o
  CC      drivers/misc/mediatek/lpm/modules/debug/mt6781/mt6781_dbg_lpm_rc_fs.o
  AR      drivers/misc/mediatek/imgsensor/src/viva/gc02m1_macro_ofilm_mipi_raw/built-in.o
  CC      drivers/misc/mediatek/eccci/port/port_proxy.o
  CC      drivers/misc/mediatek/imgsensor/src/viva/hi1634q_front_ofilm_mipi_raw/hi1634q_front_ofilm_mipi_raw.o
  AR      drivers/misc/mediatek/lens/main2/common/dw9718taf/built-in.o
  CC      drivers/misc/mediatek/masp/asfv2/module/sec_clk.o
  AR      drivers/misc/mediatek/lens/main2/common/dw9800waf/built-in.o
  CC      drivers/misc/mediatek/mdp/mdp_common.o
  CC      drivers/misc/mediatek/gpu/gpu_mali/mali_valhall/mali-r25p0/drivers/gpu/arm/midgard/mali_kbase_gpuprops.o
  CC      drivers/misc/mediatek/lens/main2/common/gt9772af/GT9772AF.o
  CC      drivers/misc/mediatek/eccci/fsm/mdee_dumper_v5.o
  CC      drivers/misc/mediatek/eccci/hif/ccci_ringbuf.o
  AR      drivers/misc/mediatek/lens/main/common/dw9718taf/built-in.o
  AR      drivers/misc/mediatek/lpm/modules/debug/common/built-in.o
  CC      drivers/misc/mediatek/gpu/gpu_mali/mali_valhall/mali-r25p0/drivers/gpu/arm/midgard/mali_kbase_pm.o
  CC      drivers/misc/mediatek/lpm/modules/debug/mt6781/mt6781_dbg_spm_fs.o
  CC      drivers/misc/mediatek/lens/main/common/dw9719taf/DW9719TAF.o
  CC      drivers/misc/mediatek/lens/main/common/dw9763af/DW9763AF.o
  CC      drivers/misc/mediatek/mdp/mdp_event_common.o
  CC      drivers/misc/mediatek/mdp/cmdq_subsys_common.o
  CC      drivers/misc/mediatek/lpm/modules/platform/mt6781/mt6781.o
  CC      drivers/misc/mediatek/lens/main/common/dw9800vaf/DW9800VAF.o
  CC      drivers/misc/mediatek/masp/asfv2/mach/hacc_lib.o
  AR      drivers/misc/mediatek/imgsensor/src/viva/hi1634q_front_ofilm_mipi_raw/built-in.o
  CC      drivers/misc/mediatek/lpm/modules/platform/mt6781/mtk_lp_plat_apmcu.o
  CC      drivers/misc/mediatek/imgsensor/src/viva/hi1634q_front_qtech_mipi_raw/hi1634q_front_qtech_mipi_raw.o
  AR      drivers/misc/mediatek/lens/main2/common/gt9772af/built-in.o
  CC      drivers/misc/mediatek/lens/main2/common/lc898212xdaf_f/LC898212XDAF_F.o
  AR      drivers/misc/mediatek/lens/main/common/dw9763af/built-in.o
  CC      drivers/misc/mediatek/lpm/modules/debug/mt6781/mt6781_logger.o
  CC      drivers/misc/mediatek/masp/asfv2/mach/hacc_export.o
  CC      drivers/misc/mediatek/masp/asfv2/mach/hacc_hk.o
  AR      drivers/misc/mediatek/lens/main/common/dw9719taf/built-in.o
  CC      drivers/misc/mediatek/masp/asfv2/mach/hacc_sk.o
  CC      drivers/misc/mediatek/gpu/gpu_mali/mali_valhall/mali-r25p0/drivers/gpu/arm/midgard/mali_kbase_config.o
  CC      drivers/misc/mediatek/lens/main/common/dw9800waf/DW9800WAF.o
  CC      drivers/misc/mediatek/mdp/cmdq_helper_ext.o
  CC      drivers/misc/mediatek/gpu/gpu_mali/mali_valhall/mali-r25p0/drivers/gpu/arm/midgard/mali_kbase_vinstr.o
  AR      drivers/misc/mediatek/eccci/fsm/ccci_fsm_all.o
  AR      drivers/misc/mediatek/eccci/fsm/built-in.o
  CC      drivers/misc/mediatek/eccci/hif/ccci_hif_ccif.o
  CC      drivers/misc/mediatek/lpm/modules/platform/mt6781/mtk_lp_plat_apmcu_mbox.o
  AR      drivers/misc/mediatek/lens/main/common/dw9800vaf/built-in.o
  CC      drivers/misc/mediatek/lpm/modules/platform/mt6781/suspend/mt6781_suspend.o
  CC      drivers/misc/mediatek/imgsensor/src/viva/imx355_ultra_sunny_mipi_raw/imx355_ultra_sunny_mipi_raw.o
  CC      drivers/misc/mediatek/masp/asfv2/mach/sec_lib.o
  CC      drivers/misc/mediatek/memory-amms/memory-amms.o
  AR      drivers/misc/mediatek/imgsensor/src/viva/hi1634q_front_qtech_mipi_raw/built-in.o
  CC      drivers/misc/mediatek/imgsensor/src/viva/ov02b1b_depth_sunny_mipi_raw/ov02b1b_depth_sunny_mipi_raw.o
  CC      drivers/misc/mediatek/imgsensor/src/viva/ov02b1b_depth_truly_mipi_raw/ov02b1b_depth_truly_mipi_raw.o
  CC      drivers/misc/mediatek/lens/main2/common/lc898212xdaf_f/LC89821x_STMV.o
  AR      drivers/misc/mediatek/lens/main/common/dw9800waf/built-in.o
  CC      drivers/misc/mediatek/eccci/port/port_rpc.o
  CC      drivers/misc/mediatek/lens/main/common/dw9814af/DW9814AF.o
  CC      drivers/misc/mediatek/lpm/modules/debug/mt6781/mt6781_lpm_trace_event.o
  CC      drivers/misc/mediatek/gpu/gpu_mali/mali_valhall/mali-r25p0/drivers/gpu/arm/midgard/mali_kbase_hwcnt.o
  AR      drivers/misc/mediatek/lens/main2/common/lc898212xdaf_f/built-in.o
  CC      drivers/misc/mediatek/masp/asfv2/mach/mt6785/security_ao.o
  CC      drivers/misc/mediatek/mdp/mdp_ioctl_ex.o
  CC      drivers/misc/mediatek/lens/main2/common/lc898217af/LC898217AF.o
  CC      drivers/misc/mediatek/mdp/mdp_m4u.o
  AR      drivers/misc/mediatek/imgsensor/src/viva/imx355_ultra_sunny_mipi_raw/built-in.o
  CC      drivers/misc/mediatek/imgsensor/src/viva/ov8856_ultra_aac_mipi_raw/ov8856_ultra_aac_mipi_raw.o
  CC      drivers/misc/mediatek/gpu/gpu_mali/mali_valhall/mali-r25p0/drivers/gpu/arm/midgard/mali_kbase_hwcnt_backend_jm.o
  AR      drivers/misc/mediatek/lens/main/common/dw9814af/built-in.o
  CC      drivers/misc/mediatek/gpu/gpu_mali/mali_valhall/mali-r25p0/drivers/gpu/arm/midgard/mali_kbase_hwcnt_gpu.o
  AR      drivers/misc/mediatek/lpm/modules/platform/mt6781/built-in.o
  AR      drivers/misc/mediatek/masp/sec.o
  AR      drivers/misc/mediatek/lpm/modules/platform/built-in.o
  CC      drivers/misc/mediatek/lens/main/common/dw9839af/DW9839AF.o
  AR      drivers/misc/mediatek/masp/built-in.o
  CC      drivers/misc/mediatek/memory-ssmr/memory_ssmr.o
  CC      drivers/misc/mediatek/lens/main/common/fp5510e2af/FP5510E2AF.o
  AR      drivers/misc/mediatek/lens/main2/common/lc898217af/built-in.o
  CC      drivers/misc/mediatek/lpm/modules/debug/mt6781/mtk_cpupm_dbg.o
  CC      drivers/misc/mediatek/lens/main2/common/lc898217afa/LC898217AFA.o
  AR      drivers/misc/mediatek/eccci/hif/ccci_hif_all.o
  AR      drivers/misc/mediatek/imgsensor/src/viva/ov02b1b_depth_truly_mipi_raw/built-in.o
  AR      drivers/misc/mediatek/eccci/hif/built-in.o
  AR      drivers/misc/mediatek/imgsensor/src/viva/ov02b1b_depth_sunny_mipi_raw/built-in.o
  CC      drivers/misc/mediatek/mdp/cmdq_mmp.o
  CC      drivers/misc/mediatek/lpm/modules/debug/mt6781/mtk_cpuidle_status.o
  CC      drivers/misc/mediatek/imgsensor/src/viva/s5khm2sd_main_ofilm_mipi_raw/s5khm2sd_main_ofilm_mipi_raw.o
  CC      drivers/misc/mediatek/imgsensor/src/viva/s5khm2sd_main_sunny_mipi_raw/s5khm2sd_main_sunny_mipi_raw.o
  CC      drivers/misc/mediatek/eccci/port/port_smem.o
  AR      drivers/misc/mediatek/memory-amms/built-in.o
  AR      drivers/misc/mediatek/lens/main/common/dw9839af/built-in.o
  CC      drivers/misc/mediatek/lens/main2/common/lc898217afb/LC898217AFB.o
  CC      drivers/misc/mediatek/met_drv/met_api.o
  AR      drivers/misc/mediatek/lens/main/common/fp5510e2af/built-in.o
  CC      drivers/misc/mediatek/lens/main2/common/lc898217afc/LC898217AFC.o
  CC      drivers/misc/mediatek/lpm/modules/debug/mt6781/mtk_cpuidle_cpc.o
  CC      drivers/misc/mediatek/lens/main/common/gt9764af/GT9764AF.o
  AR      drivers/misc/mediatek/lens/main2/common/lc898217afa/built-in.o
  CC      drivers/misc/mediatek/lens/main/common/lc898122af/LC898122AF.o
  CC      drivers/misc/mediatek/lpm/modules/debug/mt6781/mtk_idle_procfs.o
  CC      drivers/misc/mediatek/gpu/gpu_mali/mali_valhall/mali-r25p0/drivers/gpu/arm/midgard/mali_kbase_hwcnt_legacy.o
  AR      drivers/misc/mediatek/imgsensor/src/viva/ov8856_ultra_aac_mipi_raw/built-in.o
  CC      drivers/misc/mediatek/lens/main/common/lc898122af/OisCmd.o
  CC      drivers/misc/mediatek/mdp/mt6781/mdp.o
  CC      drivers/misc/mediatek/lpm/modules/debug/mt6781/mtk_idle_procfs_state.o
  CC      drivers/misc/mediatek/gpu/gpu_mali/mali_valhall/mali-r25p0/drivers/gpu/arm/midgard/mali_kbase_hwcnt_types.o
  AR      drivers/misc/mediatek/lens/main2/common/lc898217afb/built-in.o
  CC      drivers/misc/mediatek/lens/main/common/lc898122af/OisIni.o
  CC      drivers/misc/mediatek/gpu/gpu_mali/mali_valhall/mali-r25p0/drivers/gpu/arm/midgard/mali_kbase_hwcnt_virtualizer.o
  AR      drivers/misc/mediatek/memory-ssmr/built-in.o
  CC      drivers/misc/mediatek/lpm/modules/debug/mt6781/mtk_idle_procfs_cpc.o
  CC      drivers/misc/mediatek/lpm/modules/debug/mt6781/mtk_idle_procfs_profile.o
  AR      drivers/misc/mediatek/lens/main2/common/lc898217afc/built-in.o
  CC      drivers/misc/mediatek/lpm/modules/debug/mt6781/mtk_idle_procfs_control.o
  AR      drivers/misc/mediatek/lens/main2/built-in.o
  CC      drivers/misc/mediatek/lens/main/common/lc898212af/LC898212AF.o
  AR      drivers/misc/mediatek/lens/main/common/gt9764af/built-in.o
  AR      drivers/misc/mediatek/imgsensor/src/viva/s5khm2sd_main_ofilm_mipi_raw/built-in.o
  CC      drivers/misc/mediatek/lpm/modules/debug/mt6781/mt6781_power_gs_compare.o
  CC      drivers/misc/mediatek/lens/main3/main3_lens.o
  CC      drivers/misc/mediatek/imgsensor/src/viva/seninf_mt6781/../../common/v1_1/seninf_clk.o
  CC      drivers/misc/mediatek/lpm/modules/debug/mt6781/mtk_power_gs_6366_array.o
  AR      drivers/misc/mediatek/imgsensor/src/viva/s5khm2sd_main_sunny_mipi_raw/built-in.o
  AR      drivers/misc/mediatek/lens/main/common/lc898122af/built-in.o
  CC      drivers/misc/mediatek/imgsensor/src/viva/seninf_mt6781/seninf_irq.o
  CC      drivers/misc/mediatek/mlog/mlog_logger.o
  CC      drivers/misc/mediatek/gpu/gpu_mali/mali_valhall/mali-r25p0/drivers/gpu/arm/midgard/mali_kbase_softjobs.o
  CC      drivers/misc/mediatek/gpu/gpu_mali/mali_valhall/mali-r25p0/drivers/gpu/arm/midgard/mali_kbase_hw.o
  CC      drivers/misc/mediatek/mdp/sync/mdp_fence.o
  CC      drivers/misc/mediatek/lens/main3/common/bu24253af/BU24253AF.o
  CC      drivers/misc/mediatek/lpm/modules/debug/mt6781/mtk_dcm_array.o
  CC      drivers/misc/mediatek/eccci/port/port_sysmsg.o
  CC      drivers/misc/mediatek/mmdvfs/swpm_me.o
  AR      drivers/misc/mediatek/mdp/mt6781/built-in.o
  CC      drivers/misc/mediatek/lens/sub/sub_lens.o
  AR      drivers/misc/mediatek/imgsensor/src/viva/seninf_mt6781/built-in.o
  AR      drivers/misc/mediatek/imgsensor/src/viva/built-in.o
  AR      drivers/misc/mediatek/lens/main/common/lc898212af/built-in.o
  CC      drivers/misc/mediatek/lens/sub/common/bu6424af/BU6424AF.o
  CC      drivers/misc/mediatek/lens/sub/common/ak7371af/AK7371AF.o
  CC      drivers/misc/mediatek/gpu/gpu_mali/mali_valhall/mali-r25p0/drivers/gpu/arm/midgard/mali_kbase_debug.o
  CC      drivers/misc/mediatek/lens/main3/common/gt9772af/GT9772AF.o
  AR      drivers/misc/mediatek/imgsensor/src/built-in.o
  AR      drivers/misc/mediatek/met_drv/built-in.o
  CC      drivers/misc/mediatek/lens/main/common/lc898212xdaf/LC898212XDAF.o
  CC      drivers/misc/mediatek/lens/main/common/lc898212xdaf/AfInter.o
  CC      drivers/misc/mediatek/lens/main/common/lc898212xdaf/AfInit.o
  CC      drivers/misc/mediatek/lpm/modules/debug/mt6781/mtk_cg_array.o
  CC      drivers/misc/mediatek/lens/main/common/lc898212xdaf/AfSTMV.o
  AR      drivers/misc/mediatek/lens/main3/common/bu24253af/built-in.o
  CC      drivers/misc/mediatek/gpu/gpu_mali/mali_valhall/mali-r25p0/drivers/gpu/arm/midgard/mali_kbase_gpu_memory_debugfs.o
  AR      drivers/misc/mediatek/mlog/built-in.o
  AR      drivers/misc/mediatek/mdp/sync/built-in.o
  AR      drivers/misc/mediatek/mdp/built-in.o
  AR      drivers/misc/mediatek/lpm/modules/debug/mt6781/mt6781_cpupm_dbg.o
  CC      drivers/misc/mediatek/mtprintk/mtk_printk_ctrl.o
  CC      drivers/misc/mediatek/mmp/src/mmprofile.o
  CC      drivers/misc/mediatek/lpm/mtk_lpm_fs/mtk_lp_kernfs.o
  AR      drivers/misc/mediatek/lens/sub/common/ak7371af/built-in.o
  AR      drivers/misc/mediatek/lens/sub/common/bu6424af/built-in.o
  AR      drivers/misc/mediatek/lpm/modules/debug/mt6781/built-in.o
  CC      drivers/misc/mediatek/mmdvfs/mmqos.o
  CC      drivers/misc/mediatek/eccci/port/ccci_swtp.o
  AR      drivers/misc/mediatek/lpm/modules/debug/built-in.o
  AR      drivers/misc/mediatek/lens/main3/common/gt9772af/built-in.o
  AR      drivers/misc/mediatek/lens/main3/built-in.o
  CC      drivers/misc/mediatek/mtprof/bootprof.o
  AR      drivers/misc/mediatek/lpm/modules/built-in.o
  CC      drivers/misc/mediatek/lens/sub/common/bu6429af/BU6429AF.o
  CC      drivers/misc/mediatek/lens/sub/common/dw9714af/DW9714AF.o
  CC      drivers/misc/mediatek/mtprof/common.o
  CC      drivers/misc/mediatek/lens/sub/common/dw9718af/DW9718AF.o
  AR      drivers/misc/mediatek/lens/main/common/lc898212xdaf/built-in.o
  CC      drivers/misc/mediatek/eccci/udc/udc.o
  CC      drivers/misc/mediatek/mmdvfs/mmdvfs.o
  CC      drivers/misc/mediatek/lens/main/common/lc898214af/LC898214AF.o
  CC      drivers/misc/mediatek/gpu/gpu_mali/mali_valhall/mali-r25p0/drivers/gpu/arm/midgard/mali_kbase_mem_linux.o
  CC      drivers/misc/mediatek/gpu/gpu_mali/mali_valhall/mali-r25p0/drivers/gpu/arm/midgard/mali_kbase_core_linux.o
  AR      drivers/misc/mediatek/lens/sub/common/dw9714af/built-in.o
  CC      drivers/misc/mediatek/gpu/gpu_mali/mali_valhall/mali-r25p0/drivers/gpu/arm/midgard/mali_kbase_mem_profile_debugfs.o
  AR      drivers/misc/mediatek/lens/sub/common/bu6429af/built-in.o
  CC      drivers/misc/mediatek/lpm/mtk_lpm_fs/mtk_lp_sysfs.o
  CC      drivers/misc/mediatek/lpm/mtk_lpm_fs/mtk_suspend_sysfs.o
  AR      drivers/misc/mediatek/mtprintk/built-in.o
  CC      drivers/misc/mediatek/mtprof/prof_main.o
  CC      drivers/misc/mediatek/lens/sub/common/dw9814af/DW9814AF.o
  AR      drivers/misc/mediatek/eccci/udc/built-in.o
  AR      drivers/misc/mediatek/lens/sub/common/dw9718af/built-in.o
  AR      drivers/misc/mediatek/eccci/ccci.o
  CC      drivers/misc/mediatek/lens/sub/common/lc898214af/LC898214AF.o
  CC      drivers/misc/mediatek/nfc/st21nfc/st21nfc.o
  CC      drivers/misc/mediatek/lens/sub/common/wv511aaf/WV511AAF.o
  AR      drivers/misc/mediatek/eccci/port/ccci_port.o
  AR      drivers/misc/mediatek/eccci/port/built-in.o
  CC      drivers/misc/mediatek/partition/mtk_partition.o
  AR      drivers/misc/mediatek/eccci/built-in.o
  AR      drivers/misc/mediatek/lens/main/common/lc898214af/built-in.o
  CC      drivers/misc/mediatek/gpu/gpu_mali/mali_valhall/mali-r25p0/drivers/gpu/arm/midgard/mmu/mali_kbase_mmu.o
  CC      drivers/misc/mediatek/lens/main/common/lc898217af/LC898217AF.o
  CC      drivers/misc/mediatek/lpm/mtk_lpm_fs/mtk_spm_sysfs.o
  AR      drivers/misc/mediatek/lens/sub/common/dw9814af/built-in.o
  CC      drivers/misc/mediatek/lpm/mtk_lpm_fs/mtk_lpm_sysfs.o
  CC      drivers/misc/mediatek/lpm/mtk_lpm_fs/mtk_lp_sysfs_procfs.o
  CC      drivers/misc/mediatek/mmdvfs/mt6853/mmdvfs_plat.o
  AR      drivers/misc/mediatek/lens/sub/common/wv511aaf/built-in.o
  AR      drivers/misc/mediatek/mtprof/mtprof.o
  CC      drivers/misc/mediatek/gpu/gpu_mali/mali_valhall/mali-r25p0/drivers/gpu/arm/midgard/mmu/mali_kbase_mmu_hw_direct.o
  AR      drivers/misc/mediatek/lens/sub/common/lc898214af/built-in.o
  AR      drivers/misc/mediatek/mtprof/built-in.o
  CC      drivers/misc/mediatek/gpu/gpu_mali/mali_valhall/mali-r25p0/drivers/gpu/arm/midgard/mmu/mali_kbase_mmu_mode_lpae.o
  AR      drivers/misc/mediatek/lens/sub/built-in.o
  CC      drivers/misc/mediatek/lens/sub2/sub2_lens.o
  CC      drivers/misc/mediatek/perf/perf_tracker.o
  CC      drivers/misc/mediatek/performance/perfmgr_main.o
  AR      drivers/misc/mediatek/mmp/src/built-in.o
  AR      drivers/misc/mediatek/partition/built-in.o
  AR      drivers/misc/mediatek/mmp/built-in.o
  AR      drivers/misc/mediatek/lens/main/common/lc898217af/built-in.o
  CC      drivers/misc/mediatek/performance/base/utility.o
  CC      drivers/misc/mediatek/lens/main/common/lc898217afa/LC898217AFA.o
  AR      drivers/misc/mediatek/nfc/st21nfc/built-in.o
  CC      drivers/misc/mediatek/nfc/st54spi.o
  CC      drivers/misc/mediatek/performance/boost_ctrl/boostctrl_main.o
  CC      drivers/misc/mediatek/gpu/gpu_mali/mali_valhall/mali-r25p0/drivers/gpu/arm/midgard/mmu/mali_kbase_mmu_mode_aarch64.o
  AR      drivers/misc/mediatek/mmdvfs/mt6853/built-in.o
  AR      drivers/misc/mediatek/mmdvfs/built-in.o
  CC      drivers/misc/mediatek/performance/eara_thermal/platform/mt6781/thermal_budget_platform.o
  CC      drivers/misc/mediatek/performance/eara_thermal/src/thermal_budget.o
  AR      drivers/misc/mediatek/lpm/mtk_lpm_fs/built-in.o
  CC      drivers/misc/mediatek/pmic/common/upmu.o
  CC      drivers/misc/mediatek/lpm/mtk_lpm_trace_event/mtk_lpm_trace_event.o
  CC      drivers/misc/mediatek/pmic/common/upmu_regulator.o
  AR      drivers/misc/mediatek/lens/sub2/built-in.o
  CC      drivers/misc/mediatek/gpu/gpu_mali/mali_valhall/mali-r25p0/drivers/gpu/arm/midgard/mali_kbase_disjoint_events.o
  CC      drivers/misc/mediatek/pmic/extbuck/extbuck.o
  AR      drivers/misc/mediatek/lens/main/common/lc898217afa/built-in.o
  CC      drivers/misc/mediatek/performance/boost_ctrl/cpu_ctrl/cpu_ctrl.o
  CC      drivers/misc/mediatek/performance/fpsgo_v3/fpsgo_main.o
  CC      drivers/misc/mediatek/lens/main/common/lc898217afb/LC898217AFB.o
  CC      drivers/misc/mediatek/pmic/mt6358/v1/pmic_ipi_v2.o
  AR      drivers/misc/mediatek/performance/base/built-in.o
  AR      drivers/misc/mediatek/pmic/extbuck/built-in.o
  CC      drivers/misc/mediatek/performance/boost_ctrl/cpu_ctrl/cpu_ctrl_cfp.o
  CC      drivers/misc/mediatek/performance/fpsgo_v3/composer/src/fps_composer.o
  CC      drivers/misc/mediatek/performance/fpsgo_v3/base/src/fpsgo_base.o
  CC      drivers/misc/mediatek/gpu/gpu_mali/mali_valhall/mali-r25p0/drivers/gpu/arm/midgard/mali_kbase_gator_api.o
  AR      drivers/misc/mediatek/lpm/mtk_lpm_trace_event/built-in.o
  CC      drivers/misc/mediatek/gpu/gpu_mali/mali_valhall/mali-r25p0/drivers/gpu/arm/midgard/mali_kbase_debug_mem_view.o
  AR      drivers/misc/mediatek/nfc/built-in.o
  CC      drivers/misc/mediatek/pmic/mt6358/v1/mt6366_gauge.o
  CC      drivers/misc/mediatek/lpm/platform/mtk_lpm_platform.o
  CC      drivers/misc/mediatek/performance/fpsgo_v3/fstb/fstb.o
  CC      drivers/misc/mediatek/performance/fpsgo_v3/fbt/platform/mt6781/fbt_cpu_platform.o
  CC      drivers/misc/mediatek/performance/gbe/gbe1_main.o
  AR      drivers/misc/mediatek/lens/main/common/lc898217afb/built-in.o
  AR      drivers/misc/mediatek/performance/fpsgo_v3/composer/built-in.o
  CC      drivers/misc/mediatek/pmic/mt6358/v1/pmic.o
  CC      drivers/misc/mediatek/lens/main/common/lc898217afc/LC898217AFC.o
  CC      drivers/misc/mediatek/pmic/common/upmu_debugfs.o
  CC      drivers/misc/mediatek/pmic/common/upmu_initial_setting.o
  CC      drivers/misc/mediatek/performance/fpsgo_v3/fbt/src/fbt_cpu.o
  CC      drivers/misc/mediatek/lpm/platform/mtk_lpm_irqremain.o
  CC      drivers/misc/mediatek/gpu/gpu_mali/mali_valhall/mali-r25p0/drivers/gpu/arm/midgard/mali_kbase_smc.o
  AR      drivers/misc/mediatek/performance/boost_ctrl/cpu_ctrl/built-in.o
  CC      drivers/misc/mediatek/performance/fpsgo_v3/fbt/src/xgf.o
  CC      drivers/misc/mediatek/performance/boost_ctrl/dram_ctrl/dram_ctrl.o
  CC      drivers/misc/mediatek/perf/perf_common.o
  CC      drivers/misc/mediatek/gpu/gpu_mali/mali_valhall/mali-r25p0/drivers/gpu/arm/midgard/mali_kbase_mem_pool.o
  AR      drivers/misc/mediatek/lens/main/common/lc898217afc/built-in.o
  CC      drivers/misc/mediatek/performance/fpsgo_v3/base/src/fpsgo_sysfs.o
  CC      drivers/misc/mediatek/performance/gbe/gbe2_main.o
  CC      drivers/misc/mediatek/lens/main/common/lc898229af/LC898229AF.o
  CC      drivers/misc/mediatek/performance/eara_thermal/src/thermal_base.o
  CC      drivers/misc/mediatek/pmic/common/upmu_lbat_service.o
  CC      drivers/misc/mediatek/pmic/mt6358/v1/pmic_common.o
  CC      drivers/misc/mediatek/lpm/platform/mtk_lpm_resource_ctrl.o
  CC      drivers/misc/mediatek/lpm/platform/mtk_lpm_rc.o
  AR      drivers/misc/mediatek/performance/fpsgo_v3/base/built-in.o
  CC      drivers/misc/mediatek/gpu/gpu_mali/mali_valhall/mali-r25p0/drivers/gpu/arm/midgard/mali_kbase_mem_pool_debugfs.o
  AR      drivers/misc/mediatek/performance/fpsgo_v3/fstb/built-in.o
  CC      drivers/misc/mediatek/pmic/mt6358/v1/pmic_debugfs.o
  CC      drivers/misc/mediatek/pmic/mt6358/v1/pmic_irq.o
  CC      drivers/misc/mediatek/performance/fpsgo_v3/fbt/src/mini_top.o
  AR      drivers/misc/mediatek/performance/boost_ctrl/dram_ctrl/built-in.o
  AR      drivers/misc/mediatek/perf/built-in.o
  CC      drivers/misc/mediatek/performance/boost_ctrl/eas_ctrl/eas_ctrl.o
  CC      drivers/misc/mediatek/performance/boost_ctrl/topo_ctrl/topo_ctrl.o
  AR      drivers/misc/mediatek/lens/main/common/lc898229af/built-in.o
  CC      drivers/misc/mediatek/performance/eara_thermal/src/thermal_prethrottle.o
  CC      drivers/misc/mediatek/lens/main/common/wv511aaf/WV511AAF.o
  CC      drivers/misc/mediatek/lpm/platform/mtk_lpm_trace.o
  CC      drivers/misc/mediatek/gpu/gpu_mali/mali_valhall/mali-r25p0/drivers/gpu/arm/midgard/mali_kbase_debugfs_helper.o
  CC      drivers/misc/mediatek/performance/gbe/gbe_common.o
  CC      drivers/misc/mediatek/gpu/gpu_mali/mali_valhall/mali-r25p0/drivers/gpu/arm/midgard/mali_kbase_strings.o
  CC      drivers/misc/mediatek/pmic/mt6358/v1/pmic_initial_setting.o
  CC      drivers/misc/mediatek/performance/load_track/load_track.o
  CC      drivers/misc/mediatek/pmic/mt6370/mt6370_pmu_i2c.o
  AR      drivers/misc/mediatek/pmic/common/built-in.o
  CC      drivers/misc/mediatek/pmic/mt6370/mt6370_pmu_regmap.o
  AR      drivers/misc/mediatek/lpm/platform/built-in.o
  AR      drivers/misc/mediatek/performance/eara_thermal/built-in.o
  AR      drivers/misc/mediatek/lpm/built-in.o
  CC      drivers/misc/mediatek/performance/fpsgo_v3/fbt/src/uboost.o
  CC      drivers/misc/mediatek/performance/observer/pob_main.o
  AR      drivers/misc/mediatek/lens/main/common/wv511aaf/built-in.o
  CC      drivers/misc/mediatek/performance/fpsgo_v3/fbt/src/thermal_aware.o
  CC      drivers/misc/mediatek/gpu/gpu_mali/mali_valhall/mali-r25p0/drivers/gpu/arm/midgard/mali_kbase_as_fault_debugfs.o
  AR      drivers/misc/mediatek/lens/main/built-in.o
  CC      drivers/misc/mediatek/performance/perf_ioctl/perf_ioctl.o
  CC      drivers/misc/mediatek/gpu/gpu_mali/mali_valhall/mali-r25p0/drivers/gpu/arm/midgard/mali_kbase_regs_history_debugfs.o
  AR      drivers/misc/mediatek/performance/boost_ctrl/topo_ctrl/built-in.o
  CC      drivers/misc/mediatek/pmic/mtk_battery_adc_intf.o
  AR      drivers/misc/mediatek/lens/built-in.o
  CC      drivers/misc/mediatek/pmic_wrap/mtk_pmic_wrap.o
  AR      drivers/misc/mediatek/performance/load_track/built-in.o
  CC      drivers/misc/mediatek/pmic_wrap/mt6785/pwrap_hal.o
  AR      drivers/misc/mediatek/performance/boost_ctrl/eas_ctrl/built-in.o
  AR      drivers/misc/mediatek/performance/boost_ctrl/built-in.o
  CC      drivers/misc/mediatek/performance/gbe/gbe_sysfs.o
  CC      drivers/misc/mediatek/performance/resym/rs_trace.o
  CC      drivers/misc/mediatek/performance/resym/rs_base.o
  CC      drivers/misc/mediatek/performance/resym/rs_main.o
  CC      drivers/misc/mediatek/pmic/mt6358/v1/pmic_api.o
  CC      drivers/misc/mediatek/performance/resym/rs_usage.o
  CC      drivers/misc/mediatek/performance/resym/rs_state.o
  CC      drivers/misc/mediatek/pmic/mt6370/mt6370_pmu_irq.o
  CC      drivers/misc/mediatek/performance/observer/fpsgo_notify.o
  AR      drivers/misc/mediatek/performance/fpsgo_v3/fbt/built-in.o
  CC      drivers/misc/mediatek/pmic/mt6358/v1/pmic_auxadc.o
  AR      drivers/misc/mediatek/performance/fpsgo_v3/built-in.o
  CC      drivers/misc/mediatek/gpu/gpu_mali/mali_valhall/mali-r25p0/drivers/gpu/arm/midgard/mali_power_gpu_frequency_trace.o
  AR      drivers/misc/mediatek/performance/perf_ioctl/built-in.o
  CC      drivers/misc/mediatek/performance/syslimiter/syslimiter.o
  AR      drivers/misc/mediatek/performance/gbe/built-in.o
  CC      drivers/misc/mediatek/performance/tchbst/tchbst_main.o
  CC      drivers/misc/mediatek/performance/uload_ind/uload_ind.o
  CC      drivers/misc/mediatek/performance/observer/qos_notify.o
  CC      drivers/misc/mediatek/performance/resym/platform/mt6785/rs_vpu_pfm.o
  CC      drivers/misc/mediatek/gpu/gpu_mali/mali_valhall/mali-r25p0/drivers/gpu/arm/midgard/thirdparty/mali_kbase_mmap.o
  AR      drivers/misc/mediatek/pmic_wrap/mt6785/built-in.o
  CC      drivers/misc/mediatek/performance/resym/platform/mt6785/rs_mdla_pfm.o
  CC      drivers/misc/mediatek/performance/observer/nn_notify.o
  CC      drivers/misc/mediatek/performance/tchbst/kernel/ktch.o
  CC      drivers/misc/mediatek/performance/observer/xpu_notify.o
  CC      drivers/misc/mediatek/performance/tchbst/user/utch.o
  AR      drivers/misc/mediatek/pmic_wrap/built-in.o
  AR      drivers/misc/mediatek/performance/resym/platform/mt6785/built-in.o
  CC      drivers/misc/mediatek/pseudo_m4u/pseudo_m4u_v2.o
  CC      drivers/misc/mediatek/power/mt6781/mtk_battery_intf.o
  CC      drivers/misc/mediatek/pseudo_m4u/pseudo_m4u_debug.o
  CC      drivers/misc/mediatek/pseudo_m4u/pseudo_m4u_sec.o
  AR      drivers/misc/mediatek/performance/resym/built-in.o
  AR      drivers/misc/mediatek/performance/uload_ind/built-in.o
  CC      drivers/misc/mediatek/performance/observer/eara_thrm_notify.o
  CC      drivers/misc/mediatek/pseudo_m4u/pseudo_m4u_gz_sec.o
  CC      drivers/misc/mediatek/gpu/gpu_mali/mali_valhall/mali-r25p0/drivers/gpu/arm/midgard/tl/mali_kbase_timeline.o
  AR      drivers/misc/mediatek/performance/syslimiter/built-in.o
  CC      drivers/misc/mediatek/gpu/gpu_mali/mali_valhall/mali-r25p0/drivers/gpu/arm/midgard/tl/mali_kbase_timeline_io.o
  CC      drivers/misc/mediatek/pmic/mt6370/mt6370_pmu_subdevs.o
  CC      drivers/misc/mediatek/performance/observer/platform/mt6785/qos_pfm.o
  CC      drivers/misc/mediatek/pmic/mt6358/v1/regulator_codegen.o
  CC      drivers/misc/mediatek/gpu/gpu_mali/mali_valhall/mali-r25p0/drivers/gpu/arm/midgard/tl/mali_kbase_tlstream.o
  AR      drivers/misc/mediatek/performance/tchbst/kernel/built-in.o
  CC      drivers/misc/mediatek/pmic/mt6358/v1/pmic_lp_api.o
  CC      drivers/misc/mediatek/gpu/gpu_mali/mali_valhall/mali-r25p0/drivers/gpu/arm/midgard/tl/mali_kbase_tracepoints.o
  AR      drivers/misc/mediatek/performance/tchbst/user/built-in.o
  AR      drivers/misc/mediatek/performance/tchbst/built-in.o
  CC      drivers/misc/mediatek/pwm/mt6781/mtk_pwm_hal.o
  CC      drivers/misc/mediatek/ram_console/mtk_ram_console.o
  CC      drivers/misc/mediatek/rps/rps_perf.o
  CC      drivers/misc/mediatek/rt-regmap/rt-regmap.o
  AR      drivers/misc/mediatek/performance/observer/platform/mt6785/built-in.o
  AR      drivers/misc/mediatek/performance/observer/built-in.o
  AR      drivers/misc/mediatek/performance/built-in.o
  CC      drivers/misc/mediatek/gpu/gpu_mali/mali_valhall/mali-r25p0/drivers/gpu/arm/midgard/gpu/mali_kbase_gpu.o
  CC      drivers/misc/mediatek/pwm/mtk_pwm.o
  CC      drivers/misc/mediatek/rtc/mtk_rtc_debug.o
  CC      drivers/misc/mediatek/pmic/mt6370/mt6370_pmu_core.o
  CC      drivers/misc/mediatek/sched/cputopo.o
  CC      drivers/misc/mediatek/pmic/mt6370/mt6370_pmu_ldo.o
  CC      drivers/misc/mediatek/pmic/mt6358/v1/pmic_efuse.o
  AR      drivers/misc/mediatek/power/mt6781/built-in.o
  CC      drivers/misc/mediatek/power/rt_pd_manager.o
  AR      drivers/misc/mediatek/pwm/mt6781/built-in.o
  CC      drivers/misc/mediatek/pmic/mt6358/v1/pmic_throttling_dlpt.o
  CC      drivers/misc/mediatek/gpu/gpu_mali/mali_valhall/mali-r25p0/drivers/gpu/arm/midgard/mali_kbase_trace_gpu_mem.o
  CC      drivers/misc/mediatek/pmic/mt6358/v1/pmic_oc_debug.o
  CC      drivers/misc/mediatek/pmic/mt6370/mt6370_pmu_dsv.o
  CC      drivers/misc/mediatek/gpu/gpu_mali/mali_valhall/mali-r25p0/drivers/gpu/arm/midgard/mali_kbase_dummy_job_wa.o
  AR      drivers/misc/mediatek/rtc/built-in.o
  CC      drivers/misc/mediatek/sched/rq_stats.o
  CC      drivers/misc/mediatek/pmic/mt6370/mt6370_pmu_dsv_debugfs.o
  CC      drivers/misc/mediatek/scp/mt6785/../v01/scp_helper.o
  AR      drivers/misc/mediatek/rt-regmap/built-in.o
  CC      drivers/misc/mediatek/sensors-1.0/accelerometer/accel.o
  CC      drivers/misc/mediatek/sensors-1.0/alsps/alsps.o
  AR      drivers/misc/mediatek/rps/built-in.o
  AR      drivers/misc/mediatek/pwm/built-in.o
  CC      drivers/misc/mediatek/gpu/gpu_mali/mali_valhall/mali-r25p0/drivers/gpu/arm/midgard/mali_kbase_debug_job_fault.o
  CC      drivers/misc/mediatek/smi/smi_drv.o
  CC      drivers/misc/mediatek/pmic/mt6370/mt6370_pmu_fled.o
  CC      drivers/misc/mediatek/sensors-1.0/alsps/alsps_factory.o
  AR      drivers/misc/mediatek/power/built-in.o
  CC      drivers/misc/mediatek/sensors-1.0/accelerometer/accel_factory.o
  AR      drivers/misc/mediatek/pseudo_m4u/built-in.o
  CC      drivers/misc/mediatek/pmic/mt6370/mt6370_pmu_bled.o
  CC      drivers/misc/mediatek/gpu/gpu_mali/mali_valhall/mali-r25p0/drivers/gpu/arm/midgard/mali_kbase_event.o
  AR      drivers/misc/mediatek/ram_console/built-in.o
  CC      drivers/misc/mediatek/sspm/mt6781/sspm_emi_mpu.o
  CC      drivers/misc/mediatek/sspm/mt6781/../v2/sspm_helper.o
  CC      drivers/misc/mediatek/sync/mtk_sync.o
  CC      drivers/misc/mediatek/sensors-1.0/gyroscope/gyroscope.o
  CC      drivers/misc/mediatek/scp/mt6785/../v01/scp_excep.o
  CC      drivers/misc/mediatek/gpu/gpu_mali/mali_valhall/mali-r25p0/drivers/gpu/arm/midgard/mali_kbase_jd.o
  CC      drivers/misc/mediatek/sensors-1.0/alsps/aal_control.o
  CC      drivers/misc/mediatek/sensors-1.0/accelerometer/accelhub/accelhub.o
  CC      drivers/misc/mediatek/sspm/mt6781/sspm_ipi_timeout_cb.o
  CC      drivers/misc/mediatek/sensors-1.0/alsps/alspshub/alspshub.o
  AR      drivers/misc/mediatek/pmic/mt6370/built-in.o
  CC      drivers/misc/mediatek/sensors-1.0/gyroscope/gyro_factory.o
  AR      drivers/misc/mediatek/sync/built-in.o
  CC      drivers/misc/mediatek/sensors-1.0/gyroscope/gyrohub/gyrohub.o
  CC      drivers/misc/mediatek/scp/mt6785/../v01/scp_ipi.o
  CC      drivers/misc/mediatek/gpu/gpu_mali/mali_valhall/mali-r25p0/drivers/gpu/arm/midgard/mali_kbase_jd_debugfs.o
  CC      drivers/misc/mediatek/systracker/systracker_interface_v2.o
  CC      drivers/misc/mediatek/sched/sched_avg.o
  CC      drivers/misc/mediatek/scp/mt6785/../v01/scp_irq.o
  CC      drivers/misc/mediatek/sched/sched_ctl.o
  CC      drivers/misc/mediatek/sspm/mt6781/../v2/sspm_sysfs.o
  CC      drivers/misc/mediatek/sspm/mt6781/../v2/sspm_reservedmem.o
  CC      drivers/misc/mediatek/sspm/mt6781/../v2/sspm_plt.o
  CC      drivers/misc/mediatek/scp/mt6785/../v01/scp_logger.o
  AR      drivers/misc/mediatek/smi/built-in.o
  AR      drivers/misc/mediatek/sensors-1.0/accelerometer/accelhub/built-in.o
  CC      drivers/misc/mediatek/sspm/mt6781/../v2/sspm_logger_impl.o
  AR      drivers/misc/mediatek/sensors-1.0/accelerometer/built-in.o
  CC      drivers/misc/mediatek/sched/eas_plus.o
  AR      drivers/misc/mediatek/sensors-1.0/alsps/alspshub/built-in.o
  AR      drivers/misc/mediatek/sensors-1.0/alsps/built-in.o
  AR      drivers/misc/mediatek/sensors-1.0/gyroscope/gyrohub/built-in.o
  CC      drivers/misc/mediatek/sensors-1.0/hwmon/hwmsen/hwmsen_helper.o
  AR      drivers/misc/mediatek/sensors-1.0/gyroscope/built-in.o
  CC      drivers/misc/mediatek/scp/mt6785/../v01/scp_l1c.o
  CC      drivers/misc/mediatek/sensors-1.0/magnetometer/mag.o
  CC      drivers/misc/mediatek/sensors-1.0/sensorHub/SCP_nanoHub/SCP_nanoHub.o
  CC      drivers/misc/mediatek/sensors-1.0/magnetometer/mag_factory.o
  CC      drivers/misc/mediatek/systracker/mt6785/systracker_platform.o
  CC      drivers/misc/mediatek/gpu/gpu_mali/mali_valhall/mali-r25p0/drivers/gpu/arm/midgard/mali_kbase_js.o
  CC      drivers/misc/mediatek/sensors-1.0/sensorHub/SCP_power_monitor/SCP_power_monitor.o
  CC      drivers/misc/mediatek/scp/mt6785/../v01/scp_scpctl.o
  CC      drivers/misc/mediatek/gpu/gpu_mali/mali_valhall/mali-r25p0/drivers/gpu/arm/midgard/mali_kbase_js_ctx_attr.o
  CC      drivers/misc/mediatek/gpu/gpu_mali/mali_valhall/mali-r25p0/drivers/gpu/arm/midgard/mali_kbase_kinstr_jm.o
  AR      drivers/misc/mediatek/sspm/mt6781/../v2/built-in.o
  CC      drivers/misc/mediatek/sensors-1.0/magnetometer/maghub/maghub.o
  AR      drivers/misc/mediatek/sspm/mt6781/built-in.o
  AR      drivers/misc/mediatek/sspm/built-in.o
  CC      drivers/misc/mediatek/task_turbo/task_turbo.o
  AR      drivers/misc/mediatek/sensors-1.0/sensorHub/SCP_power_monitor/built-in.o
  CC      drivers/misc/mediatek/gpu/gpu_mali/mali_valhall/mali-r25p0/drivers/gpu/arm/midgard/debug/backend/mali_kbase_debug_ktrace_jm.o
  AR      drivers/misc/mediatek/scp/mt6785/../v01/scp.o
"CONFIG_MICROTRUST_TEE_VERSION="300""
  AR      drivers/misc/mediatek/scp/mt6785/../v01/built-in.o
  CC      drivers/misc/mediatek/tee_sanity/tee_sanity.o
  CC      drivers/misc/mediatek/scp/mt6785/scp_feature_table.o
  AR      drivers/misc/mediatek/systracker/mt6785/built-in.o
"CONFIG_MICROTRUST_TEE_SUPPORT=y"
"CONFIG_MICROTRUST_TZ_DRIVER=y"
"CONFIG_MICROTRUST_VFS_DRIVER=y"
"CONFIG_MICROTRUST_FP_DRIVER=y"
"CONFIG_MICROTRUST_DEBUG="
"CONFIG_MICROTRUST_TEST_DRIVERS="
  CC      drivers/misc/mediatek/systracker/backtrace_64bit.o
  CC      drivers/misc/mediatek/gpu/gpu_mali/mali_valhall/mali-r25p0/drivers/gpu/arm/midgard/device/backend/mali_kbase_device_jm.o
  CC      drivers/misc/mediatek/teei/300/tee/tee_core.o
  AR      drivers/misc/mediatek/sensors-1.0/hwmon/hwmsen/built-in.o
  CC      drivers/misc/mediatek/sensors-1.0/hwmon/sensor_attributes/sensor_attr.o
  CC      drivers/misc/mediatek/sensors-1.0/hwmon/sensor_dts/sensor_dts.o
  CC      drivers/misc/mediatek/scp/mt6785/scp_awake.o
  AR      drivers/misc/mediatek/sched/built-in.o
  CC      drivers/misc/mediatek/scp/mt6785/scp_dvfs.o
  AR      drivers/misc/mediatek/sensors-1.0/magnetometer/maghub/built-in.o
  AR      drivers/misc/mediatek/sensors-1.0/magnetometer/built-in.o
  CC      drivers/misc/mediatek/teei/300/tee/tee_shm.o
  CC      drivers/misc/mediatek/sensors-1.0/sensorfusion/fusion.o
  AR      drivers/misc/mediatek/sensors-1.0/sensorHub/SCP_nanoHub/built-in.o
  AR      drivers/misc/mediatek/sensors-1.0/sensorHub/built-in.o
  CC      drivers/misc/mediatek/gpu/gpu_mali/mali_valhall/mali-r25p0/drivers/gpu/arm/midgard/gpu/backend/mali_kbase_gpu_fault_jm.o
  CC      drivers/misc/mediatek/sensors-1.0/situation/situation.o
  AR      drivers/misc/mediatek/systracker/built-in.o
  CC      drivers/misc/mediatek/sensors-1.0/step_counter/step_counter.o
  CC      drivers/misc/mediatek/thermal/mtk_thermal_monitor.o
  AR      drivers/misc/mediatek/tee_sanity/built-in.o
  AR      drivers/misc/mediatek/sensors-1.0/hwmon/sensor_attributes/built-in.o
  CC      drivers/misc/mediatek/sensors-1.0/step_counter/stepsignhub/stepsignhub.o
  CC      drivers/misc/mediatek/sensors-1.0/situation/device_orientation/device_orientation.o
  CC      drivers/misc/mediatek/sensors-1.0/situation/motion_detect/motion_detect.o
  AR      drivers/misc/mediatek/sensors-1.0/hwmon/sensor_dts/built-in.o
  CC      drivers/misc/mediatek/teei/300/tee/tee_shm_pool.o
  CC      drivers/misc/mediatek/sensors-1.0/hwmon/sensor_event/sensor_event.o
  CC      drivers/misc/mediatek/gpu/gpu_mali/mali_valhall/mali-r25p0/drivers/gpu/arm/midgard/tl/backend/mali_kbase_timeline_jm.o
  CC      drivers/misc/mediatek/sensors-1.0/sensorfusion/uncali_acchub/uncali_acchub.o
  AR      drivers/misc/mediatek/task_turbo/built-in.o
  AR      drivers/misc/mediatek/scp/mt6785/built-in.o
  CC      drivers/misc/mediatek/gpu/gpu_mali/mali_valhall/mali-r25p0/drivers/gpu/arm/midgard/mmu/backend/mali_kbase_mmu_jm.o
  AR      drivers/misc/mediatek/scp/built-in.o
  CC      drivers/misc/mediatek/teei/300/tee/tee_client_api.o
  CC      drivers/misc/mediatek/timer/timesync/mtk_sys_timer.o
  CC      drivers/misc/mediatek/timer/timesync/archcounter_timesync.o
TCORE_UT_TESTS_SUPPORT = n
TCORE_PROFILING_SUPPORT = n
TCORE_PROFILING_AUTO_DUMP = n
TCORE_MEMORY_LEAK_DETECTION_SUPPORT = n
  AR      drivers/misc/mediatek/sensors-1.0/situation/device_orientation/built-in.o
  AR      drivers/misc/mediatek/sensors-1.0/step_counter/stepsignhub/built-in.o
  CC      drivers/misc/mediatek/teei/300/tee/soter/core.o
  AR      drivers/misc/mediatek/sensors-1.0/step_counter/built-in.o
  CC      drivers/misc/mediatek/sensors-1.0/situation/pickup_gesture/pickup_gesture.o
  CC      drivers/misc/mediatek/trusted_mem/dev_mgr.o
  CC      drivers/misc/mediatek/sensors-1.0/hwmon/sensor_list/sensor_list.o
  CC      drivers/misc/mediatek/sensors-1.0/hwmon/sensor_performance/sensor_performance.o
  AR      drivers/misc/mediatek/sensors-1.0/situation/motion_detect/built-in.o
  CC      drivers/misc/mediatek/trusted_mem/entry.o
  AR      drivers/misc/mediatek/sensors-1.0/hwmon/sensor_event/built-in.o
  CC      drivers/misc/mediatek/sensors-1.0/situation/sar/sarhub.o
  CC      drivers/misc/mediatek/sensors-1.0/situation/sar/sar_factory.o
  AR      drivers/misc/mediatek/sensors-1.0/sensorfusion/uncali_acchub/built-in.o
  AR      drivers/misc/mediatek/pmic/mt6358/v1/built-in.o
  CC      drivers/misc/mediatek/sensors-1.0/sensorfusion/uncali_gyrohub/uncali_gyrohub.o
  CC      drivers/misc/mediatek/sensors-1.0/situation/tilt_detector/tiltdetecthub.o
  AR      drivers/misc/mediatek/pmic/mt6358/built-in.o
  CC      drivers/misc/mediatek/sensors-1.0/situation/wake_gesture/wake_gesture.o
  AR      drivers/misc/mediatek/sensors-1.0/hwmon/sensor_performance/built-in.o
  AR      drivers/misc/mediatek/pmic/built-in.o
  AR      drivers/misc/mediatek/timer/timesync/built-in.o
  AR      drivers/misc/mediatek/timer/built-in.o
  CC      drivers/misc/mediatek/teei/300/tee/soter/call.o
  CC      drivers/misc/mediatek/trusted_mem/region_mgr.o
  CC      drivers/misc/mediatek/gpu/gpu_mali/mali_valhall/mali-r25p0/drivers/gpu/arm/midgard/context/backend/mali_kbase_context_jm.o
  AR      drivers/misc/mediatek/sensors-1.0/situation/pickup_gesture/built-in.o
  CC      drivers/misc/mediatek/teei/300/teei_fp/fp_func.o
  CC      drivers/misc/mediatek/twam/spmtwam.o
  AR      drivers/misc/mediatek/sensors-1.0/hwmon/sensor_list/built-in.o
  CC      drivers/misc/mediatek/teei/300/tz_dcih/tz_dcih.o
  AR      drivers/misc/mediatek/sensors-1.0/hwmon/built-in.o
  CC      drivers/misc/mediatek/typec/u3_switch/usb_switch.o
  CC      drivers/misc/mediatek/thermal/mtk_cooler_shutdown.o
  AR      drivers/misc/mediatek/teei/300/tee/tee.o
  CC      drivers/misc/mediatek/trusted_mem/ssmr_mgr.o
  CC      drivers/misc/mediatek/teei/300/tz_vfs/vfsFun.o
  CC      drivers/misc/mediatek/typec/tcpc/tcpci_dual_role.o
  CC      drivers/misc/mediatek/thermal/mtk_cooler_backlight_cus.o
  CC      drivers/misc/mediatek/teei/300/tz_driver/teei_client_main.o
  AR      drivers/misc/mediatek/sensors-1.0/sensorfusion/uncali_gyrohub/built-in.o
  CC      drivers/misc/mediatek/sensors-1.0/sensorfusion/uncali_maghub/uncali_maghub.o
  AR      drivers/misc/mediatek/sensors-1.0/situation/sar/built-in.o
  CC      drivers/misc/mediatek/teei/300/tz_vfs/fp_vendor.o
  AR      drivers/misc/mediatek/sensors-1.0/situation/wake_gesture/built-in.o
  AR      drivers/misc/mediatek/sensors-1.0/situation/tilt_detector/built-in.o
  AR      drivers/misc/mediatek/sensors-1.0/situation/built-in.o
  CC      drivers/misc/mediatek/trusted_mem/peer_mgr.o
  CC      drivers/misc/mediatek/trusted_mem/proc.o
  AR      drivers/misc/mediatek/teei/300/tee/soter/soter.o
  AR      drivers/misc/mediatek/teei/300/tee/soter/built-in.o
  AR      drivers/misc/mediatek/teei/300/tee/built-in.o
  CC      drivers/misc/mediatek/thermal/mtk_cooler_flashlight_cus.o
  CC      drivers/misc/mediatek/teei/300/ut_keymaster/ut_keymaster.o
  CC      drivers/misc/mediatek/teei/300/tz_dcih/tz_dcih_test.o
  CC      drivers/misc/mediatek/thermal/mtk_cooler_kshutdown.o
  AR      drivers/misc/mediatek/typec/u3_switch/built-in.o
  CC      drivers/misc/mediatek/thermal/mtk_cooler_cam.o
  CC      drivers/misc/mediatek/typec/tcpc/tcpc_rt1711h.o
  CC      drivers/misc/mediatek/thermal/common/mtk_thermal_platform.o
  AR      drivers/misc/mediatek/teei/300/teei_fp/built-in.o
  AR      drivers/misc/mediatek/sensors-1.0/sensorfusion/uncali_maghub/built-in.o
  CC      drivers/misc/mediatek/thermal/common/ap_thermal_limit.o
  CC      drivers/misc/mediatek/teei/300/tz_driver/fdrv.o
  AR      drivers/misc/mediatek/sensors-1.0/sensorfusion/built-in.o
  AR      drivers/misc/mediatek/sensors-1.0/built-in.o
  AR      drivers/misc/mediatek/teei/300/tz_vfs/built-in.o
  CC      drivers/misc/mediatek/trusted_mem/alloc_api.o
../drivers/misc/mediatek/teei/300/tz_driver/teei_client_main.c:67:6: warning: 'CONFIG_MICROTRUST_TZ_DRIVER_MTK_BOOTPROF' is not defined, evaluates to 0 [-Wundef]
#if (CONFIG_MICROTRUST_TZ_DRIVER_MTK_BOOTPROF && CONFIG_MTPROF)
     ^
1 warning generated.
  CC      drivers/misc/mediatek/gpu/gpu_mali/mali_valhall/mali-r25p0/drivers/gpu/arm/midgard/mali_gputrace.o
  CC      drivers/misc/mediatek/thermal/mt6781/src/mtk_lvts_tc.o
  CC      drivers/misc/mediatek/udi/udi_v3/mtk_udi.o
  CC      drivers/misc/mediatek/usb_boost/usb_boost.o
  CC      drivers/misc/mediatek/usb20/mt6781/usb20.o
  AR      drivers/misc/mediatek/teei/300/tz_dcih/built-in.o
../drivers/misc/mediatek/teei/300/tz_driver/teei_client_main.c:67:6: warning: 'CONFIG_MICROTRUST_TZ_DRIVER_MTK_BOOTPROF' is not defined, evaluates to 0 [-Wundef]
#if (CONFIG_MICROTRUST_TZ_DRIVER_MTK_BOOTPROF && CONFIG_MTPROF)
     ^
  CC      drivers/misc/mediatek/thermal/mt6781/src/mtk_tc_wrapper.o
  AR      drivers/misc/mediatek/teei/300/ut_keymaster/built-in.o
  CC      drivers/misc/mediatek/usb20/musb_core.o
1 warning generated.
  CC      drivers/misc/mediatek/usb20/musb_gadget_ep0.o
  CC      drivers/misc/mediatek/usb20/musb_gadget.o
  AR      drivers/misc/mediatek/twam/built-in.o
  CC      drivers/misc/mediatek/vdec_fmt/vdec_fmt_driver.o
  CC      drivers/misc/mediatek/zone_movable_cma/single_cma.o
  CC      drivers/misc/mediatek/trusted_mem/mpu_vio_checker.o
  CC      drivers/misc/mediatek/gpu/gpu_mali/mali_valhall/mali-r25p0/drivers/gpu/arm/midgard/platform/mt6781/mali_kbase_config_mt6781.o
  CC      drivers/misc/mediatek/typec/tcpc/tcpci_core.o
  CC      drivers/misc/mediatek/trusted_mem/tee_devices.o
  AR      drivers/misc/mediatek/udi/udi_v3/built-in.o
  AR      drivers/misc/mediatek/udi/built-in.o
  CC      drivers/misc/mediatek/teei/300/tz_driver/backward_driver.o
  CC      drivers/misc/mediatek/trusted_mem/tee_impl/tee_invoke.o
  CC      drivers/misc/mediatek/usb_boost/v1/usb_boost_plat.o
  CC      drivers/misc/mediatek/thermal/mt6781/src/mtk_thermal_ipi.o
  CC      drivers/misc/mediatek/thermal/common/coolers/mtk_ta.o
  CC      drivers/misc/mediatek/usb20/mt6781/usb20_phy.o
  CC      drivers/misc/mediatek/zone_movable_cma/zmc_notify.o
  CC      drivers/misc/mediatek/trusted_mem/tee_impl/tee_ops.o
  CC      drivers/misc/mediatek/usb20/musb_virthub.o
  AR      drivers/misc/mediatek/zone_movable_cma/built-in.o
  CC      drivers/misc/mediatek/usb20/musb_host.o
  AR      drivers/misc/mediatek/usb_boost/v1/built-in.o
  CC      drivers/misc/mediatek/trusted_mem/mtee_devices.o
  AR      drivers/misc/mediatek/usb_boost/built-in.o
  CC      drivers/misc/mediatek/teei/300/tz_driver/irq_register.o
  CC      drivers/misc/mediatek/trusted_mem/mtee_impl/mtee_ops.o
  CC      drivers/misc/mediatek/thermal/common/coolers/mtk_cooler_mutt.o
  CC      drivers/misc/mediatek/thermal/mt6781/src/mtk_pmic_efuse.o
  CC      drivers/misc/mediatek/gpu/gpu_mali/mali_valhall/mali-r25p0/drivers/gpu/arm/midgard/platform/mt6781/mali_kbase_cpu_mt6781.o
  CC      drivers/misc/mediatek/teei/300/tz_driver/notify_queue.o
  CC      drivers/misc/mediatek/typec/tcpc/tcpci_typec.o
  CC      drivers/misc/mediatek/vdec_fmt/mt6781/vdec_fmt_pm.o
  CC      drivers/misc/mediatek/gpu/gpu_mali/mali_valhall/mali-r25p0/drivers/gpu/arm/midgard/mali_kbase_sync_file.o
  CC      drivers/misc/mediatek/trusted_mem/mtee_impl/mtee_invoke.o
  CC      drivers/misc/mediatek/usb20/musbhsdma.o
  CC      drivers/misc/mediatek/usb20/mt6781/usb20_host.o
  CC      drivers/misc/mediatek/usb20/mtk_qmu.o
  CC      drivers/misc/mediatek/usb20/musb_qmu.o
  AR      drivers/misc/mediatek/trusted_mem/trusted_mem.o
  AR      drivers/misc/mediatek/trusted_mem/tee_impl.o
  CC      drivers/misc/mediatek/usb20/mtk_dual_role.o
  CC      drivers/misc/mediatek/teei/300/tz_driver/teei_fp.o
  CC      drivers/misc/mediatek/teei/300/tz_driver/teei_smc_call.o
  AR      drivers/misc/mediatek/trusted_mem/mtee_impl.o
  AR      drivers/misc/mediatek/trusted_mem/built-in.o
  CC      drivers/misc/mediatek/teei/300/tz_driver/tz_log.o
  CC      drivers/misc/mediatek/thermal/mt6781/src/mtk_ts_6366vcore.o
  CC      drivers/misc/mediatek/thermal/common/coolers/mtk_cooler_bcct_v1.o
  CC      drivers/misc/mediatek/vdec_fmt/vdec_fmt_ion.o
  CC      drivers/misc/mediatek/vdec_fmt/vdec_fmt_sync.o
  CC      drivers/misc/mediatek/thermal/common/coolers/mtk_cooler_atm.o
  CC      drivers/misc/mediatek/gpu/gpu_mali/mali_valhall/mali-r25p0/drivers/gpu/arm/midgard/mali_kbase_sync_common.o
  CC      drivers/misc/mediatek/typec/tcpc/tcpci_timer.o
  CC      drivers/misc/mediatek/teei/300/tz_driver/switch_queue.o
../drivers/misc/mediatek/teei/300/tz_driver/teei_smc_call.c:29:9: warning: 'IMSG_TAG' macro redefined [-Wmacro-redefined]
#define IMSG_TAG "[tz_driver]"
        ^
../drivers/misc/mediatek/teei/300/common/include/imsg_log.h:19:9: note: previous definition is here
#define IMSG_TAG "[ISEE DRV]"
        ^
1 warning generated.
  CC      drivers/misc/mediatek/gpu/gpu_mali/mali_valhall/mali-r25p0/drivers/gpu/arm/midgard/mali_kbase_fence.o
  CC      drivers/misc/mediatek/teei/300/tz_driver/teei_keymaster.o
  CC      drivers/misc/mediatek/gpu/gpu_mali/mali_valhall/mali-r25p0/drivers/gpu/arm/midgard/backend/gpu/mali_kbase_cache_policy_backend.o
../drivers/misc/mediatek/teei/300/tz_driver/teei_smc_call.c:29:9: warning: 'IMSG_TAG' macro redefined [-Wmacro-redefined]
#define IMSG_TAG "[tz_driver]"
        ^
../drivers/misc/mediatek/teei/300/common/include/imsg_log.h:19:9: note: previous definition is here
#define IMSG_TAG "[ISEE DRV]"
        ^
1 warning generated.
  CC      drivers/misc/mediatek/teei/300/tz_driver/teei_cancel_cmd.o
  AR      drivers/misc/mediatek/vdec_fmt/built-in.o
  CC      drivers/misc/mediatek/typec/tcpc/tcpm.o
  CC      drivers/misc/mediatek/teei/300/tz_driver/teei_client_transfer_data.o
  CC      drivers/misc/mediatek/teei/300/tz_driver/sysfs.o
  AR      drivers/misc/mediatek/usb20/mt6781/built-in.o
  CC      drivers/misc/mediatek/teei/300/tz_driver/teei_task_link.o
  CC      drivers/misc/mediatek/thermal/mt6781/src/mtk_ts_6366vproc.o
../drivers/misc/mediatek/teei/300/tz_driver/switch_queue.c:46:9: warning: 'IMSG_TAG' macro redefined [-Wmacro-redefined]
#define IMSG_TAG "[tz_driver]"
        ^
../drivers/misc/mediatek/teei/300/common/include/imsg_log.h:19:9: note: previous definition is here
#define IMSG_TAG "[ISEE DRV]"
        ^
../drivers/misc/mediatek/teei/300/tz_driver/switch_queue.c:162:26: warning: unused variable 's' [-Wunused-variable]
        struct tz_driver_state *s = get_tz_drv_state();
                                ^
2 warnings generated.
  CC      drivers/misc/mediatek/gpu/gpu_mali/mali_valhall/mali-r25p0/drivers/gpu/arm/midgard/backend/gpu/mali_kbase_device_hw.o
  CC      drivers/misc/mediatek/thermal/mt6781/src/mtk_ts_6366vgpu.o
  CC      drivers/misc/mediatek/thermal/mt6781/src/mtk_ts_6366tsx.o
  CC      drivers/misc/mediatek/typec/tcpc/tcpci.o
  CC      drivers/misc/mediatek/typec/tcpc/pd_dbg_info.o
  CC      drivers/misc/mediatek/typec/tcpc/tcpci_alert.o
  CC      drivers/misc/mediatek/thermal/common/coolers/mtk_cooler_dtm.o
  CC      drivers/misc/mediatek/typec/tcpc/tcpci_event.o
  CC      drivers/misc/mediatek/typec/tcpc/pd_core.o
  CC      drivers/misc/mediatek/thermal/common/coolers/mtk_cooler_sysrst.o
  CC      drivers/misc/mediatek/gpu/gpu_mali/mali_valhall/mali-r25p0/drivers/gpu/arm/midgard/backend/gpu/mali_kbase_gpuprops_backend.o
  AR      drivers/misc/mediatek/teei/300/tz_driver/teei.o
  AR      drivers/misc/mediatek/teei/300/tz_driver/built-in.o
  AR      drivers/misc/mediatek/teei/300/built-in.o
  AR      drivers/misc/mediatek/teei/built-in.o
  AR      drivers/misc/mediatek/usb20/musb_hdrc.o
  AR      drivers/misc/mediatek/usb20/built-in.o
  CC      drivers/misc/mediatek/gpu/gpu_mali/mali_valhall/mali-r25p0/drivers/gpu/arm/midgard/backend/gpu/mali_kbase_irq_linux.o
  CC      drivers/misc/mediatek/gpu/gpu_mali/mali_valhall/mali-r25p0/drivers/gpu/arm/midgard/backend/gpu/mali_kbase_instr_backend.o
  CC      drivers/misc/mediatek/thermal/common/coolers/mtk_cooler_VR_FPS.o
  CC      drivers/misc/mediatek/typec/tcpc/pd_policy_engine.o
  CC      drivers/misc/mediatek/gpu/gpu_mali/mali_valhall/mali-r25p0/drivers/gpu/arm/midgard/backend/gpu/mali_kbase_js_backend.o
  CC      drivers/misc/mediatek/thermal/mt6781/src/mtk_ts_6366dcxo.o
  CC      drivers/misc/mediatek/gpu/gpu_mali/mali_valhall/mali-r25p0/drivers/gpu/arm/midgard/backend/gpu/mali_kbase_pm_backend.o
  CC      drivers/misc/mediatek/gpu/gpu_mali/mali_valhall/mali-r25p0/drivers/gpu/arm/midgard/backend/gpu/mali_kbase_pm_driver.o
  CC      drivers/misc/mediatek/typec/tcpc/pd_process_evt.o
  CC      drivers/misc/mediatek/typec/tcpc/pd_dpm_core.o
  CC      drivers/misc/mediatek/typec/tcpc/pd_dpm_uvdm.o
  CC      drivers/misc/mediatek/thermal/common/coolers/mtk_cooler_mutt_gen97.o
  CC      drivers/misc/mediatek/thermal/common/coolers/mtk_cooler_gpu_cus.o
  CC      drivers/misc/mediatek/typec/tcpc/pd_dpm_alt_mode_dp.o
  CC      drivers/misc/mediatek/gpu/gpu_mali/mali_valhall/mali-r25p0/drivers/gpu/arm/midgard/backend/gpu/mali_kbase_pm_metrics.o
  CC      drivers/misc/mediatek/gpu/gpu_mali/mali_valhall/mali-r25p0/drivers/gpu/arm/midgard/backend/gpu/mali_kbase_pm_ca.o
  CC      drivers/misc/mediatek/thermal/common/coolers/mtk_cooler_char_curr_cus.o
  CC      drivers/misc/mediatek/typec/tcpc/pd_dpm_pdo_select.o
  CC      drivers/misc/mediatek/gpu/gpu_mali/mali_valhall/mali-r25p0/drivers/gpu/arm/midgard/backend/gpu/mali_kbase_pm_always_on.o
  CC      drivers/misc/mediatek/gpu/gpu_mali/mali_valhall/mali-r25p0/drivers/gpu/arm/midgard/backend/gpu/mali_kbase_pm_coarse_demand.o
  CC      drivers/misc/mediatek/typec/tcpc/pd_dpm_reaction.o
  AR      drivers/misc/mediatek/thermal/mt6781/src/built-in.o
  CC      drivers/misc/mediatek/typec/tcpc/pd_process_evt_snk.o
  AR      drivers/misc/mediatek/thermal/mt6781/built-in.o
  CC      drivers/misc/mediatek/typec/tcpc/pd_process_evt_src.o
  CC      drivers/misc/mediatek/typec/tcpc/pd_process_evt_vdm.o
  CC      drivers/misc/mediatek/gpu/gpu_mali/mali_valhall/mali-r25p0/drivers/gpu/arm/midgard/backend/gpu/mali_kbase_pm_policy.o
  CC      drivers/misc/mediatek/thermal/common/coolers/mtk_cooler_md_cus.o
  CC      drivers/misc/mediatek/gpu/gpu_mali/mali_valhall/mali-r25p0/drivers/gpu/arm/midgard/backend/gpu/mali_kbase_time.o
  CC      drivers/misc/mediatek/typec/tcpc/pd_process_evt_drs.o
  CC      drivers/misc/mediatek/typec/tcpc/pd_process_evt_prs.o
  CC      drivers/misc/mediatek/typec/tcpc/pd_process_evt_vcs.o
  CC      drivers/misc/mediatek/gpu/gpu_mali/mali_valhall/mali-r25p0/drivers/gpu/arm/midgard/backend/gpu/mali_kbase_l2_mmu_config.o
  CC      drivers/misc/mediatek/gpu/gpu_mali/mali_valhall/mali-r25p0/drivers/gpu/arm/midgard/backend/gpu/mali_kbase_clk_rate_trace_mgr.o
  CC      drivers/misc/mediatek/gpu/gpu_mali/mali_valhall/mali-r25p0/drivers/gpu/arm/midgard/backend/gpu/mali_kbase_jm_as.o
  CC      drivers/misc/mediatek/typec/tcpc/pd_process_evt_dbg.o
  CC      drivers/misc/mediatek/gpu/gpu_mali/mali_valhall/mali-r25p0/drivers/gpu/arm/midgard/backend/gpu/mali_kbase_debug_job_fault_backend.o
  CC      drivers/misc/mediatek/gpu/gpu_mali/mali_valhall/mali-r25p0/drivers/gpu/arm/midgard/backend/gpu/mali_kbase_jm_hw.o
  CC      drivers/misc/mediatek/typec/tcpc/pd_process_evt_tcp.o
  CC      drivers/misc/mediatek/typec/tcpc/pd_process_evt_com.o
  CC      drivers/misc/mediatek/typec/tcpc/pd_policy_engine_src.o
  CC      drivers/misc/mediatek/typec/tcpc/pd_policy_engine_snk.o
  AR      drivers/misc/mediatek/thermal/common/coolers/built-in.o
  CC      drivers/misc/mediatek/gpu/gpu_mali/mali_valhall/mali-r25p0/drivers/gpu/arm/midgard/backend/gpu/mali_kbase_jm_rb.o
  CC      drivers/misc/mediatek/typec/tcpc/pd_policy_engine_ufp.o
  CC      drivers/misc/mediatek/thermal/common/mtk_thermal_timer.o
  CC      drivers/misc/mediatek/typec/tcpc/pd_policy_engine_vcs.o
  CC      drivers/misc/mediatek/typec/tcpc/pd_policy_engine_dfp.o
  CC      drivers/misc/mediatek/typec/tcpc/pd_policy_engine_dr.o
  CC      drivers/misc/mediatek/thermal/common/thermal_zones/mtk_ts_battery.o
  CC      drivers/misc/mediatek/thermal/common/thermal_zones/mtk_ts_bts.o
  CC      drivers/misc/mediatek/thermal/common/thermal_zones/mtk_ts_btsmdpa.o
  CC      drivers/misc/mediatek/typec/tcpc/pd_policy_engine_drs.o
  CC      drivers/misc/mediatek/typec/tcpc/pd_policy_engine_dbg.o
  CC      drivers/misc/mediatek/typec/tcpc/pd_policy_engine_prs.o
  CC      drivers/misc/mediatek/thermal/common/thermal_zones/mtk_ts_cpu_noBank.o
  CC      drivers/misc/mediatek/typec/tcpc/pd_policy_engine_com.o
  CC      drivers/misc/mediatek/thermal/common/thermal_zones/mtk_ts_pa.o
  CC      drivers/misc/mediatek/typec/tcpc/pd_dpm_alt_mode_dc.o
  CC      drivers/misc/mediatek/thermal/common/thermal_zones/mtk_ts_pa_thput.o
  CC      drivers/misc/mediatek/thermal/common/thermal_zones/mtk_ts_pmic.o
  CC      drivers/misc/mediatek/thermal/common/thermal_zones/mtk_ts_charger.o
  CC      drivers/misc/mediatek/thermal/common/thermal_zones/mtk_ts_maincharger.o
  CC      drivers/misc/mediatek/thermal/common/thermal_zones/mtk_ts_subcharger.o
  CC      drivers/misc/mediatek/thermal/common/thermal_zones/mtk_ts_fled.o
  CC      drivers/misc/mediatek/thermal/common/thermal_zones/mtk_ts_wmt.o
  CC      drivers/misc/mediatek/thermal/common/thermal_zones/mtk_tsAll.o
  CC      drivers/misc/mediatek/thermal/common/thermal_zones/mtk_ts_imgsensor.o
  AR      drivers/misc/mediatek/gpu/gpu_mali/mali_valhall/mali-r25p0/drivers/gpu/arm/midgard/mali_kbase.o
  AR      drivers/misc/mediatek/gpu/gpu_mali/mali_valhall/mali-r25p0/drivers/gpu/arm/midgard/built-in.o
  AR      drivers/misc/mediatek/gpu/gpu_mali/mali_valhall/built-in.o
  AR      drivers/misc/mediatek/gpu/gpu_mali/built-in.o
  AR      drivers/misc/mediatek/gpu/built-in.o
  AR      drivers/misc/mediatek/typec/tcpc/built-in.o
  AR      drivers/misc/mediatek/typec/built-in.o
  AR      drivers/misc/mediatek/thermal/common/thermal_zones/built-in.o
  AR      drivers/misc/mediatek/thermal/common/built-in.o
  AR      drivers/misc/mediatek/thermal/built-in.o
  AR      drivers/misc/mediatek/built-in.o
  AR      drivers/misc/built-in.o
  AR      drivers/built-in.o
  GEN     .version
  CHK     include/generated/compile.h
  UPD     include/generated/compile.h
  CC      init/version.o
  AR      init/built-in.o
  AR      built-in.o
  LD      vmlinux.o
  MODPOST vmlinux.o
  KSYM    .tmp_kallsyms1.o
  KSYM    .tmp_kallsyms2.o
  LD      vmlinux
  SORTEX  vmlinux
  SYSMAP  System.map
  OBJCOPY arch/arm64/boot/Image
  Building modules, stage 2.
  MODPOST 1 modules
  CC      drivers/video/backlight/lcd.mod.o
  GZIP    arch/arm64/boot/Image.gz
  LD [M]  drivers/video/backlight/lcd.ko
  DTC     arch/arm64/boot/dts/mediatek/mt6781.dtb
In file included from ../arch/arm64/boot/dts/mediatek/mt6781.dts:26:
../scripts/dtc/include-prefixes/dt-bindings/pinctrl/mt6781-pinfunc.h:397:9: warning: 'PINMUX_GPIO61__FUNC_IO_JTAG_TDI' macro redefined [-Wmacro-redefined]
#define PINMUX_GPIO61__FUNC_IO_JTAG_TDI (MTK_PIN_NO(61) | 7)
        ^
../scripts/dtc/include-prefixes/dt-bindings/pinctrl/mt6781-pinfunc.h:396:9: note: previous definition is here
#define PINMUX_GPIO61__FUNC_IO_JTAG_TDI (MTK_PIN_NO(61) | 6)
        ^
../scripts/dtc/include-prefixes/dt-bindings/pinctrl/mt6781-pinfunc.h:406:9: warning: 'PINMUX_GPIO62__FUNC_IO_JTAG_TRSTN' macro redefined [-Wmacro-redefined]
#define PINMUX_GPIO62__FUNC_IO_JTAG_TRSTN (MTK_PIN_NO(62) | 7)
        ^
../scripts/dtc/include-prefixes/dt-bindings/pinctrl/mt6781-pinfunc.h:405:9: note: previous definition is here
#define PINMUX_GPIO62__FUNC_IO_JTAG_TRSTN (MTK_PIN_NO(62) | 6)
        ^
../scripts/dtc/include-prefixes/dt-bindings/pinctrl/mt6781-pinfunc.h:415:9: warning: 'PINMUX_GPIO63__FUNC_IO_JTAG_TCK' macro redefined [-Wmacro-redefined]
#define PINMUX_GPIO63__FUNC_IO_JTAG_TCK (MTK_PIN_NO(63) | 7)
        ^
../scripts/dtc/include-prefixes/dt-bindings/pinctrl/mt6781-pinfunc.h:414:9: note: previous definition is here
#define PINMUX_GPIO63__FUNC_IO_JTAG_TCK (MTK_PIN_NO(63) | 6)
        ^
../scripts/dtc/include-prefixes/dt-bindings/pinctrl/mt6781-pinfunc.h:424:9: warning: 'PINMUX_GPIO64__FUNC_IO_JTAG_TDO' macro redefined [-Wmacro-redefined]
#define PINMUX_GPIO64__FUNC_IO_JTAG_TDO (MTK_PIN_NO(64) | 7)
        ^
../scripts/dtc/include-prefixes/dt-bindings/pinctrl/mt6781-pinfunc.h:423:9: note: previous definition is here
#define PINMUX_GPIO64__FUNC_IO_JTAG_TDO (MTK_PIN_NO(64) | 6)
        ^
../scripts/dtc/include-prefixes/dt-bindings/pinctrl/mt6781-pinfunc.h:433:9: warning: 'PINMUX_GPIO65__FUNC_IO_JTAG_TMS' macro redefined [-Wmacro-redefined]
#define PINMUX_GPIO65__FUNC_IO_JTAG_TMS (MTK_PIN_NO(65) | 7)
        ^
../scripts/dtc/include-prefixes/dt-bindings/pinctrl/mt6781-pinfunc.h:432:9: note: previous definition is here
#define PINMUX_GPIO65__FUNC_IO_JTAG_TMS (MTK_PIN_NO(65) | 6)
        ^
../scripts/dtc/include-prefixes/dt-bindings/pinctrl/mt6781-pinfunc.h:442:9: warning: 'PINMUX_GPIO66__FUNC_DAP_MD32_SWD' macro redefined [-Wmacro-redefined]
#define PINMUX_GPIO66__FUNC_DAP_MD32_SWD (MTK_PIN_NO(66) | 7)
        ^
../scripts/dtc/include-prefixes/dt-bindings/pinctrl/mt6781-pinfunc.h:441:9: note: previous definition is here
#define PINMUX_GPIO66__FUNC_DAP_MD32_SWD (MTK_PIN_NO(66) | 6)
        ^
../scripts/dtc/include-prefixes/dt-bindings/pinctrl/mt6781-pinfunc.h:451:9: warning: 'PINMUX_GPIO67__FUNC_DAP_MD32_SWCK' macro redefined [-Wmacro-redefined]
#define PINMUX_GPIO67__FUNC_DAP_MD32_SWCK (MTK_PIN_NO(67) | 7)
        ^
../scripts/dtc/include-prefixes/dt-bindings/pinctrl/mt6781-pinfunc.h:450:9: note: previous definition is here
#define PINMUX_GPIO67__FUNC_DAP_MD32_SWCK (MTK_PIN_NO(67) | 6)
        ^
7 warnings generated.
arch/arm64/boot/dts/mediatek/mt6781.dtb: Warning (reg_format): "reg" property in /i2c3@1100f000/sc8551-charger@66 has invalid length (4 bytes) (#address-cells == 2, #size-cells == 1)
arch/arm64/boot/dts/mediatek/mt6781.dtb: Warning (reg_format): "reg" property in /i2c3@1100f000/ln8000-charger@51 has invalid length (4 bytes) (#address-cells == 2, #size-cells == 1)
arch/arm64/boot/dts/mediatek/mt6781.dtb: Warning (reg_format): "reg" property in /i2c5@11016000/rt5133@18 has invalid length (4 bytes) (#address-cells == 2, #size-cells == 1)
arch/arm64/boot/dts/mediatek/mt6781.dtb: Warning (reg_format): "reg" property in /i2c5@11016000/sc8551-charger@66 has invalid length (4 bytes) (#address-cells == 2, #size-cells == 1)
arch/arm64/boot/dts/mediatek/mt6781.dtb: Warning (reg_format): "reg" property in /i2c5@11016000/ln8000-charger@51 has invalid length (4 bytes) (#address-cells == 2, #size-cells == 1)
arch/arm64/boot/dts/mediatek/mt6781.dtb: Warning (avoid_default_addr_size): Relying on default #address-cells value for /i2c3@1100f000/sc8551-charger@66
arch/arm64/boot/dts/mediatek/mt6781.dtb: Warning (avoid_default_addr_size): Relying on default #size-cells value for /i2c3@1100f000/sc8551-charger@66
arch/arm64/boot/dts/mediatek/mt6781.dtb: Warning (avoid_default_addr_size): Relying on default #address-cells value for /i2c3@1100f000/ln8000-charger@51
arch/arm64/boot/dts/mediatek/mt6781.dtb: Warning (avoid_default_addr_size): Relying on default #size-cells value for /i2c3@1100f000/ln8000-charger@51
arch/arm64/boot/dts/mediatek/mt6781.dtb: Warning (avoid_default_addr_size): Relying on default #address-cells value for /i2c5@11016000/rt5133@18
arch/arm64/boot/dts/mediatek/mt6781.dtb: Warning (avoid_default_addr_size): Relying on default #size-cells value for /i2c5@11016000/rt5133@18
arch/arm64/boot/dts/mediatek/mt6781.dtb: Warning (avoid_default_addr_size): Relying on default #address-cells value for /i2c5@11016000/sc8551-charger@66
arch/arm64/boot/dts/mediatek/mt6781.dtb: Warning (avoid_default_addr_size): Relying on default #size-cells value for /i2c5@11016000/sc8551-charger@66
arch/arm64/boot/dts/mediatek/mt6781.dtb: Warning (avoid_default_addr_size): Relying on default #address-cells value for /i2c5@11016000/ln8000-charger@51
arch/arm64/boot/dts/mediatek/mt6781.dtb: Warning (avoid_default_addr_size): Relying on default #size-cells value for /i2c5@11016000/ln8000-charger@51
  CAT     arch/arm64/boot/Image.gz-dtb
make[1]: Leaving directory '/workspace/ubuntussh/HVKernel-Viva/out'
